Archive member included because of file (symbol)

C:\Users\Phuong\AppData\Local\arduino15\packages\arduino\hardware\sam\1.6.11\variants\arduino_due_x/libsam_sam3x8e_gcc_rel.a(pio.o)
                              C:\Users\Phuong\AppData\Local\Temp\VMBuilds\Sketch1\arduino_due_x_dbg\Debug\variant\variant.cpp.o (PIO_Configure)
C:\Users\Phuong\AppData\Local\arduino15\packages\arduino\hardware\sam\1.6.11\variants\arduino_due_x/libsam_sam3x8e_gcc_rel.a(pmc.o)
                              C:\Users\Phuong\AppData\Local\Temp\VMBuilds\Sketch1\arduino_due_x_dbg\Debug\DueTimer\DueTimer.cpp.o (pmc_enable_periph_clk)
C:\Users\Phuong\AppData\Local\arduino15\packages\arduino\hardware\sam\1.6.11\variants\arduino_due_x/libsam_sam3x8e_gcc_rel.a(tc.o)
                              C:\Users\Phuong\AppData\Local\Temp\VMBuilds\Sketch1\arduino_due_x_dbg\Debug\DueTimer\DueTimer.cpp.o (TC_Configure)
C:\Users\Phuong\AppData\Local\arduino15\packages\arduino\hardware\sam\1.6.11\variants\arduino_due_x/libsam_sam3x8e_gcc_rel.a(system_sam3xa.o)
                              C:\Users\Phuong\AppData\Local\Temp\VMBuilds\Sketch1\arduino_due_x_dbg\Debug\variant\variant.cpp.o (SystemInit)
C:\Users\Phuong\AppData\Local\arduino15\packages\arduino\hardware\sam\1.6.11\variants\arduino_due_x/libsam_sam3x8e_gcc_rel.a(startup_sam3xa.o)
                              (Reset_Handler)
C:\Users\Phuong\AppData\Local\arduino15\packages\arduino\hardware\sam\1.6.11\variants\arduino_due_x/libsam_sam3x8e_gcc_rel.a(adc.o)
                              C:\Users\Phuong\AppData\Local\Temp\VMBuilds\Sketch1\arduino_due_x_dbg\Debug\variant\variant.cpp.o (adc_init)
C:\Users\Phuong\AppData\Local\arduino15\packages\arduino\hardware\sam\1.6.11\variants\arduino_due_x/libsam_sam3x8e_gcc_rel.a(uotghs.o)
                              C:\Users\Phuong\AppData\Local\arduino15\packages\arduino\hardware\sam\1.6.11\variants\arduino_due_x/libsam_sam3x8e_gcc_rel.a(startup_sam3xa.o) (UOTGHS_Handler)
C:\Users\Phuong\AppData\Local\Temp\VMBuilds\Sketch1\arduino_due_x_dbg\Debug/core.a(cortex_handlers.c.o)
                              C:\Users\Phuong\AppData\Local\arduino15\packages\arduino\hardware\sam\1.6.11\variants\arduino_due_x/libsam_sam3x8e_gcc_rel.a(startup_sam3xa.o) (NMI_Handler)
C:\Users\Phuong\AppData\Local\Temp\VMBuilds\Sketch1\arduino_due_x_dbg\Debug/core.a(hooks.c.o)
                              C:\Users\Phuong\AppData\Local\Temp\VMBuilds\Sketch1\arduino_due_x_dbg\Debug/core.a(cortex_handlers.c.o) (sysTickHook)
C:\Users\Phuong\AppData\Local\Temp\VMBuilds\Sketch1\arduino_due_x_dbg\Debug/core.a(syscalls_sam3.c.o)
                              (_sbrk)
C:\Users\Phuong\AppData\Local\Temp\VMBuilds\Sketch1\arduino_due_x_dbg\Debug/core.a(wiring.c.o)
                              C:\Users\Phuong\AppData\Local\Temp\VMBuilds\Sketch1\arduino_due_x_dbg\Debug\Sketch1.cpp.o (millis)
C:\Users\Phuong\AppData\Local\Temp\VMBuilds\Sketch1\arduino_due_x_dbg\Debug/core.a(wiring_analog.c.o)
                              C:\Users\Phuong\AppData\Local\Temp\VMBuilds\Sketch1\arduino_due_x_dbg\Debug\variant\variant.cpp.o (analogOutputInit)
C:\Users\Phuong\AppData\Local\Temp\VMBuilds\Sketch1\arduino_due_x_dbg\Debug/core.a(wiring_digital.c.o)
                              C:\Users\Phuong\AppData\Local\Temp\VMBuilds\Sketch1\arduino_due_x_dbg\Debug\Sketch1.cpp.o (pinMode)
C:\Users\Phuong\AppData\Local\Temp\VMBuilds\Sketch1\arduino_due_x_dbg\Debug/core.a(main.cpp.o)
                              c:/users/phuong/appdata/local/arduino15/packages/arduino/tools/arm-none-eabi-gcc/4.8.3-2014q1/bin/../lib/gcc/arm-none-eabi/4.8.3/../../../../arm-none-eabi/lib/armv7-m/crt0.o (main)
C:\Users\Phuong\AppData\Local\Temp\VMBuilds\Sketch1\arduino_due_x_dbg\Debug/core.a(Print.cpp.o)
                              C:\Users\Phuong\AppData\Local\Temp\VMBuilds\Sketch1\arduino_due_x_dbg\Debug\Sketch1.cpp.o (Print::print(char const*))
C:\Users\Phuong\AppData\Local\Temp\VMBuilds\Sketch1\arduino_due_x_dbg\Debug/core.a(Reset.cpp.o)
                              C:\Users\Phuong\AppData\Local\Temp\VMBuilds\Sketch1\arduino_due_x_dbg\Debug/core.a(cortex_handlers.c.o) (tickReset)
C:\Users\Phuong\AppData\Local\Temp\VMBuilds\Sketch1\arduino_due_x_dbg\Debug/core.a(RingBuffer.cpp.o)
                              C:\Users\Phuong\AppData\Local\Temp\VMBuilds\Sketch1\arduino_due_x_dbg\Debug\variant\variant.cpp.o (RingBuffer::RingBuffer())
C:\Users\Phuong\AppData\Local\Temp\VMBuilds\Sketch1\arduino_due_x_dbg\Debug/core.a(UARTClass.cpp.o)
                              C:\Users\Phuong\AppData\Local\Temp\VMBuilds\Sketch1\arduino_due_x_dbg\Debug\Sketch1.cpp.o (UARTClass::available())
C:\Users\Phuong\AppData\Local\Temp\VMBuilds\Sketch1\arduino_due_x_dbg\Debug/core.a(USARTClass.cpp.o)
                              C:\Users\Phuong\AppData\Local\Temp\VMBuilds\Sketch1\arduino_due_x_dbg\Debug\variant\variant.cpp.o (USARTClass::USARTClass(Usart*, IRQn, unsigned long, RingBuffer*, RingBuffer*))
[...]
Memory Configuration

Name             Origin             Length             Attributes
rom              0x00080000         0x00080000         xr
sram0            0x20000000         0x00010000         xrw
sram1            0x20080000         0x00008000         xrw
ram              0x20070000         0x00018000         xrw
*default*        0x00000000         0xffffffff

Linker script and memory map

LOAD c:/users/phuong/appdata/local/arduino15/packages/arduino/tools/arm-none-eabi-gcc/4.8.3-2014q1/bin/../lib/gcc/arm-none-eabi/4.8.3/armv7-m/crti.o
LOAD c:/users/phuong/appdata/local/arduino15/packages/arduino/tools/arm-none-eabi-gcc/4.8.3-2014q1/bin/../lib/gcc/arm-none-eabi/4.8.3/armv7-m/crtbegin.o
LOAD c:/users/phuong/appdata/local/arduino15/packages/arduino/tools/arm-none-eabi-gcc/4.8.3-2014q1/bin/../lib/gcc/arm-none-eabi/4.8.3/../../../../arm-none-eabi/lib/armv7-m/crt0.o
START GROUP
LOAD C:\Users\Phuong\AppData\Local\Temp\VMBuilds\Sketch1\arduino_due_x_dbg\Debug\Sketch1.cpp.o
LOAD C:\Users\Phuong\AppData\Local\Temp\VMBuilds\Sketch1\arduino_due_x_dbg\Debug\DueTimer\DueTimer.cpp.o
LOAD C:\Users\Phuong\AppData\Local\Temp\VMBuilds\Sketch1\arduino_due_x_dbg\Debug\VM_DBG\VM_DBG.cpp.o
LOAD C:\Users\Phuong\AppData\Local\Temp\VMBuilds\Sketch1\arduino_due_x_dbg\Debug\VM_DBG\VM_mem_check_sam.cpp.o
LOAD C:\Users\Phuong\AppData\Local\Temp\VMBuilds\Sketch1\arduino_due_x_dbg\Debug\variant\variant.cpp.o
LOAD C:\Users\Phuong\AppData\Local\arduino15\packages\arduino\hardware\sam\1.6.11\variants\arduino_due_x/libsam_sam3x8e_gcc_rel.a
LOAD C:\Users\Phuong\AppData\Local\Temp\VMBuilds\Sketch1\arduino_due_x_dbg\Debug/core.a
END GROUP
LOAD c:/users/phuong/appdata/local/arduino15/packages/arduino/tools/arm-none-eabi-gcc/4.8.3-2014q1/bin/../lib/gcc/arm-none-eabi/4.8.3/../../../../arm-none-eabi/lib/armv7-m\libm.a
START GROUP
LOAD c:/users/phuong/appdata/local/arduino15/packages/arduino/tools/arm-none-eabi-gcc/4.8.3-2014q1/bin/../lib/gcc/arm-none-eabi/4.8.3/armv7-m\libgcc.a
LOAD c:/users/phuong/appdata/local/arduino15/packages/arduino/tools/arm-none-eabi-gcc/4.8.3-2014q1/bin/../lib/gcc/arm-none-eabi/4.8.3/../../../../arm-none-eabi/lib/armv7-m\libg.a
LOAD c:/users/phuong/appdata/local/arduino15/packages/arduino/tools/arm-none-eabi-gcc/4.8.3-2014q1/bin/../lib/gcc/arm-none-eabi/4.8.3/../../../../arm-none-eabi/lib/armv7-m\libc.a
END GROUP
LOAD c:/users/phuong/appdata/local/arduino15/packages/arduino/tools/arm-none-eabi-gcc/4.8.3-2014q1/bin/../lib/gcc/arm-none-eabi/4.8.3/armv7-m/crtend.o
LOAD c:/users/phuong/appdata/local/arduino15/packages/arduino/tools/arm-none-eabi-gcc/4.8.3-2014q1/bin/../lib/gcc/arm-none-eabi/4.8.3/armv7-m/crtn.o

.text           0x00080000     0x80b8
                0x00080000                . = ALIGN (0x4)
                0x00080000                _sfixed = .
 *(.vectors .vectors.*)
 .vectors       0x00080000       0xf4 C:\Users\Phuong\AppData\Local\arduino15\packages\arduino\hardware\sam\1.6.11\variants\arduino_due_x/libsam_sam3x8e_gcc_rel.a(startup_sam3xa.o)
                0x00080000                exception_table
 *(.text .text.* .gnu.linkonce.t.*)
 .text          0x000800f4       0x54 c:/users/phuong/appdata/local/arduino15/packages/arduino/tools/arm-none-eabi-gcc/4.8.3-2014q1/bin/../lib/gcc/arm-none-eabi/4.8.3/armv7-m/crtbegin.o
 .text._Z11readEncoderv
                0x00080148       0x38 C:\Users\Phuong\AppData\Local\Temp\VMBuilds\Sketch1\arduino_due_x_dbg\Debug\Sketch1.cpp.o
                0x00080148                readEncoder()
 .text._Z9setSpeedAi
                0x00080180       0x28 C:\Users\Phuong\AppData\Local\Temp\VMBuilds\Sketch1\arduino_due_x_dbg\Debug\Sketch1.cpp.o
                0x00080180                setSpeedA(int)
 .text._Z9readSpeedv
                0x000801a8       0x78 C:\Users\Phuong\AppData\Local\Temp\VMBuilds\Sketch1\arduino_due_x_dbg\Debug\Sketch1.cpp.o
                0x000801a8                readSpeed()
 .text.startup._GLOBAL__sub_I___VisualMicro_DEBUG_1_HITCOUNTER__
                0x00080220       0x2c C:\Users\Phuong\AppData\Local\Temp\VMBuilds\Sketch1\arduino_due_x_dbg\Debug\Sketch1.cpp.o
 .text.setup    0x0008024c       0xec C:\Users\Phuong\AppData\Local\Temp\VMBuilds\Sketch1\arduino_due_x_dbg\Debug\Sketch1.cpp.o
                0x0008024c                setup
 .text._Z11readCommandv
                0x00080338       0x60 C:\Users\Phuong\AppData\Local\Temp\VMBuilds\Sketch1\arduino_due_x_dbg\Debug\Sketch1.cpp.o
                0x00080338                readCommand()
 .text.loop     0x00080398       0xa8 C:\Users\Phuong\AppData\Local\Temp\VMBuilds\Sketch1\arduino_due_x_dbg\Debug\Sketch1.cpp.o
                0x00080398                loop
 .text._ZN8DueTimer15attachInterruptEPFvvE
                0x00080440       0x10 C:\Users\Phuong\AppData\Local\Temp\VMBuilds\Sketch1\arduino_due_x_dbg\Debug\DueTimer\DueTimer.cpp.o
                0x00080440                DueTimer::attachInterrupt(void (*)())
 .text._ZN8DueTimer9bestClockEdRm
                0x00080450      0x1a8 C:\Users\Phuong\AppData\Local\Temp\VMBuilds\Sketch1\arduino_due_x_dbg\Debug\DueTimer\DueTimer.cpp.o
                0x00080450                DueTimer::bestClock(double, unsigned long&)
 .text._ZN8DueTimer12setFrequencyEd
                0x000805f8      0x120 C:\Users\Phuong\AppData\Local\Temp\VMBuilds\Sketch1\arduino_due_x_dbg\Debug\DueTimer\DueTimer.cpp.o
                0x000805f8                DueTimer::setFrequency(double)
 .text._ZN8DueTimer9setPeriodEm
                0x00080718       0x30 C:\Users\Phuong\AppData\Local\Temp\VMBuilds\Sketch1\arduino_due_x_dbg\Debug\DueTimer\DueTimer.cpp.o
                0x00080718                DueTimer::setPeriod(unsigned long)
 .text._ZN8DueTimer5startEl
                0x00080748      0x158 C:\Users\Phuong\AppData\Local\Temp\VMBuilds\Sketch1\arduino_due_x_dbg\Debug\DueTimer\DueTimer.cpp.o
                0x00080748                DueTimer::start(long)
 .text.TC0_Handler
                0x000808a0       0x1c C:\Users\Phuong\AppData\Local\Temp\VMBuilds\Sketch1\arduino_due_x_dbg\Debug\DueTimer\DueTimer.cpp.o
                0x000808a0                TC0_Handler
 .text.TC1_Handler
                0x000808bc       0x1c C:\Users\Phuong\AppData\Local\Temp\VMBuilds\Sketch1\arduino_due_x_dbg\Debug\DueTimer\DueTimer.cpp.o
                0x000808bc                TC1_Handler
 .text.TC2_Handler
                0x000808d8       0x1c C:\Users\Phuong\AppData\Local\Temp\VMBuilds\Sketch1\arduino_due_x_dbg\Debug\DueTimer\DueTimer.cpp.o
                0x000808d8                TC2_Handler
 .text.TC3_Handler
                0x000808f4       0x1c C:\Users\Phuong\AppData\Local\Temp\VMBuilds\Sketch1\arduino_due_x_dbg\Debug\DueTimer\DueTimer.cpp.o
                0x000808f4                TC3_Handler
 .text.TC4_Handler
                0x00080910       0x1c C:\Users\Phuong\AppData\Local\Temp\VMBuilds\Sketch1\arduino_due_x_dbg\Debug\DueTimer\DueTimer.cpp.o
                0x00080910                TC4_Handler
 .text.TC5_Handler
                0x0008092c       0x1c C:\Users\Phuong\AppData\Local\Temp\VMBuilds\Sketch1\arduino_due_x_dbg\Debug\DueTimer\DueTimer.cpp.o
                0x0008092c                TC5_Handler
 .text.TC6_Handler
                0x00080948       0x1c C:\Users\Phuong\AppData\Local\Temp\VMBuilds\Sketch1\arduino_due_x_dbg\Debug\DueTimer\DueTimer.cpp.o
                0x00080948                TC6_Handler
 .text.TC7_Handler
                0x00080964       0x1c C:\Users\Phuong\AppData\Local\Temp\VMBuilds\Sketch1\arduino_due_x_dbg\Debug\DueTimer\DueTimer.cpp.o
                0x00080964                TC7_Handler
 .text.TC8_Handler
                0x00080980       0x1c C:\Users\Phuong\AppData\Local\Temp\VMBuilds\Sketch1\arduino_due_x_dbg\Debug\DueTimer\DueTimer.cpp.o
                0x00080980                TC8_Handler
 .text.startup._GLOBAL__sub_I__ZN8DueTimer6TimersE
                0x0008099c       0x64 C:\Users\Phuong\AppData\Local\Temp\VMBuilds\Sketch1\arduino_due_x_dbg\Debug\DueTimer\DueTimer.cpp.o
 .text._ZN16VisualMicroDebug16DBG_YieldAndWaitEmb
                0x00080a00       0x1a C:\Users\Phuong\AppData\Local\Temp\VMBuilds\Sketch1\arduino_due_x_dbg\Debug\VM_DBG\VM_DBG.cpp.o
                0x00080a00                VisualMicroDebug::DBG_YieldAndWait(unsigned long, bool)
 .text._ZN16VisualMicroDebug16DBG_YieldAndWaitEm
                0x00080a1a        0x6 C:\Users\Phuong\AppData\Local\Temp\VMBuilds\Sketch1\arduino_due_x_dbg\Debug\VM_DBG\VM_DBG.cpp.o
                0x00080a1a                VisualMicroDebug::DBG_YieldAndWait(unsigned long)
 .text._ZN16VisualMicroDebug10DBG_MillisEv
                0x00080a20        0x4 C:\Users\Phuong\AppData\Local\Temp\VMBuilds\Sketch1\arduino_due_x_dbg\Debug\VM_DBG\VM_DBG.cpp.o
                0x00080a20                VisualMicroDebug::DBG_Millis()
 .text._ZN16VisualMicroDebug17OnBreakPointBeginEm
                0x00080a24       0x16 C:\Users\Phuong\AppData\Local\Temp\VMBuilds\Sketch1\arduino_due_x_dbg\Debug\VM_DBG\VM_DBG.cpp.o
                0x00080a24                VisualMicroDebug::OnBreakPointBegin(unsigned long)
 *fill*         0x00080a3a        0x2 
 .text._ZN16VisualMicroDebug22OnBreakPointPrintBeginEh
                0x00080a3c       0x6c C:\Users\Phuong\AppData\Local\Temp\VMBuilds\Sketch1\arduino_due_x_dbg\Debug\VM_DBG\VM_DBG.cpp.o
                0x00080a3c                VisualMicroDebug::OnBreakPointPrintBegin(unsigned char)
 .text._ZN16VisualMicroDebug20OnBreakPointPrintEndEv
                0x00080aa8        0xc C:\Users\Phuong\AppData\Local\Temp\VMBuilds\Sketch1\arduino_due_x_dbg\Debug\VM_DBG\VM_DBG.cpp.o
                0x00080aa8                VisualMicroDebug::OnBreakPointPrintEnd()
 .text._ZN16VisualMicroDebug15OnBreakPointEndEv
                0x00080ab4        0xc C:\Users\Phuong\AppData\Local\Temp\VMBuilds\Sketch1\arduino_due_x_dbg\Debug\VM_DBG\VM_DBG.cpp.o
                0x00080ab4                VisualMicroDebug::OnBreakPointEnd()
 .text._ZN16VisualMicroDebug14outPacketStartEb
                0x00080ac0       0x28 C:\Users\Phuong\AppData\Local\Temp\VMBuilds\Sketch1\arduino_due_x_dbg\Debug\VM_DBG\VM_DBG.cpp.o
                0x00080ac0                VisualMicroDebug::outPacketStart(bool)
 .text._ZN16VisualMicroDebug12outPacketEndEv
                0x00080ae8        0x2 C:\Users\Phuong\AppData\Local\Temp\VMBuilds\Sketch1\arduino_due_x_dbg\Debug\VM_DBG\VM_DBG.cpp.o
                0x00080ae8                VisualMicroDebug::outPacketEnd()
 .text._ZN16VisualMicroDebug4initEm
                0x00080aea        0xe C:\Users\Phuong\AppData\Local\Temp\VMBuilds\Sketch1\arduino_due_x_dbg\Debug\VM_DBG\VM_DBG.cpp.o
                0x00080aea                VisualMicroDebug::init(unsigned long)
 .text._ZN16VisualMicroDebug5beginEP9UARTClassm
                0x00080af8       0x10 C:\Users\Phuong\AppData\Local\Temp\VMBuilds\Sketch1\arduino_due_x_dbg\Debug\VM_DBG\VM_DBG.cpp.o
                0x00080af8                VisualMicroDebug::begin(UARTClass*, unsigned long)
 .text._ZN16VisualMicroDebug4readEv
                0x00080b08        0xe C:\Users\Phuong\AppData\Local\Temp\VMBuilds\Sketch1\arduino_due_x_dbg\Debug\VM_DBG\VM_DBG.cpp.o
                0x00080b08                VisualMicroDebug::read()
 .text._ZN16VisualMicroDebug9availableEv
                0x00080b16        0xe C:\Users\Phuong\AppData\Local\Temp\VMBuilds\Sketch1\arduino_due_x_dbg\Debug\VM_DBG\VM_DBG.cpp.o
                0x00080b16                VisualMicroDebug::available()
 .text._ZN16VisualMicroDebug16sendContinuedACKEh
                0x00080b24       0x3c C:\Users\Phuong\AppData\Local\Temp\VMBuilds\Sketch1\arduino_due_x_dbg\Debug\VM_DBG\VM_DBG.cpp.o
                0x00080b24                VisualMicroDebug::sendContinuedACK(unsigned char)
 .text._ZN16VisualMicroDebug9breakWaitEh
                0x00080b60       0x54 C:\Users\Phuong\AppData\Local\Temp\VMBuilds\Sketch1\arduino_due_x_dbg\Debug\VM_DBG\VM_DBG.cpp.o
                0x00080b60                VisualMicroDebug::breakWait(unsigned char)
 .text._ZN16VisualMicroDebug5startEbb
                0x00080bb4       0x26 C:\Users\Phuong\AppData\Local\Temp\VMBuilds\Sketch1\arduino_due_x_dbg\Debug\VM_DBG\VM_DBG.cpp.o
                0x00080bb4                VisualMicroDebug::start(bool, bool)
 *fill*         0x00080bda        0x2 
 .text.startup._GLOBAL__sub_I__ZN16VisualMicroDebug16DBG_YieldAndWaitEm
                0x00080bdc       0x14 C:\Users\Phuong\AppData\Local\Temp\VMBuilds\Sketch1\arduino_due_x_dbg\Debug\VM_DBG\VM_DBG.cpp.o
 .text._Z11serialEventv
                0x00080bf0        0x2 C:\Users\Phuong\AppData\Local\Temp\VMBuilds\Sketch1\arduino_due_x_dbg\Debug\variant\variant.cpp.o
                0x00080bf0                serialEvent()
 *fill*         0x00080bf2        0x2 
 .text.UART_Handler
                0x00080bf4        0xc C:\Users\Phuong\AppData\Local\Temp\VMBuilds\Sketch1\arduino_due_x_dbg\Debug\variant\variant.cpp.o
                0x00080bf4                UART_Handler
 .text._Z12serialEvent1v
                0x00080c00        0x2 C:\Users\Phuong\AppData\Local\Temp\VMBuilds\Sketch1\arduino_due_x_dbg\Debug\variant\variant.cpp.o
                0x00080c00                serialEvent1()
 .text._Z12serialEvent2v
                0x00080c02        0x2 C:\Users\Phuong\AppData\Local\Temp\VMBuilds\Sketch1\arduino_due_x_dbg\Debug\variant\variant.cpp.o
                0x00080c02                serialEvent2()
 .text._Z12serialEvent3v
                0x00080c04        0x2 C:\Users\Phuong\AppData\Local\Temp\VMBuilds\Sketch1\arduino_due_x_dbg\Debug\variant\variant.cpp.o
                0x00080c04                serialEvent3()
 *fill*         0x00080c06        0x2 
 .text.USART0_Handler
                0x00080c08        0xc C:\Users\Phuong\AppData\Local\Temp\VMBuilds\Sketch1\arduino_due_x_dbg\Debug\variant\variant.cpp.o
                0x00080c08                USART0_Handler
 .text.USART1_Handler
                0x00080c14        0xc C:\Users\Phuong\AppData\Local\Temp\VMBuilds\Sketch1\arduino_due_x_dbg\Debug\variant\variant.cpp.o
                0x00080c14                USART1_Handler
 .text.USART3_Handler
                0x00080c20        0xc C:\Users\Phuong\AppData\Local\Temp\VMBuilds\Sketch1\arduino_due_x_dbg\Debug\variant\variant.cpp.o
                0x00080c20                USART3_Handler
 .text.init     0x00080c2c      0x128 C:\Users\Phuong\AppData\Local\Temp\VMBuilds\Sketch1\arduino_due_x_dbg\Debug\variant\variant.cpp.o
                0x00080c2c                init
 .text.startup._GLOBAL__sub_I_g_APinDescription
                0x00080d54       0xd4 C:\Users\Phuong\AppData\Local\Temp\VMBuilds\Sketch1\arduino_due_x_dbg\Debug\variant\variant.cpp.o
 .text._Z14serialEventRunv
                0x00080e28       0x44 C:\Users\Phuong\AppData\Local\Temp\VMBuilds\Sketch1\arduino_due_x_dbg\Debug\variant\variant.cpp.o
                0x00080e28                serialEventRun()
 .text.PIO_PullUp
                0x00080e6c        0xa C:\Users\Phuong\AppData\Local\arduino15\packages\arduino\hardware\sam\1.6.11\variants\arduino_due_x/libsam_sam3x8e_gcc_rel.a(pio.o)
                0x00080e6c                PIO_PullUp
 .text.PIO_Get  0x00080e76       0x14 C:\Users\Phuong\AppData\Local\arduino15\packages\arduino\hardware\sam\1.6.11\variants\arduino_due_x/libsam_sam3x8e_gcc_rel.a(pio.o)
                0x00080e76                PIO_Get
 .text.PIO_SetPeripheral
                0x00080e8a       0x26 C:\Users\Phuong\AppData\Local\arduino15\packages\arduino\hardware\sam\1.6.11\variants\arduino_due_x/libsam_sam3x8e_gcc_rel.a(pio.o)
                0x00080e8a                PIO_SetPeripheral
 .text.PIO_SetInput
                0x00080eb0       0x26 C:\Users\Phuong\AppData\Local\arduino15\packages\arduino\hardware\sam\1.6.11\variants\arduino_due_x/libsam_sam3x8e_gcc_rel.a(pio.o)
                0x00080eb0                PIO_SetInput
 .text.PIO_SetOutput
                0x00080ed6       0x24 C:\Users\Phuong\AppData\Local\arduino15\packages\arduino\hardware\sam\1.6.11\variants\arduino_due_x/libsam_sam3x8e_gcc_rel.a(pio.o)
                0x00080ed6                PIO_SetOutput
 *fill*         0x00080efa        0x2 
 .text.PIO_Configure
                0x00080efc       0x64 C:\Users\Phuong\AppData\Local\arduino15\packages\arduino\hardware\sam\1.6.11\variants\arduino_due_x/libsam_sam3x8e_gcc_rel.a(pio.o)
                0x00080efc                PIO_Configure
 .text.PIO_GetOutputDataStatus
                0x00080f60       0x14 C:\Users\Phuong\AppData\Local\arduino15\packages\arduino\hardware\sam\1.6.11\variants\arduino_due_x/libsam_sam3x8e_gcc_rel.a(pio.o)
                0x00080f60                PIO_GetOutputDataStatus
 .text.pmc_enable_upll_clock
                0x00080f74       0x14 C:\Users\Phuong\AppData\Local\arduino15\packages\arduino\hardware\sam\1.6.11\variants\arduino_due_x/libsam_sam3x8e_gcc_rel.a(pmc.o)
                0x00080f74                pmc_enable_upll_clock
 .text.pmc_enable_periph_clk
                0x00080f88       0x44 C:\Users\Phuong\AppData\Local\arduino15\packages\arduino\hardware\sam\1.6.11\variants\arduino_due_x/libsam_sam3x8e_gcc_rel.a(pmc.o)
                0x00080f88                pmc_enable_periph_clk
 .text.pmc_disable_periph_clk
                0x00080fcc       0x40 C:\Users\Phuong\AppData\Local\arduino15\packages\arduino\hardware\sam\1.6.11\variants\arduino_due_x/libsam_sam3x8e_gcc_rel.a(pmc.o)
                0x00080fcc                pmc_disable_periph_clk
 .text.pmc_switch_udpck_to_upllck
                0x0008100c       0x14 C:\Users\Phuong\AppData\Local\arduino15\packages\arduino\hardware\sam\1.6.11\variants\arduino_due_x/libsam_sam3x8e_gcc_rel.a(pmc.o)
                0x0008100c                pmc_switch_udpck_to_upllck
 .text.pmc_enable_udpck
                0x00081020        0xc C:\Users\Phuong\AppData\Local\arduino15\packages\arduino\hardware\sam\1.6.11\variants\arduino_due_x/libsam_sam3x8e_gcc_rel.a(pmc.o)
                0x00081020                pmc_enable_udpck
 .text.pmc_set_writeprotect
                0x0008102c       0x1c C:\Users\Phuong\AppData\Local\arduino15\packages\arduino\hardware\sam\1.6.11\variants\arduino_due_x/libsam_sam3x8e_gcc_rel.a(pmc.o)
                0x0008102c                pmc_set_writeprotect
 .text.TC_Configure
                0x00081048       0x38 C:\Users\Phuong\AppData\Local\arduino15\packages\arduino\hardware\sam\1.6.11\variants\arduino_due_x/libsam_sam3x8e_gcc_rel.a(tc.o)
                0x00081048                TC_Configure
 .text.TC_Start
                0x00081080       0x2c C:\Users\Phuong\AppData\Local\arduino15\packages\arduino\hardware\sam\1.6.11\variants\arduino_due_x/libsam_sam3x8e_gcc_rel.a(tc.o)
                0x00081080                TC_Start
 .text.TC_GetStatus
                0x000810ac        0x8 C:\Users\Phuong\AppData\Local\arduino15\packages\arduino\hardware\sam\1.6.11\variants\arduino_due_x/libsam_sam3x8e_gcc_rel.a(tc.o)
                0x000810ac                TC_GetStatus
 .text.TC_SetRA
                0x000810b4        0x8 C:\Users\Phuong\AppData\Local\arduino15\packages\arduino\hardware\sam\1.6.11\variants\arduino_due_x/libsam_sam3x8e_gcc_rel.a(tc.o)
                0x000810b4                TC_SetRA
 .text.TC_SetRB
                0x000810bc        0x8 C:\Users\Phuong\AppData\Local\arduino15\packages\arduino\hardware\sam\1.6.11\variants\arduino_due_x/libsam_sam3x8e_gcc_rel.a(tc.o)
                0x000810bc                TC_SetRB
 .text.TC_SetRC
                0x000810c4        0x8 C:\Users\Phuong\AppData\Local\arduino15\packages\arduino\hardware\sam\1.6.11\variants\arduino_due_x/libsam_sam3x8e_gcc_rel.a(tc.o)
                0x000810c4                TC_SetRC
 .text.SystemInit
                0x000810cc       0x88 C:\Users\Phuong\AppData\Local\arduino15\packages\arduino\hardware\sam\1.6.11\variants\arduino_due_x/libsam_sam3x8e_gcc_rel.a(system_sam3xa.o)
                0x000810cc                SystemInit
 .text.Reset_Handler
                0x00081154       0x78 C:\Users\Phuong\AppData\Local\arduino15\packages\arduino\hardware\sam\1.6.11\variants\arduino_due_x/libsam_sam3x8e_gcc_rel.a(startup_sam3xa.o)
                0x00081154                Reset_Handler
 .text.adc_init
                0x000811cc       0x98 C:\Users\Phuong\AppData\Local\arduino15\packages\arduino\hardware\sam\1.6.11\variants\arduino_due_x/libsam_sam3x8e_gcc_rel.a(adc.o)
                0x000811cc                adc_init
 .text.adc_configure_trigger
                0x00081264        0xe C:\Users\Phuong\AppData\Local\arduino15\packages\arduino\hardware\sam\1.6.11\variants\arduino_due_x/libsam_sam3x8e_gcc_rel.a(adc.o)
                0x00081264                adc_configure_trigger
 .text.adc_configure_timing
                0x00081272       0x1a C:\Users\Phuong\AppData\Local\arduino15\packages\arduino\hardware\sam\1.6.11\variants\arduino_due_x/libsam_sam3x8e_gcc_rel.a(adc.o)
                0x00081272                adc_configure_timing
 .text.adc_disable_channel
                0x0008128c        0xa C:\Users\Phuong\AppData\Local\arduino15\packages\arduino\hardware\sam\1.6.11\variants\arduino_due_x/libsam_sam3x8e_gcc_rel.a(adc.o)
                0x0008128c                adc_disable_channel
 .text.adc_disable_all_channel
                0x00081296        0x8 C:\Users\Phuong\AppData\Local\arduino15\packages\arduino\hardware\sam\1.6.11\variants\arduino_due_x/libsam_sam3x8e_gcc_rel.a(adc.o)
                0x00081296                adc_disable_all_channel
 .text.adc_disable_interrupt
                0x0008129e        0x4 C:\Users\Phuong\AppData\Local\arduino15\packages\arduino\hardware\sam\1.6.11\variants\arduino_due_x/libsam_sam3x8e_gcc_rel.a(adc.o)
                0x0008129e                adc_disable_interrupt
 *fill*         0x000812a2        0x2 
 .text.UOTGHS_Handler
                0x000812a4       0x10 C:\Users\Phuong\AppData\Local\arduino15\packages\arduino\hardware\sam\1.6.11\variants\arduino_due_x/libsam_sam3x8e_gcc_rel.a(uotghs.o)
                0x000812a4                UOTGHS_Handler
 .text.__halt   0x000812b4        0x2 C:\Users\Phuong\AppData\Local\Temp\VMBuilds\Sketch1\arduino_due_x_dbg\Debug/core.a(cortex_handlers.c.o)
                0x000812b4                DACC_Handler
                0x000812b4                DebugMon_Handler
                0x000812b4                DMAC_Handler
                0x000812b4                TRNG_Handler
                0x000812b4                HardFault_Handler
                0x000812b4                TWI1_Handler
                0x000812b4                NMI_Handler
                0x000812b4                ADC_Handler
                0x000812b4                SMC_Handler
                0x000812b4                RTT_Handler
                0x000812b4                EFC1_Handler
                0x000812b4                PIOB_Handler
                0x000812b4                RTC_Handler
                0x000812b4                UsageFault_Handler
                0x000812b4                WDT_Handler
                0x000812b4                CAN0_Handler
                0x000812b4                HSMCI_Handler
                0x000812b4                TWI0_Handler
                0x000812b4                PIOA_Handler
                0x000812b4                SSC_Handler
                0x000812b4                EFC0_Handler
                0x000812b4                PMC_Handler
                0x000812b4                PWM_Handler
                0x000812b4                CAN1_Handler
                0x000812b4                MemManage_Handler
                0x000812b4                SUPC_Handler
                0x000812b4                USART2_Handler
                0x000812b4                PIOD_Handler
                0x000812b4                EMAC_Handler
                0x000812b4                PIOC_Handler
                0x000812b4                BusFault_Handler
                0x000812b4                RSTC_Handler
                0x000812b4                SPI0_Handler
 .text.SVC_Handler
                0x000812b6        0x4 C:\Users\Phuong\AppData\Local\Temp\VMBuilds\Sketch1\arduino_due_x_dbg\Debug/core.a(cortex_handlers.c.o)
                0x000812b6                SVC_Handler
 .text.PendSV_Handler
                0x000812ba        0x4 C:\Users\Phuong\AppData\Local\Temp\VMBuilds\Sketch1\arduino_due_x_dbg\Debug/core.a(cortex_handlers.c.o)
                0x000812ba                PendSV_Handler
 .text.SysTick_Handler
                0x000812be       0x16 C:\Users\Phuong\AppData\Local\Temp\VMBuilds\Sketch1\arduino_due_x_dbg\Debug/core.a(cortex_handlers.c.o)
                0x000812be                SysTick_Handler
 .text.__empty  0x000812d4        0x2 C:\Users\Phuong\AppData\Local\Temp\VMBuilds\Sketch1\arduino_due_x_dbg\Debug/core.a(hooks.c.o)
                0x000812d4                yield
 .text.__false  0x000812d6        0x4 C:\Users\Phuong\AppData\Local\Temp\VMBuilds\Sketch1\arduino_due_x_dbg\Debug/core.a(hooks.c.o)
                0x000812d6                sysTickHook
 .text.__halt   0x000812da        0x2 C:\Users\Phuong\AppData\Local\Temp\VMBuilds\Sketch1\arduino_due_x_dbg\Debug/core.a(hooks.c.o)
                0x000812da                svcHook
                0x000812da                pendSVHook
 .text._sbrk    0x000812dc       0x1c C:\Users\Phuong\AppData\Local\Temp\VMBuilds\Sketch1\arduino_due_x_dbg\Debug/core.a(syscalls_sam3.c.o)
                0x000812dc                _sbrk
 .text.link     0x000812f8        0x6 C:\Users\Phuong\AppData\Local\Temp\VMBuilds\Sketch1\arduino_due_x_dbg\Debug/core.a(syscalls_sam3.c.o)
                0x000812f8                link
 .text._close   0x000812fe        0x6 C:\Users\Phuong\AppData\Local\Temp\VMBuilds\Sketch1\arduino_due_x_dbg\Debug/core.a(syscalls_sam3.c.o)
                0x000812fe                _close
 .text._fstat   0x00081304        0xa C:\Users\Phuong\AppData\Local\Temp\VMBuilds\Sketch1\arduino_due_x_dbg\Debug/core.a(syscalls_sam3.c.o)
                0x00081304                _fstat
 .text._isatty  0x0008130e        0x4 C:\Users\Phuong\AppData\Local\Temp\VMBuilds\Sketch1\arduino_due_x_dbg\Debug/core.a(syscalls_sam3.c.o)
                0x0008130e                _isatty
 .text._lseek   0x00081312        0x4 C:\Users\Phuong\AppData\Local\Temp\VMBuilds\Sketch1\arduino_due_x_dbg\Debug/core.a(syscalls_sam3.c.o)
                0x00081312                _lseek
 .text._read    0x00081316        0x4 C:\Users\Phuong\AppData\Local\Temp\VMBuilds\Sketch1\arduino_due_x_dbg\Debug/core.a(syscalls_sam3.c.o)
                0x00081316                _read
 *fill*         0x0008131a        0x2 
 .text._write   0x0008131c       0x24 C:\Users\Phuong\AppData\Local\Temp\VMBuilds\Sketch1\arduino_due_x_dbg\Debug/core.a(syscalls_sam3.c.o)
                0x0008131c                _write
 .text._exit    0x00081340       0x10 C:\Users\Phuong\AppData\Local\Temp\VMBuilds\Sketch1\arduino_due_x_dbg\Debug/core.a(syscalls_sam3.c.o)
                0x00081340                _exit
 .text._kill    0x00081350        0x2 C:\Users\Phuong\AppData\Local\Temp\VMBuilds\Sketch1\arduino_due_x_dbg\Debug/core.a(syscalls_sam3.c.o)
                0x00081350                _kill
 .text._getpid  0x00081352        0x6 C:\Users\Phuong\AppData\Local\Temp\VMBuilds\Sketch1\arduino_due_x_dbg\Debug/core.a(syscalls_sam3.c.o)
                0x00081352                _getpid
 .text.millis   0x00081358        0x4 C:\Users\Phuong\AppData\Local\Temp\VMBuilds\Sketch1\arduino_due_x_dbg\Debug/core.a(wiring.c.o)
                0x00081358                millis
 .text.delay    0x0008135c       0x1c C:\Users\Phuong\AppData\Local\Temp\VMBuilds\Sketch1\arduino_due_x_dbg\Debug/core.a(wiring.c.o)
                0x0008135c                delay
 .text.mapResolution
                0x00081378       0x12 C:\Users\Phuong\AppData\Local\Temp\VMBuilds\Sketch1\arduino_due_x_dbg\Debug/core.a(wiring_analog.c.o)
 .text.analogOutputInit
                0x0008138a        0x2 C:\Users\Phuong\AppData\Local\Temp\VMBuilds\Sketch1\arduino_due_x_dbg\Debug/core.a(wiring_analog.c.o)
                0x0008138a                analogOutputInit
 .text.analogWrite
                0x0008138c      0x2c0 C:\Users\Phuong\AppData\Local\Temp\VMBuilds\Sketch1\arduino_due_x_dbg\Debug/core.a(wiring_analog.c.o)
                0x0008138c                analogWrite
 .text.pinMode  0x0008164c      0x108 C:\Users\Phuong\AppData\Local\Temp\VMBuilds\Sketch1\arduino_due_x_dbg\Debug/core.a(wiring_digital.c.o)
                0x0008164c                pinMode
 .text.digitalWrite
                0x00081754       0x70 C:\Users\Phuong\AppData\Local\Temp\VMBuilds\Sketch1\arduino_due_x_dbg\Debug/core.a(wiring_digital.c.o)
                0x00081754                digitalWrite
 .text.digitalRead
                0x000817c4       0x44 C:\Users\Phuong\AppData\Local\Temp\VMBuilds\Sketch1\arduino_due_x_dbg\Debug/core.a(wiring_digital.c.o)
                0x000817c4                digitalRead
 .text.initVariant
                0x00081808        0x2 C:\Users\Phuong\AppData\Local\Temp\VMBuilds\Sketch1\arduino_due_x_dbg\Debug/core.a(main.cpp.o)
                0x00081808                initVariant
 *fill*         0x0008180a        0x2 
 .text.startup.main
                0x0008180c       0x38 C:\Users\Phuong\AppData\Local\Temp\VMBuilds\Sketch1\arduino_due_x_dbg\Debug/core.a(main.cpp.o)
                0x0008180c                main
 .text._ZN5Print5writeEPKhj
                0x00081844       0x22 C:\Users\Phuong\AppData\Local\Temp\VMBuilds\Sketch1\arduino_due_x_dbg\Debug/core.a(Print.cpp.o)
                0x00081844                Print::write(unsigned char const*, unsigned int)
 .text._ZN5Print5printEmi.part.3
                0x00081866        0xc C:\Users\Phuong\AppData\Local\Temp\VMBuilds\Sketch1\arduino_due_x_dbg\Debug/core.a(Print.cpp.o)
 .text._ZN5Print5writeEPKc
                0x00081872       0x1e C:\Users\Phuong\AppData\Local\Temp\VMBuilds\Sketch1\arduino_due_x_dbg\Debug/core.a(Print.cpp.o)
                0x00081872                Print::write(char const*)
 .text._ZN5Print5printEPKc
                0x00081890        0x8 C:\Users\Phuong\AppData\Local\Temp\VMBuilds\Sketch1\arduino_due_x_dbg\Debug/core.a(Print.cpp.o)
                0x00081890                Print::print(char const*)
 .text._ZN5Print5printEc
                0x00081898        0xa C:\Users\Phuong\AppData\Local\Temp\VMBuilds\Sketch1\arduino_due_x_dbg\Debug/core.a(Print.cpp.o)
                0x00081898                Print::print(char)
 *fill*         0x000818a2        0x2 
 .text._ZN5Print7printlnEv
                0x000818a4       0x10 C:\Users\Phuong\AppData\Local\Temp\VMBuilds\Sketch1\arduino_due_x_dbg\Debug/core.a(Print.cpp.o)
                0x000818a4                Print::println()
 .text._ZN5Print7printlnEPKc
                0x000818b4       0x14 C:\Users\Phuong\AppData\Local\Temp\VMBuilds\Sketch1\arduino_due_x_dbg\Debug/core.a(Print.cpp.o)
                0x000818b4                Print::println(char const*)
 .text._ZN5Print11printNumberEmh
                0x000818c8       0x3e C:\Users\Phuong\AppData\Local\Temp\VMBuilds\Sketch1\arduino_due_x_dbg\Debug/core.a(Print.cpp.o)
                0x000818c8                Print::printNumber(unsigned long, unsigned char)
 .text._ZN5Print5printEli
                0x00081906       0x3c C:\Users\Phuong\AppData\Local\Temp\VMBuilds\Sketch1\arduino_due_x_dbg\Debug/core.a(Print.cpp.o)
                0x00081906                Print::print(long, int)
 .text._ZN5Print7printlnEii
                0x00081942       0x14 C:\Users\Phuong\AppData\Local\Temp\VMBuilds\Sketch1\arduino_due_x_dbg\Debug/core.a(Print.cpp.o)
                0x00081942                Print::println(int, int)
 .text._ZN5Print5printEmi
                0x00081956        0xc C:\Users\Phuong\AppData\Local\Temp\VMBuilds\Sketch1\arduino_due_x_dbg\Debug/core.a(Print.cpp.o)
                0x00081956                Print::print(unsigned long, int)
 .text._ZN5Print5printEhi
                0x00081962        0x4 C:\Users\Phuong\AppData\Local\Temp\VMBuilds\Sketch1\arduino_due_x_dbg\Debug/core.a(Print.cpp.o)
                0x00081962                Print::print(unsigned char, int)
 *fill*         0x00081966        0x2 
 .text.initiateReset
                0x00081968        0xc C:\Users\Phuong\AppData\Local\Temp\VMBuilds\Sketch1\arduino_due_x_dbg\Debug/core.a(Reset.cpp.o)
                0x00081968                initiateReset
 .text.cancelReset
                0x00081974       0x10 C:\Users\Phuong\AppData\Local\Temp\VMBuilds\Sketch1\arduino_due_x_dbg\Debug/core.a(Reset.cpp.o)
                0x00081974                cancelReset
 .text.tickReset
                0x00081984       0x20 C:\Users\Phuong\AppData\Local\Temp\VMBuilds\Sketch1\arduino_due_x_dbg\Debug/core.a(Reset.cpp.o)
                0x00081984                tickReset
 .text._ZN10RingBufferC2Ev
                0x000819a4       0x1a C:\Users\Phuong\AppData\Local\Temp\VMBuilds\Sketch1\arduino_due_x_dbg\Debug/core.a(RingBuffer.cpp.o)
                0x000819a4                RingBuffer::RingBuffer()
                0x000819a4                RingBuffer::RingBuffer()
 .text._ZN10RingBuffer10store_charEh
                0x000819be       0x1e C:\Users\Phuong\AppData\Local\Temp\VMBuilds\Sketch1\arduino_due_x_dbg\Debug/core.a(RingBuffer.cpp.o)
                0x000819be                RingBuffer::store_char(unsigned char)
 .text._ZN9UARTClasscvbEv
                0x000819dc        0x4 C:\Users\Phuong\AppData\Local\Temp\VMBuilds\Sketch1\arduino_due_x_dbg\Debug/core.a(UARTClass.cpp.o)
                0x000819dc                UARTClass::operator bool()
 .text._ZN9UARTClass9availableEv
                0x000819e0       0x12 C:\Users\Phuong\AppData\Local\Temp\VMBuilds\Sketch1\arduino_due_x_dbg\Debug/core.a(UARTClass.cpp.o)
                0x000819e0                UARTClass::available()
 .text._ZN9UARTClass4peekEv
                0x000819f2       0x1c C:\Users\Phuong\AppData\Local\Temp\VMBuilds\Sketch1\arduino_due_x_dbg\Debug/core.a(UARTClass.cpp.o)
                0x000819f2                UARTClass::peek()
 .text._ZN9UARTClass4readEv
                0x00081a0e       0x2a C:\Users\Phuong\AppData\Local\Temp\VMBuilds\Sketch1\arduino_due_x_dbg\Debug/core.a(UARTClass.cpp.o)
                0x00081a0e                UARTClass::read()
 .text._ZN9UARTClass5flushEv
                0x00081a38       0x18 C:\Users\Phuong\AppData\Local\Temp\VMBuilds\Sketch1\arduino_due_x_dbg\Debug/core.a(UARTClass.cpp.o)
                0x00081a38                UARTClass::flush()
 .text._ZN9UARTClass5writeEh
                0x00081a50       0x54 C:\Users\Phuong\AppData\Local\Temp\VMBuilds\Sketch1\arduino_due_x_dbg\Debug/core.a(UARTClass.cpp.o)
                0x00081a50                UARTClass::write(unsigned char)
 .text._ZN9UARTClass3endEv
                0x00081aa4       0x3c C:\Users\Phuong\AppData\Local\Temp\VMBuilds\Sketch1\arduino_due_x_dbg\Debug/core.a(UARTClass.cpp.o)
                0x00081aa4                UARTClass::end()
 .text._ZN9UARTClassC2EP4Uart4IRQnmP10RingBufferS4_
                0x00081ae0       0x24 C:\Users\Phuong\AppData\Local\Temp\VMBuilds\Sketch1\arduino_due_x_dbg\Debug/core.a(UARTClass.cpp.o)
                0x00081ae0                UARTClass::UARTClass(Uart*, IRQn, unsigned long, RingBuffer*, RingBuffer*)
                0x00081ae0                UARTClass::UARTClass(Uart*, IRQn, unsigned long, RingBuffer*, RingBuffer*)
 .text._ZN9UARTClass4initEmm
                0x00081b04       0x70 C:\Users\Phuong\AppData\Local\Temp\VMBuilds\Sketch1\arduino_due_x_dbg\Debug/core.a(UARTClass.cpp.o)
                0x00081b04                UARTClass::init(unsigned long, unsigned long)
 .text._ZN9UARTClass5beginEm
                0x00081b74        0x8 C:\Users\Phuong\AppData\Local\Temp\VMBuilds\Sketch1\arduino_due_x_dbg\Debug/core.a(UARTClass.cpp.o)
                0x00081b74                UARTClass::begin(unsigned long)
 .text._ZN9UARTClass10IrqHandlerEv
                0x00081b7c       0x5a C:\Users\Phuong\AppData\Local\Temp\VMBuilds\Sketch1\arduino_due_x_dbg\Debug/core.a(UARTClass.cpp.o)
                0x00081b7c                UARTClass::IrqHandler()
 .text._ZN10USARTClass5beginEm
                0x00081bd6        0x8 C:\Users\Phuong\AppData\Local\Temp\VMBuilds\Sketch1\arduino_due_x_dbg\Debug/core.a(USARTClass.cpp.o)
                0x00081bd6                USARTClass::begin(unsigned long)
 *fill*         0x00081bde        0x2 
 .text._ZN10USARTClassC2EP5Usart4IRQnmP10RingBufferS4_
                0x00081be0       0x24 C:\Users\Phuong\AppData\Local\Temp\VMBuilds\Sketch1\arduino_due_x_dbg\Debug/core.a(USARTClass.cpp.o)
                0x00081be0                USARTClass::USARTClass(Usart*, IRQn, unsigned long, RingBuffer*, RingBuffer*)
                0x00081be0                USARTClass::USARTClass(Usart*, IRQn, unsigned long, RingBuffer*, RingBuffer*)
 .text._watchdogDefaultSetup
                0x00081c04        0xc C:\Users\Phuong\AppData\Local\Temp\VMBuilds\Sketch1\arduino_due_x_dbg\Debug/core.a(watchdog.cpp.o)
                0x00081c04                _watchdogDefaultSetup
                0x00081c04                watchdogSetup()
 .text._ZN6StringD2Ev
                0x00081c10        0xe C:\Users\Phuong\AppData\Local\Temp\VMBuilds\Sketch1\arduino_due_x_dbg\Debug/core.a(WString.cpp.o)
                0x00081c10                String::~String()
                0x00081c10                String::~String()
 .text._ZN6String10invalidateEv
                0x00081c1e       0x16 C:\Users\Phuong\AppData\Local\Temp\VMBuilds\Sketch1\arduino_due_x_dbg\Debug/core.a(WString.cpp.o)
                0x00081c1e                String::invalidate()
 .text._ZN6String12changeBufferEj
                0x00081c34       0x18 C:\Users\Phuong\AppData\Local\Temp\VMBuilds\Sketch1\arduino_due_x_dbg\Debug/core.a(WString.cpp.o)
                0x00081c34                String::changeBuffer(unsigned int)
 .text._ZN6String7reserveEj
                0x00081c4c       0x22 C:\Users\Phuong\AppData\Local\Temp\VMBuilds\Sketch1\arduino_due_x_dbg\Debug/core.a(WString.cpp.o)
                0x00081c4c                String::reserve(unsigned int)
 .text._ZN6String4copyEPKcj
                0x00081c6e       0x26 C:\Users\Phuong\AppData\Local\Temp\VMBuilds\Sketch1\arduino_due_x_dbg\Debug/core.a(WString.cpp.o)
                0x00081c6e                String::copy(char const*, unsigned int)
 .text._ZN6StringC2EPKc
                0x00081c94       0x24 C:\Users\Phuong\AppData\Local\Temp\VMBuilds\Sketch1\arduino_due_x_dbg\Debug/core.a(WString.cpp.o)
                0x00081c94                String::String(char const*)
                0x00081c94                String::String(char const*)
 .text._ZN6StringaSEPKc
                0x00081cb8       0x22 C:\Users\Phuong\AppData\Local\Temp\VMBuilds\Sketch1\arduino_due_x_dbg\Debug/core.a(WString.cpp.o)
                0x00081cb8                String::operator=(char const*)
 .text._ZN6String6concatEPKcj
                0x00081cda       0x2e C:\Users\Phuong\AppData\Local\Temp\VMBuilds\Sketch1\arduino_due_x_dbg\Debug/core.a(WString.cpp.o)
                0x00081cda                String::concat(char const*, unsigned int)
 .text._ZN6String6concatEc
                0x00081d08       0x1a C:\Users\Phuong\AppData\Local\Temp\VMBuilds\Sketch1\arduino_due_x_dbg\Debug/core.a(WString.cpp.o)
                0x00081d08                String::concat(char)
 .text._ZNK6String5toIntEv
                0x00081d22        0xa C:\Users\Phuong\AppData\Local\Temp\VMBuilds\Sketch1\arduino_due_x_dbg\Debug/core.a(WString.cpp.o)
                0x00081d22                String::toInt() const
 .text.unlikely._ZL11USB_SendZlpv
                0x00081d2c       0x20 C:\Users\Phuong\AppData\Local\Temp\VMBuilds\Sketch1\arduino_due_x_dbg\Debug/core.a(USBCore.cpp.o)
 .text._Z14USBD_Availablem
                0x00081d4c       0x2c C:\Users\Phuong\AppData\Local\Temp\VMBuilds\Sketch1\arduino_due_x_dbg\Debug/core.a(USBCore.cpp.o)
                0x00081d4c                USBD_Available(unsigned long)
 .text._Z9USBD_RecvmPvm
                0x00081d78       0x7c C:\Users\Phuong\AppData\Local\Temp\VMBuilds\Sketch1\arduino_due_x_dbg\Debug/core.a(USBCore.cpp.o)
                0x00081d78                USBD_Recv(unsigned long, void*, unsigned long)
 .text._Z9USBD_Recvm
                0x00081df4       0x22 C:\Users\Phuong\AppData\Local\Temp\VMBuilds\Sketch1\arduino_due_x_dbg\Debug/core.a(USBCore.cpp.o)
                0x00081df4                USBD_Recv(unsigned long)
 *fill*         0x00081e16        0x2 
 .text._Z9USBD_SendmPKvm
                0x00081e18       0x4c C:\Users\Phuong\AppData\Local\Temp\VMBuilds\Sketch1\arduino_due_x_dbg\Debug/core.a(USBCore.cpp.o)
                0x00081e18                USBD_Send(unsigned long, void const*, unsigned long)
 .text._Z16USBD_SendControlhPKvm
                0x00081e64       0x40 C:\Users\Phuong\AppData\Local\Temp\VMBuilds\Sketch1\arduino_due_x_dbg\Debug/core.a(USBCore.cpp.o)
                0x00081e64                USBD_SendControl(unsigned char, void const*, unsigned long)
 .text.unlikely._ZL24USB_SendStringDescriptorPKhi
                0x00081ea4       0x64 C:\Users\Phuong\AppData\Local\Temp\VMBuilds\Sketch1\arduino_due_x_dbg\Debug/core.a(USBCore.cpp.o)
 .text._Z16USBD_RecvControlPvm
                0x00081f08       0x1c C:\Users\Phuong\AppData\Local\Temp\VMBuilds\Sketch1\arduino_due_x_dbg\Debug/core.a(USBCore.cpp.o)
                0x00081f08                USBD_RecvControl(void*, unsigned long)
 .text._Z26USBD_ClassInterfaceRequestR8USBSetup
                0x00081f24       0x1e C:\Users\Phuong\AppData\Local\Temp\VMBuilds\Sketch1\arduino_due_x_dbg\Debug/core.a(USBCore.cpp.o)
                0x00081f24                USBD_ClassInterfaceRequest(USBSetup&)
 .text._Z19USBD_SendInterfacesv
                0x00081f42       0x22 C:\Users\Phuong\AppData\Local\Temp\VMBuilds\Sketch1\arduino_due_x_dbg\Debug/core.a(USBCore.cpp.o)
                0x00081f42                USBD_SendInterfaces()
 .text._Z24USBD_SendOtherInterfacesv
                0x00081f64       0x22 C:\Users\Phuong\AppData\Local\Temp\VMBuilds\Sketch1\arduino_due_x_dbg\Debug/core.a(USBCore.cpp.o)
                0x00081f64                USBD_SendOtherInterfaces()
 .text._Z10USBD_Flushm
                0x00081f86       0x16 C:\Users\Phuong\AppData\Local\Temp\VMBuilds\Sketch1\arduino_due_x_dbg\Debug/core.a(USBCore.cpp.o)
                0x00081f86                USBD_Flush(unsigned long)
 .text._ZN10USBDevice_C2Ev
                0x00081f9c       0x24 C:\Users\Phuong\AppData\Local\Temp\VMBuilds\Sketch1\arduino_due_x_dbg\Debug/core.a(USBCore.cpp.o)
                0x00081f9c                USBDevice_::USBDevice_()
                0x00081f9c                USBDevice_::USBDevice_()
 .text._ZN10USBDevice_6attachEv
                0x00081fc0       0x20 C:\Users\Phuong\AppData\Local\Temp\VMBuilds\Sketch1\arduino_due_x_dbg\Debug/core.a(USBCore.cpp.o)
                0x00081fc0                USBDevice_::attach()
 .text.startup._GLOBAL__sub_I_EndPoints
                0x00081fe0        0xc C:\Users\Phuong\AppData\Local\Temp\VMBuilds\Sketch1\arduino_due_x_dbg\Debug/core.a(USBCore.cpp.o)
 .text._ZL7USB_ISRv
                0x00081fec      0x454 C:\Users\Phuong\AppData\Local\Temp\VMBuilds\Sketch1\arduino_due_x_dbg\Debug/core.a(USBCore.cpp.o)
 .text._ZN7Serial_9availableEv
                0x00082440       0x18 C:\Users\Phuong\AppData\Local\Temp\VMBuilds\Sketch1\arduino_due_x_dbg\Debug/core.a(CDC.cpp.o)
                0x00082440                Serial_::available()
 .text._ZN7Serial_17availableForWriteEv
                0x00082458        0x6 C:\Users\Phuong\AppData\Local\Temp\VMBuilds\Sketch1\arduino_due_x_dbg\Debug/core.a(CDC.cpp.o)
                0x00082458                Serial_::availableForWrite()
 *fill*         0x0008245e        0x2 
 .text._ZN7Serial_4peekEv
                0x00082460       0x20 C:\Users\Phuong\AppData\Local\Temp\VMBuilds\Sketch1\arduino_due_x_dbg\Debug/core.a(CDC.cpp.o)
                0x00082460                Serial_::peek()
 .text._ZN7Serial_5writeEh
                0x00082480       0x16 C:\Users\Phuong\AppData\Local\Temp\VMBuilds\Sketch1\arduino_due_x_dbg\Debug/core.a(CDC.cpp.o)
                0x00082480                Serial_::write(unsigned char)
 *fill*         0x00082496        0x2 
 .text._ZN7Serial_4readEv
                0x00082498       0x44 C:\Users\Phuong\AppData\Local\Temp\VMBuilds\Sketch1\arduino_due_x_dbg\Debug/core.a(CDC.cpp.o)
                0x00082498                Serial_::read()
 .text._ZN7Serial_5flushEv
                0x000824dc        0x6 C:\Users\Phuong\AppData\Local\Temp\VMBuilds\Sketch1\arduino_due_x_dbg\Debug/core.a(CDC.cpp.o)
                0x000824dc                Serial_::flush()
 *fill*         0x000824e2        0x2 
 .text._ZN7Serial_6acceptEv
                0x000824e4       0x70 C:\Users\Phuong\AppData\Local\Temp\VMBuilds\Sketch1\arduino_due_x_dbg\Debug/core.a(CDC.cpp.o)
                0x000824e4                Serial_::accept()
 .text._ZN7Serial_5writeEPKhj
                0x00082554       0x2c C:\Users\Phuong\AppData\Local\Temp\VMBuilds\Sketch1\arduino_due_x_dbg\Debug/core.a(CDC.cpp.o)
                0x00082554                Serial_::write(unsigned char const*, unsigned int)
 .text._Z16CDC_GetInterfacePh
                0x00082580       0x14 C:\Users\Phuong\AppData\Local\Temp\VMBuilds\Sketch1\arduino_due_x_dbg\Debug/core.a(CDC.cpp.o)
                0x00082580                CDC_GetInterface(unsigned char*)
 .text._Z21CDC_GetOtherInterfacePh
                0x00082594       0x14 C:\Users\Phuong\AppData\Local\Temp\VMBuilds\Sketch1\arduino_due_x_dbg\Debug/core.a(CDC.cpp.o)
                0x00082594                CDC_GetOtherInterface(unsigned char*)
 .text._Z9CDC_SetupR8USBSetup
                0x000825a8       0x78 C:\Users\Phuong\AppData\Local\Temp\VMBuilds\Sketch1\arduino_due_x_dbg\Debug/core.a(CDC.cpp.o)
                0x000825a8                CDC_Setup(USBSetup&)
 .text.startup._GLOBAL__sub_I_cdc_rx_buffer
                0x00082620       0x1c C:\Users\Phuong\AppData\Local\Temp\VMBuilds\Sketch1\arduino_due_x_dbg\Debug/core.a(CDC.cpp.o)
 .text._ZN13PluggableUSB_12getInterfaceEPh
                0x0008263c       0x28 C:\Users\Phuong\AppData\Local\Temp\VMBuilds\Sketch1\arduino_due_x_dbg\Debug/core.a(PluggableUSB.cpp.o)
                0x0008263c                PluggableUSB_::getInterface(unsigned char*)
 .text._ZN13PluggableUSB_13getDescriptorER8USBSetup
                0x00082664       0x1c C:\Users\Phuong\AppData\Local\Temp\VMBuilds\Sketch1\arduino_due_x_dbg\Debug/core.a(PluggableUSB.cpp.o)
                0x00082664                PluggableUSB_::getDescriptor(USBSetup&)
 .text._ZN13PluggableUSB_12getShortNameEPc
                0x00082680       0x1c C:\Users\Phuong\AppData\Local\Temp\VMBuilds\Sketch1\arduino_due_x_dbg\Debug/core.a(PluggableUSB.cpp.o)
                0x00082680                PluggableUSB_::getShortName(char*)
 .text._ZN13PluggableUSB_5setupER8USBSetup
                0x0008269c       0x20 C:\Users\Phuong\AppData\Local\Temp\VMBuilds\Sketch1\arduino_due_x_dbg\Debug/core.a(PluggableUSB.cpp.o)
                0x0008269c                PluggableUSB_::setup(USBSetup&)
 .text._Z12PluggableUSBv
                0x000826bc       0x28 C:\Users\Phuong\AppData\Local\Temp\VMBuilds\Sketch1\arduino_due_x_dbg\Debug/core.a(PluggableUSB.cpp.o)
                0x000826bc                PluggableUSB()
 .text.FindClockConfiguration
                0x000826e4       0x7c C:\Users\Phuong\AppData\Local\arduino15\packages\arduino\hardware\sam\1.6.11\variants\arduino_due_x/libsam_sam3x8e_gcc_rel.a(pwmc.o)
 .text.PWMC_ConfigureChannel
                0x00082760       0x60 C:\Users\Phuong\AppData\Local\arduino15\packages\arduino\hardware\sam\1.6.11\variants\arduino_due_x/libsam_sam3x8e_gcc_rel.a(pwmc.o)
                0x00082760                PWMC_ConfigureChannel
 .text.PWMC_ConfigureClocks
                0x000827c0       0x54 C:\Users\Phuong\AppData\Local\arduino15\packages\arduino\hardware\sam\1.6.11\variants\arduino_due_x/libsam_sam3x8e_gcc_rel.a(pwmc.o)
                0x000827c0                PWMC_ConfigureClocks
 .text.PWMC_SetPeriod
                0x00082814       0x1a C:\Users\Phuong\AppData\Local\arduino15\packages\arduino\hardware\sam\1.6.11\variants\arduino_due_x/libsam_sam3x8e_gcc_rel.a(pwmc.o)
                0x00082814                PWMC_SetPeriod
 *fill*         0x0008282e        0x2 
 .text.PWMC_SetDutyCycle
                0x00082830       0x44 C:\Users\Phuong\AppData\Local\arduino15\packages\arduino\hardware\sam\1.6.11\variants\arduino_due_x/libsam_sam3x8e_gcc_rel.a(pwmc.o)
                0x00082830                PWMC_SetDutyCycle
 .text.PWMC_EnableChannel
                0x00082874        0xa C:\Users\Phuong\AppData\Local\arduino15\packages\arduino\hardware\sam\1.6.11\variants\arduino_due_x/libsam_sam3x8e_gcc_rel.a(pwmc.o)
                0x00082874                PWMC_EnableChannel
 *fill*         0x0008287e        0x2 
 .text.TimeTick_Increment
                0x00082880       0x10 C:\Users\Phuong\AppData\Local\arduino15\packages\arduino\hardware\sam\1.6.11\variants\arduino_due_x/libsam_sam3x8e_gcc_rel.a(timetick.o)
                0x00082880                TimeTick_Increment
 .text.GetTickCount
                0x00082890        0xc C:\Users\Phuong\AppData\Local\arduino15\packages\arduino\hardware\sam\1.6.11\variants\arduino_due_x/libsam_sam3x8e_gcc_rel.a(timetick.o)
                0x00082890                GetTickCount
 .text.WDT_Disable
                0x0008289c        0x8 C:\Users\Phuong\AppData\Local\arduino15\packages\arduino\hardware\sam\1.6.11\variants\arduino_due_x/libsam_sam3x8e_gcc_rel.a(wdt.o)
                0x0008289c                WDT_Disable
 .text.UDD_SetStack
                0x000828a4        0xc C:\Users\Phuong\AppData\Local\arduino15\packages\arduino\hardware\sam\1.6.11\variants\arduino_due_x/libsam_sam3x8e_gcc_rel.a(uotghs_device.o)
                0x000828a4                UDD_SetStack
 .text.UDD_Init
                0x000828b0       0xd0 C:\Users\Phuong\AppData\Local\arduino15\packages\arduino\hardware\sam\1.6.11\variants\arduino_due_x/libsam_sam3x8e_gcc_rel.a(uotghs_device.o)
                0x000828b0                UDD_Init
 .text.UDD_Attach
                0x00082980       0x50 C:\Users\Phuong\AppData\Local\arduino15\packages\arduino\hardware\sam\1.6.11\variants\arduino_due_x/libsam_sam3x8e_gcc_rel.a(uotghs_device.o)
                0x00082980                UDD_Attach
 .text.UDD_InitEP
                0x000829d0       0x2c C:\Users\Phuong\AppData\Local\arduino15\packages\arduino\hardware\sam\1.6.11\variants\arduino_due_x/libsam_sam3x8e_gcc_rel.a(uotghs_device.o)
                0x000829d0                UDD_InitEP
 .text.UDD_InitEndpoints
                0x000829fc       0x3c C:\Users\Phuong\AppData\Local\arduino15\packages\arduino\hardware\sam\1.6.11\variants\arduino_due_x/libsam_sam3x8e_gcc_rel.a(uotghs_device.o)
                0x000829fc                UDD_InitEndpoints
 .text.UDD_WaitIN
                0x00082a38       0x10 C:\Users\Phuong\AppData\Local\arduino15\packages\arduino\hardware\sam\1.6.11\variants\arduino_due_x/libsam_sam3x8e_gcc_rel.a(uotghs_device.o)
                0x00082a38                UDD_WaitIN
 .text.UDD_WaitOUT
                0x00082a48       0x10 C:\Users\Phuong\AppData\Local\arduino15\packages\arduino\hardware\sam\1.6.11\variants\arduino_due_x/libsam_sam3x8e_gcc_rel.a(uotghs_device.o)
                0x00082a48                UDD_WaitOUT
 .text.UDD_ClearIN
                0x00082a58       0x18 C:\Users\Phuong\AppData\Local\arduino15\packages\arduino\hardware\sam\1.6.11\variants\arduino_due_x/libsam_sam3x8e_gcc_rel.a(uotghs_device.o)
                0x00082a58                UDD_ClearIN
 .text.UDD_ClearOUT
                0x00082a70       0x18 C:\Users\Phuong\AppData\Local\arduino15\packages\arduino\hardware\sam\1.6.11\variants\arduino_due_x/libsam_sam3x8e_gcc_rel.a(uotghs_device.o)
                0x00082a70                UDD_ClearOUT
 .text.UDD_ReceivedSetupInt
                0x00082a88       0x10 C:\Users\Phuong\AppData\Local\arduino15\packages\arduino\hardware\sam\1.6.11\variants\arduino_due_x/libsam_sam3x8e_gcc_rel.a(uotghs_device.o)
                0x00082a88                UDD_ReceivedSetupInt
 .text.UDD_ClearSetupInt
                0x00082a98       0x10 C:\Users\Phuong\AppData\Local\arduino15\packages\arduino\hardware\sam\1.6.11\variants\arduino_due_x/libsam_sam3x8e_gcc_rel.a(uotghs_device.o)
                0x00082a98                UDD_ClearSetupInt
 .text.UDD_Send
                0x00082aa8       0x88 C:\Users\Phuong\AppData\Local\arduino15\packages\arduino\hardware\sam\1.6.11\variants\arduino_due_x/libsam_sam3x8e_gcc_rel.a(uotghs_device.o)
                0x00082aa8                UDD_Send
 .text.UDD_Send8
                0x00082b30       0x24 C:\Users\Phuong\AppData\Local\arduino15\packages\arduino\hardware\sam\1.6.11\variants\arduino_due_x/libsam_sam3x8e_gcc_rel.a(uotghs_device.o)
                0x00082b30                UDD_Send8
 .text.UDD_Recv8
                0x00082b54       0x28 C:\Users\Phuong\AppData\Local\arduino15\packages\arduino\hardware\sam\1.6.11\variants\arduino_due_x/libsam_sam3x8e_gcc_rel.a(uotghs_device.o)
                0x00082b54                UDD_Recv8
 .text.UDD_Recv
                0x00082b7c       0x34 C:\Users\Phuong\AppData\Local\arduino15\packages\arduino\hardware\sam\1.6.11\variants\arduino_due_x/libsam_sam3x8e_gcc_rel.a(uotghs_device.o)
                0x00082b7c                UDD_Recv
 .text.UDD_Stall
                0x00082bb0       0x14 C:\Users\Phuong\AppData\Local\arduino15\packages\arduino\hardware\sam\1.6.11\variants\arduino_due_x/libsam_sam3x8e_gcc_rel.a(uotghs_device.o)
                0x00082bb0                UDD_Stall
 .text.UDD_FifoByteCount
                0x00082bc4       0x14 C:\Users\Phuong\AppData\Local\arduino15\packages\arduino\hardware\sam\1.6.11\variants\arduino_due_x/libsam_sam3x8e_gcc_rel.a(uotghs_device.o)
                0x00082bc4                UDD_FifoByteCount
 .text.UDD_ReleaseRX
                0x00082bd8       0x28 C:\Users\Phuong\AppData\Local\arduino15\packages\arduino\hardware\sam\1.6.11\variants\arduino_due_x/libsam_sam3x8e_gcc_rel.a(uotghs_device.o)
                0x00082bd8                UDD_ReleaseRX
 .text.UDD_ReleaseTX
                0x00082c00       0x28 C:\Users\Phuong\AppData\Local\arduino15\packages\arduino\hardware\sam\1.6.11\variants\arduino_due_x/libsam_sam3x8e_gcc_rel.a(uotghs_device.o)
                0x00082c00                UDD_ReleaseTX
 .text.UDD_SetAddress
                0x00082c28       0x20 C:\Users\Phuong\AppData\Local\arduino15\packages\arduino\hardware\sam\1.6.11\variants\arduino_due_x/libsam_sam3x8e_gcc_rel.a(uotghs_device.o)
                0x00082c28                UDD_SetAddress
 .text.dacc_reset
                0x00082c48        0x6 C:\Users\Phuong\AppData\Local\arduino15\packages\arduino\hardware\sam\1.6.11\variants\arduino_due_x/libsam_sam3x8e_gcc_rel.a(dacc.o)
                0x00082c48                dacc_reset
 .text.dacc_set_transfer_mode
                0x00082c4e       0x14 C:\Users\Phuong\AppData\Local\arduino15\packages\arduino\hardware\sam\1.6.11\variants\arduino_due_x/libsam_sam3x8e_gcc_rel.a(dacc.o)
                0x00082c4e                dacc_set_transfer_mode
 .text.dacc_get_interrupt_status
                0x00082c62        0x4 C:\Users\Phuong\AppData\Local\arduino15\packages\arduino\hardware\sam\1.6.11\variants\arduino_due_x/libsam_sam3x8e_gcc_rel.a(dacc.o)
                0x00082c62                dacc_get_interrupt_status
 .text.dacc_write_conversion_data
                0x00082c66        0x4 C:\Users\Phuong\AppData\Local\arduino15\packages\arduino\hardware\sam\1.6.11\variants\arduino_due_x/libsam_sam3x8e_gcc_rel.a(dacc.o)
                0x00082c66                dacc_write_conversion_data
 .text.dacc_set_channel_selection
                0x00082c6a       0x18 C:\Users\Phuong\AppData\Local\arduino15\packages\arduino\hardware\sam\1.6.11\variants\arduino_due_x/libsam_sam3x8e_gcc_rel.a(dacc.o)
                0x00082c6a                dacc_set_channel_selection
 .text.dacc_set_power_save
                0x00082c82       0x24 C:\Users\Phuong\AppData\Local\arduino15\packages\arduino\hardware\sam\1.6.11\variants\arduino_due_x/libsam_sam3x8e_gcc_rel.a(dacc.o)
                0x00082c82                dacc_set_power_save
 .text.dacc_set_timing
                0x00082ca6       0x2c C:\Users\Phuong\AppData\Local\arduino15\packages\arduino\hardware\sam\1.6.11\variants\arduino_due_x/libsam_sam3x8e_gcc_rel.a(dacc.o)
                0x00082ca6                dacc_set_timing
 .text.dacc_enable_channel
                0x00082cd2       0x12 C:\Users\Phuong\AppData\Local\arduino15\packages\arduino\hardware\sam\1.6.11\variants\arduino_due_x/libsam_sam3x8e_gcc_rel.a(dacc.o)
                0x00082cd2                dacc_enable_channel
 .text.dacc_get_channel_status
                0x00082ce4        0x4 C:\Users\Phuong\AppData\Local\arduino15\packages\arduino\hardware\sam\1.6.11\variants\arduino_due_x/libsam_sam3x8e_gcc_rel.a(dacc.o)
                0x00082ce4                dacc_get_channel_status
 .text.dacc_set_analog_control
                0x00082ce8        0x8 C:\Users\Phuong\AppData\Local\arduino15\packages\arduino\hardware\sam\1.6.11\variants\arduino_due_x/libsam_sam3x8e_gcc_rel.a(dacc.o)
                0x00082ce8                dacc_set_analog_control
 .text          0x00082cf0      0x370 c:/users/phuong/appdata/local/arduino15/packages/arduino/tools/arm-none-eabi-gcc/4.8.3-2014q1/bin/../lib/gcc/arm-none-eabi/4.8.3/armv7-m\libgcc.a(_arm_addsubdf3.o)
                0x00082cf0                __aeabi_drsub
                0x00082cf8                __aeabi_dsub
                0x00082cf8                __subdf3
                0x00082cfc                __aeabi_dadd
                0x00082cfc                __adddf3
                0x00082f74                __floatunsidf
                0x00082f74                __aeabi_ui2d
                0x00082f94                __floatsidf
                0x00082f94                __aeabi_i2d
                0x00082fb8                __aeabi_f2d
                0x00082fb8                __extendsfdf2
                0x00082ff4                __floatundidf
                0x00082ff4                __aeabi_ul2d
                0x00083004                __floatdidf
                0x00083004                __aeabi_l2d
 .text          0x00083060      0x424 c:/users/phuong/appdata/local/arduino15/packages/arduino/tools/arm-none-eabi-gcc/4.8.3-2014q1/bin/../lib/gcc/arm-none-eabi/4.8.3/armv7-m\libgcc.a(_arm_muldivdf3.o)
                0x00083060                __aeabi_dmul
                0x00083060                __muldf3
                0x000832b4                __divdf3
                0x000832b4                __aeabi_ddiv
 .text          0x00083484      0x110 c:/users/phuong/appdata/local/arduino15/packages/arduino/tools/arm-none-eabi-gcc/4.8.3-2014q1/bin/../lib/gcc/arm-none-eabi/4.8.3/armv7-m\libgcc.a(_arm_cmpdf2.o)
                0x00083484                __gtdf2
                0x00083484                __gedf2
                0x0008348c                __ltdf2
                0x0008348c                __ledf2
                0x00083494                __nedf2
                0x00083494                __eqdf2
                0x00083494                __cmpdf2
                0x00083510                __aeabi_cdrcmple
                0x00083520                __aeabi_cdcmpeq
                0x00083520                __aeabi_cdcmple
                0x00083530                __aeabi_dcmpeq
                0x00083544                __aeabi_dcmplt
                0x00083558                __aeabi_dcmple
                0x0008356c                __aeabi_dcmpge
                0x00083580                __aeabi_dcmpgt
 .text          0x00083594       0x50 c:/users/phuong/appdata/local/arduino15/packages/arduino/tools/arm-none-eabi-gcc/4.8.3-2014q1/bin/../lib/gcc/arm-none-eabi/4.8.3/armv7-m\libgcc.a(_arm_fixdfsi.o)
                0x00083594                __aeabi_d2iz
                0x00083594                __fixdfsi
 .text          0x000835e4       0xa0 c:/users/phuong/appdata/local/arduino15/packages/arduino/tools/arm-none-eabi-gcc/4.8.3-2014q1/bin/../lib/gcc/arm-none-eabi/4.8.3/armv7-m\libgcc.a(_arm_truncdfsf2.o)
                0x000835e4                __truncdfsf2
                0x000835e4                __aeabi_d2f
 .text          0x00083684      0x21c c:/users/phuong/appdata/local/arduino15/packages/arduino/tools/arm-none-eabi-gcc/4.8.3-2014q1/bin/../lib/gcc/arm-none-eabi/4.8.3/armv7-m\libgcc.a(_arm_addsubsf3.o)
                0x00083684                __aeabi_frsub
                0x0008368c                __subsf3
                0x0008368c                __aeabi_fsub
                0x00083690                __aeabi_fadd
                0x00083690                __addsf3
                0x000837f0                __aeabi_ui2f
                0x000837f0                __floatunsisf
                0x000837f8                __aeabi_i2f
                0x000837f8                __floatsisf
                0x00083814                __aeabi_ul2f
                0x00083814                __floatundisf
                0x00083824                __aeabi_l2f
                0x00083824                __floatdisf
 .text          0x000838a0      0x2a0 c:/users/phuong/appdata/local/arduino15/packages/arduino/tools/arm-none-eabi-gcc/4.8.3-2014q1/bin/../lib/gcc/arm-none-eabi/4.8.3/armv7-m\libgcc.a(_arm_muldivsf3.o)
                0x000838a0                __mulsf3
                0x000838a0                __aeabi_fmul
                0x00083a08                __aeabi_fdiv
                0x00083a08                __divsf3
 .text          0x00083b40       0xec c:/users/phuong/appdata/local/arduino15/packages/arduino/tools/arm-none-eabi-gcc/4.8.3-2014q1/bin/../lib/gcc/arm-none-eabi/4.8.3/armv7-m\libgcc.a(_arm_cmpsf2.o)
                0x00083b40                __gesf2
                0x00083b40                __gtsf2
                0x00083b48                __lesf2
                0x00083b48                __ltsf2
                0x00083b50                __nesf2
                0x00083b50                __eqsf2
                0x00083b50                __cmpsf2
                0x00083bb0                __aeabi_cfrcmple
                0x00083bb8                __aeabi_cfcmpeq
                0x00083bb8                __aeabi_cfcmple
                0x00083bc8                __aeabi_fcmpeq
                0x00083bdc                __aeabi_fcmplt
                0x00083bf0                __aeabi_fcmple
                0x00083c04                __aeabi_fcmpge
                0x00083c18                __aeabi_fcmpgt
 .text.__aeabi_atexit
                0x00083c2c        0xc c:/users/phuong/appdata/local/arduino15/packages/arduino/tools/arm-none-eabi-gcc/4.8.3-2014q1/bin/../lib/gcc/arm-none-eabi/4.8.3/../../../../arm-none-eabi/lib/armv7-m\libg.a(lib_a-aeabi_atexit.o)
                0x00083c2c                __aeabi_atexit
 .text.__assert_func
                0x00083c38       0x3c c:/users/phuong/appdata/local/arduino15/packages/arduino/tools/arm-none-eabi-gcc/4.8.3-2014q1/bin/../lib/gcc/arm-none-eabi/4.8.3/../../../../arm-none-eabi/lib/armv7-m\libg.a(lib_a-assert.o)
                0x00083c38                __assert_func
 .text.atol     0x00083c74        0x8 c:/users/phuong/appdata/local/arduino15/packages/arduino/tools/arm-none-eabi-gcc/4.8.3-2014q1/bin/../lib/gcc/arm-none-eabi/4.8.3/../../../../arm-none-eabi/lib/armv7-m\libg.a(lib_a-atol.o)
                0x00083c74                atol
 .text.__cxa_atexit
                0x00083c7c       0x14 c:/users/phuong/appdata/local/arduino15/packages/arduino/tools/arm-none-eabi-gcc/4.8.3-2014q1/bin/../lib/gcc/arm-none-eabi/4.8.3/../../../../arm-none-eabi/lib/armv7-m\libg.a(lib_a-cxa_atexit.o)
                0x00083c7c                __cxa_atexit
 .text.fiprintf
                0x00083c90       0x28 c:/users/phuong/appdata/local/arduino15/packages/arduino/tools/arm-none-eabi-gcc/4.8.3-2014q1/bin/../lib/gcc/arm-none-eabi/4.8.3/../../../../arm-none-eabi/lib/armv7-m\libg.a(lib_a-fiprintf.o)
                0x00083c90                fiprintf
 .text.__libc_init_array
                0x00083cb8       0x50 c:/users/phuong/appdata/local/arduino15/packages/arduino/tools/arm-none-eabi-gcc/4.8.3-2014q1/bin/../lib/gcc/arm-none-eabi/4.8.3/../../../../arm-none-eabi/lib/armv7-m\libg.a(lib_a-init.o)
                0x00083cb8                __libc_init_array
 .text.iprintf  0x00083d08       0x28 c:/users/phuong/appdata/local/arduino15/packages/arduino/tools/arm-none-eabi-gcc/4.8.3-2014q1/bin/../lib/gcc/arm-none-eabi/4.8.3/../../../../arm-none-eabi/lib/armv7-m\libg.a(lib_a-iprintf.o)
                0x00083d08                iprintf
 .text.malloc   0x00083d30       0x10 c:/users/phuong/appdata/local/arduino15/packages/arduino/tools/arm-none-eabi-gcc/4.8.3-2014q1/bin/../lib/gcc/arm-none-eabi/4.8.3/../../../../arm-none-eabi/lib/armv7-m\libg.a(lib_a-malloc.o)
                0x00083d30                malloc
 .text.free     0x00083d40       0x10 c:/users/phuong/appdata/local/arduino15/packages/arduino/tools/arm-none-eabi-gcc/4.8.3-2014q1/bin/../lib/gcc/arm-none-eabi/4.8.3/../../../../arm-none-eabi/lib/armv7-m\libg.a(lib_a-malloc.o)
                0x00083d40                free
 .text._malloc_r
                0x00083d50      0x538 c:/users/phuong/appdata/local/arduino15/packages/arduino/tools/arm-none-eabi-gcc/4.8.3-2014q1/bin/../lib/gcc/arm-none-eabi/4.8.3/../../../../arm-none-eabi/lib/armv7-m\libg.a(lib_a-mallocr.o)
                0x00083d50                _malloc_r
 .text          0x00084288       0xec c:/users/phuong/appdata/local/arduino15/packages/arduino/tools/arm-none-eabi-gcc/4.8.3-2014q1/bin/../lib/gcc/arm-none-eabi/4.8.3/../../../../arm-none-eabi/lib/armv7-m\libg.a(lib_a-memcpy.o)
                0x00084288                memcpy
 .text.memmove  0x00084374       0xcc c:/users/phuong/appdata/local/arduino15/packages/arduino/tools/arm-none-eabi-gcc/4.8.3-2014q1/bin/../lib/gcc/arm-none-eabi/4.8.3/../../../../arm-none-eabi/lib/armv7-m\libg.a(lib_a-memmove.o)
                0x00084374                memmove
 .text.memset   0x00084440       0x94 c:/users/phuong/appdata/local/arduino15/packages/arduino/tools/arm-none-eabi-gcc/4.8.3-2014q1/bin/../lib/gcc/arm-none-eabi/4.8.3/../../../../arm-none-eabi/lib/armv7-m\libg.a(lib_a-memset.o)
                0x00084440                memset
 .text.__malloc_lock
                0x000844d4        0x4 c:/users/phuong/appdata/local/arduino15/packages/arduino/tools/arm-none-eabi-gcc/4.8.3-2014q1/bin/../lib/gcc/arm-none-eabi/4.8.3/../../../../arm-none-eabi/lib/armv7-m\libg.a(lib_a-mlock.o)
                0x000844d4                __malloc_lock
 .text.__malloc_unlock
                0x000844d8        0x4 c:/users/phuong/appdata/local/arduino15/packages/arduino/tools/arm-none-eabi-gcc/4.8.3-2014q1/bin/../lib/gcc/arm-none-eabi/4.8.3/../../../../arm-none-eabi/lib/armv7-m\libg.a(lib_a-mlock.o)
                0x000844d8                __malloc_unlock
 .text.realloc  0x000844dc       0x10 c:/users/phuong/appdata/local/arduino15/packages/arduino/tools/arm-none-eabi-gcc/4.8.3-2014q1/bin/../lib/gcc/arm-none-eabi/4.8.3/../../../../arm-none-eabi/lib/armv7-m\libg.a(lib_a-realloc.o)
                0x000844dc                realloc
 .text._realloc_r
                0x000844ec      0x3c0 c:/users/phuong/appdata/local/arduino15/packages/arduino/tools/arm-none-eabi-gcc/4.8.3-2014q1/bin/../lib/gcc/arm-none-eabi/4.8.3/../../../../arm-none-eabi/lib/armv7-m\libg.a(lib_a-reallocr.o)
                0x000844ec                _realloc_r
 .text._sbrk_r  0x000848ac       0x24 c:/users/phuong/appdata/local/arduino15/packages/arduino/tools/arm-none-eabi-gcc/4.8.3-2014q1/bin/../lib/gcc/arm-none-eabi/4.8.3/../../../../arm-none-eabi/lib/armv7-m\libg.a(lib_a-sbrkr.o)
                0x000848ac                _sbrk_r
 .text.strcpy   0x000848d0       0xbc c:/users/phuong/appdata/local/arduino15/packages/arduino/tools/arm-none-eabi-gcc/4.8.3-2014q1/bin/../lib/gcc/arm-none-eabi/4.8.3/../../../../arm-none-eabi/lib/armv7-m\libg.a(lib_a-strcpy.o)
                0x000848d0                strcpy
 .text.strlen   0x0008498c       0x60 c:/users/phuong/appdata/local/arduino15/packages/arduino/tools/arm-none-eabi-gcc/4.8.3-2014q1/bin/../lib/gcc/arm-none-eabi/4.8.3/../../../../arm-none-eabi/lib/armv7-m\libg.a(lib_a-strlen.o)
                0x0008498c                strlen
 .text._strtol_r
                0x000849ec      0x114 c:/users/phuong/appdata/local/arduino15/packages/arduino/tools/arm-none-eabi-gcc/4.8.3-2014q1/bin/../lib/gcc/arm-none-eabi/4.8.3/../../../../arm-none-eabi/lib/armv7-m\libg.a(lib_a-strtol.o)
                0x000849ec                _strtol_r
 .text.strtol   0x00084b00       0x18 c:/users/phuong/appdata/local/arduino15/packages/arduino/tools/arm-none-eabi-gcc/4.8.3-2014q1/bin/../lib/gcc/arm-none-eabi/4.8.3/../../../../arm-none-eabi/lib/armv7-m\libg.a(lib_a-strtol.o)
                0x00084b00                strtol
 .text.kill     0x00084b18       0x10 c:/users/phuong/appdata/local/arduino15/packages/arduino/tools/arm-none-eabi-gcc/4.8.3-2014q1/bin/../lib/gcc/arm-none-eabi/4.8.3/../../../../arm-none-eabi/lib/armv7-m\libg.a(lib_a-syskill.o)
                0x00084b18                kill
 .text.__sprint_r.part.0
                0x00084b28       0x78 c:/users/phuong/appdata/local/arduino15/packages/arduino/tools/arm-none-eabi-gcc/4.8.3-2014q1/bin/../lib/gcc/arm-none-eabi/4.8.3/../../../../arm-none-eabi/lib/armv7-m\libg.a(lib_a-vfiprintf.o)
 .text._vfiprintf_r
                0x00084ba0      0xc54 c:/users/phuong/appdata/local/arduino15/packages/arduino/tools/arm-none-eabi-gcc/4.8.3-2014q1/bin/../lib/gcc/arm-none-eabi/4.8.3/../../../../arm-none-eabi/lib/armv7-m\libg.a(lib_a-vfiprintf.o)
                0x00084ba0                _vfiprintf_r
 .text.__sbprintf
                0x000857f4       0x7c c:/users/phuong/appdata/local/arduino15/packages/arduino/tools/arm-none-eabi-gcc/4.8.3-2014q1/bin/../lib/gcc/arm-none-eabi/4.8.3/../../../../arm-none-eabi/lib/armv7-m\libg.a(lib_a-vfiprintf.o)
 .text.__swsetup_r
                0x00085870       0xc4 c:/users/phuong/appdata/local/arduino15/packages/arduino/tools/arm-none-eabi-gcc/4.8.3-2014q1/bin/../lib/gcc/arm-none-eabi/4.8.3/../../../../arm-none-eabi/lib/armv7-m\libg.a(lib_a-wsetup.o)
                0x00085870                __swsetup_r
 .text.__register_exitproc
                0x00085934       0xa8 c:/users/phuong/appdata/local/arduino15/packages/arduino/tools/arm-none-eabi-gcc/4.8.3-2014q1/bin/../lib/gcc/arm-none-eabi/4.8.3/../../../../arm-none-eabi/lib/armv7-m\libg.a(lib_a-__atexit.o)
                0x00085934                __register_exitproc
 .text.startup.register_fini
                0x000859dc       0x14 c:/users/phuong/appdata/local/arduino15/packages/arduino/tools/arm-none-eabi-gcc/4.8.3-2014q1/bin/../lib/gcc/arm-none-eabi/4.8.3/../../../../arm-none-eabi/lib/armv7-m\libg.a(lib_a-__call_atexit.o)
 .text.abort    0x000859f0       0x10 c:/users/phuong/appdata/local/arduino15/packages/arduino/tools/arm-none-eabi-gcc/4.8.3-2014q1/bin/../lib/gcc/arm-none-eabi/4.8.3/../../../../arm-none-eabi/lib/armv7-m\libg.a(lib_a-abort.o)
                0x000859f0                abort
 .text.atexit   0x00085a00        0xc c:/users/phuong/appdata/local/arduino15/packages/arduino/tools/arm-none-eabi-gcc/4.8.3-2014q1/bin/../lib/gcc/arm-none-eabi/4.8.3/../../../../arm-none-eabi/lib/armv7-m\libg.a(lib_a-atexit.o)
                0x00085a00                atexit
 .text.__sflush_r
                0x00085a0c      0x148 c:/users/phuong/appdata/local/arduino15/packages/arduino/tools/arm-none-eabi-gcc/4.8.3-2014q1/bin/../lib/gcc/arm-none-eabi/4.8.3/../../../../arm-none-eabi/lib/armv7-m\libg.a(lib_a-fflush.o)
                0x00085a0c                __sflush_r
 .text._fflush_r
                0x00085b54       0x2c c:/users/phuong/appdata/local/arduino15/packages/arduino/tools/arm-none-eabi-gcc/4.8.3-2014q1/bin/../lib/gcc/arm-none-eabi/4.8.3/../../../../arm-none-eabi/lib/armv7-m\libg.a(lib_a-fflush.o)
                0x00085b54                _fflush_r
 .text._cleanup_r
                0x00085b80        0xc c:/users/phuong/appdata/local/arduino15/packages/arduino/tools/arm-none-eabi-gcc/4.8.3-2014q1/bin/../lib/gcc/arm-none-eabi/4.8.3/../../../../arm-none-eabi/lib/armv7-m\libg.a(lib_a-findfp.o)
                0x00085b80                _cleanup_r
 .text.__sinit  0x00085b8c       0xf4 c:/users/phuong/appdata/local/arduino15/packages/arduino/tools/arm-none-eabi-gcc/4.8.3-2014q1/bin/../lib/gcc/arm-none-eabi/4.8.3/../../../../arm-none-eabi/lib/armv7-m\libg.a(lib_a-findfp.o)
                0x00085b8c                __sinit
 .text.__sfp_lock_acquire
                0x00085c80        0x4 c:/users/phuong/appdata/local/arduino15/packages/arduino/tools/arm-none-eabi-gcc/4.8.3-2014q1/bin/../lib/gcc/arm-none-eabi/4.8.3/../../../../arm-none-eabi/lib/armv7-m\libg.a(lib_a-findfp.o)
                0x00085c80                __sfp_lock_acquire
 .text.__sfp_lock_release
                0x00085c84        0x4 c:/users/phuong/appdata/local/arduino15/packages/arduino/tools/arm-none-eabi-gcc/4.8.3-2014q1/bin/../lib/gcc/arm-none-eabi/4.8.3/../../../../arm-none-eabi/lib/armv7-m\libg.a(lib_a-findfp.o)
                0x00085c84                __sfp_lock_release
 .text.__libc_fini_array
                0x00085c88       0x30 c:/users/phuong/appdata/local/arduino15/packages/arduino/tools/arm-none-eabi-gcc/4.8.3-2014q1/bin/../lib/gcc/arm-none-eabi/4.8.3/../../../../arm-none-eabi/lib/armv7-m\libg.a(lib_a-fini.o)
                0x00085c88                __libc_fini_array
 .text._fputwc_r
                0x00085cb8       0xc0 c:/users/phuong/appdata/local/arduino15/packages/arduino/tools/arm-none-eabi-gcc/4.8.3-2014q1/bin/../lib/gcc/arm-none-eabi/4.8.3/../../../../arm-none-eabi/lib/armv7-m\libg.a(lib_a-fputwc.o)
                0x00085cb8                _fputwc_r
 .text._malloc_trim_r
                0x00085d78       0x9c c:/users/phuong/appdata/local/arduino15/packages/arduino/tools/arm-none-eabi-gcc/4.8.3-2014q1/bin/../lib/gcc/arm-none-eabi/4.8.3/../../../../arm-none-eabi/lib/armv7-m\libg.a(lib_a-freer.o)
                0x00085d78                _malloc_trim_r
 .text._free_r  0x00085e14      0x198 c:/users/phuong/appdata/local/arduino15/packages/arduino/tools/arm-none-eabi-gcc/4.8.3-2014q1/bin/../lib/gcc/arm-none-eabi/4.8.3/../../../../arm-none-eabi/lib/armv7-m\libg.a(lib_a-freer.o)
                0x00085e14                _free_r
 .text.__sfvwrite_r
                0x00085fac      0x314 c:/users/phuong/appdata/local/arduino15/packages/arduino/tools/arm-none-eabi-gcc/4.8.3-2014q1/bin/../lib/gcc/arm-none-eabi/4.8.3/../../../../arm-none-eabi/lib/armv7-m\libg.a(lib_a-fvwrite.o)
                0x00085fac                __sfvwrite_r
 .text._fwalk   0x000862c0       0x48 c:/users/phuong/appdata/local/arduino15/packages/arduino/tools/arm-none-eabi-gcc/4.8.3-2014q1/bin/../lib/gcc/arm-none-eabi/4.8.3/../../../../arm-none-eabi/lib/armv7-m\libg.a(lib_a-fwalk.o)
                0x000862c0                _fwalk
 .text.__locale_charset
                0x00086308        0x8 c:/users/phuong/appdata/local/arduino15/packages/arduino/tools/arm-none-eabi-gcc/4.8.3-2014q1/bin/../lib/gcc/arm-none-eabi/4.8.3/../../../../arm-none-eabi/lib/armv7-m\libg.a(lib_a-locale.o)
                0x00086308                __locale_charset
 .text.__locale_mb_cur_max
                0x00086310        0xc c:/users/phuong/appdata/local/arduino15/packages/arduino/tools/arm-none-eabi-gcc/4.8.3-2014q1/bin/../lib/gcc/arm-none-eabi/4.8.3/../../../../arm-none-eabi/lib/armv7-m\libg.a(lib_a-locale.o)
                0x00086310                __locale_mb_cur_max
 .text.__smakebuf_r
                0x0008631c       0xe0 c:/users/phuong/appdata/local/arduino15/packages/arduino/tools/arm-none-eabi-gcc/4.8.3-2014q1/bin/../lib/gcc/arm-none-eabi/4.8.3/../../../../arm-none-eabi/lib/armv7-m\libg.a(lib_a-makebuf.o)
                0x0008631c                __smakebuf_r
 .text.memchr   0x000863fc       0x94 c:/users/phuong/appdata/local/arduino15/packages/arduino/tools/arm-none-eabi-gcc/4.8.3-2014q1/bin/../lib/gcc/arm-none-eabi/4.8.3/../../../../arm-none-eabi/lib/armv7-m\libg.a(lib_a-memchr-stub.o)
                0x000863fc                memchr
 .text._raise_r
                0x00086490       0x58 c:/users/phuong/appdata/local/arduino15/packages/arduino/tools/arm-none-eabi-gcc/4.8.3-2014q1/bin/../lib/gcc/arm-none-eabi/4.8.3/../../../../arm-none-eabi/lib/armv7-m\libg.a(lib_a-signal.o)
                0x00086490                _raise_r
 .text.raise    0x000864e8       0x10 c:/users/phuong/appdata/local/arduino15/packages/arduino/tools/arm-none-eabi-gcc/4.8.3-2014q1/bin/../lib/gcc/arm-none-eabi/4.8.3/../../../../arm-none-eabi/lib/armv7-m\libg.a(lib_a-signal.o)
                0x000864e8                raise
 .text._kill_r  0x000864f8       0x28 c:/users/phuong/appdata/local/arduino15/packages/arduino/tools/arm-none-eabi-gcc/4.8.3-2014q1/bin/../lib/gcc/arm-none-eabi/4.8.3/../../../../arm-none-eabi/lib/armv7-m\libg.a(lib_a-signalr.o)
                0x000864f8                _kill_r
 .text._getpid_r
                0x00086520        0x4 c:/users/phuong/appdata/local/arduino15/packages/arduino/tools/arm-none-eabi-gcc/4.8.3-2014q1/bin/../lib/gcc/arm-none-eabi/4.8.3/../../../../arm-none-eabi/lib/armv7-m\libg.a(lib_a-signalr.o)
                0x00086520                _getpid_r
 .text.__sread  0x00086524       0x24 c:/users/phuong/appdata/local/arduino15/packages/arduino/tools/arm-none-eabi-gcc/4.8.3-2014q1/bin/../lib/gcc/arm-none-eabi/4.8.3/../../../../arm-none-eabi/lib/armv7-m\libg.a(lib_a-stdio.o)
                0x00086524                __sread
 .text.__swrite
                0x00086548       0x38 c:/users/phuong/appdata/local/arduino15/packages/arduino/tools/arm-none-eabi-gcc/4.8.3-2014q1/bin/../lib/gcc/arm-none-eabi/4.8.3/../../../../arm-none-eabi/lib/armv7-m\libg.a(lib_a-stdio.o)
                0x00086548                __swrite
 .text.__sseek  0x00086580       0x20 c:/users/phuong/appdata/local/arduino15/packages/arduino/tools/arm-none-eabi-gcc/4.8.3-2014q1/bin/../lib/gcc/arm-none-eabi/4.8.3/../../../../arm-none-eabi/lib/armv7-m\libg.a(lib_a-stdio.o)
                0x00086580                __sseek
 .text.__sclose
                0x000865a0        0x8 c:/users/phuong/appdata/local/arduino15/packages/arduino/tools/arm-none-eabi-gcc/4.8.3-2014q1/bin/../lib/gcc/arm-none-eabi/4.8.3/../../../../arm-none-eabi/lib/armv7-m\libg.a(lib_a-stdio.o)
                0x000865a0                __sclose
 .text.__swbuf_r
                0x000865a8       0xa8 c:/users/phuong/appdata/local/arduino15/packages/arduino/tools/arm-none-eabi-gcc/4.8.3-2014q1/bin/../lib/gcc/arm-none-eabi/4.8.3/../../../../arm-none-eabi/lib/armv7-m\libg.a(lib_a-wbuf.o)
                0x000865a8                __swbuf_r
 .text._wcrtomb_r
                0x00086650       0x50 c:/users/phuong/appdata/local/arduino15/packages/arduino/tools/arm-none-eabi-gcc/4.8.3-2014q1/bin/../lib/gcc/arm-none-eabi/4.8.3/../../../../arm-none-eabi/lib/armv7-m\libg.a(lib_a-wcrtomb.o)
                0x00086650                _wcrtomb_r
 .text.__ascii_wctomb
                0x000866a0       0x1c c:/users/phuong/appdata/local/arduino15/packages/arduino/tools/arm-none-eabi-gcc/4.8.3-2014q1/bin/../lib/gcc/arm-none-eabi/4.8.3/../../../../arm-none-eabi/lib/armv7-m\libg.a(lib_a-wctomb_r.o)
                0x000866a0                __ascii_wctomb
 .text._write_r
                0x000866bc       0x28 c:/users/phuong/appdata/local/arduino15/packages/arduino/tools/arm-none-eabi-gcc/4.8.3-2014q1/bin/../lib/gcc/arm-none-eabi/4.8.3/../../../../arm-none-eabi/lib/armv7-m\libg.a(lib_a-writer.o)
                0x000866bc                _write_r
 .text._close_r
                0x000866e4       0x24 c:/users/phuong/appdata/local/arduino15/packages/arduino/tools/arm-none-eabi-gcc/4.8.3-2014q1/bin/../lib/gcc/arm-none-eabi/4.8.3/../../../../arm-none-eabi/lib/armv7-m\libg.a(lib_a-closer.o)
                0x000866e4                _close_r
 .text._fclose_r
                0x00086708       0x80 c:/users/phuong/appdata/local/arduino15/packages/arduino/tools/arm-none-eabi-gcc/4.8.3-2014q1/bin/../lib/gcc/arm-none-eabi/4.8.3/../../../../arm-none-eabi/lib/armv7-m\libg.a(lib_a-fclose.o)
                0x00086708                _fclose_r
 .text.fclose   0x00086788       0x10 c:/users/phuong/appdata/local/arduino15/packages/arduino/tools/arm-none-eabi-gcc/4.8.3-2014q1/bin/../lib/gcc/arm-none-eabi/4.8.3/../../../../arm-none-eabi/lib/armv7-m\libg.a(lib_a-fclose.o)
                0x00086788                fclose
 .text._fstat_r
                0x00086798       0x28 c:/users/phuong/appdata/local/arduino15/packages/arduino/tools/arm-none-eabi-gcc/4.8.3-2014q1/bin/../lib/gcc/arm-none-eabi/4.8.3/../../../../arm-none-eabi/lib/armv7-m\libg.a(lib_a-fstatr.o)
                0x00086798                _fstat_r
 .text._isatty_r
                0x000867c0       0x24 c:/users/phuong/appdata/local/arduino15/packages/arduino/tools/arm-none-eabi-gcc/4.8.3-2014q1/bin/../lib/gcc/arm-none-eabi/4.8.3/../../../../arm-none-eabi/lib/armv7-m\libg.a(lib_a-isattyr.o)
                0x000867c0                _isatty_r
 .text._lseek_r
                0x000867e4       0x28 c:/users/phuong/appdata/local/arduino15/packages/arduino/tools/arm-none-eabi-gcc/4.8.3-2014q1/bin/../lib/gcc/arm-none-eabi/4.8.3/../../../../arm-none-eabi/lib/armv7-m\libg.a(lib_a-lseekr.o)
                0x000867e4                _lseek_r
 .text._read_r  0x0008680c       0x28 c:/users/phuong/appdata/local/arduino15/packages/arduino/tools/arm-none-eabi-gcc/4.8.3-2014q1/bin/../lib/gcc/arm-none-eabi/4.8.3/../../../../arm-none-eabi/lib/armv7-m\libg.a(lib_a-readr.o)
                0x0008680c                _read_r
 .text          0x00086834       0x2c c:/users/phuong/appdata/local/arduino15/packages/arduino/tools/arm-none-eabi-gcc/4.8.3-2014q1/bin/../lib/gcc/arm-none-eabi/4.8.3/armv7-m\libgcc.a(_aeabi_uldivmod.o)
                0x00086834                __aeabi_uldivmod
 .text          0x00086860       0x60 c:/users/phuong/appdata/local/arduino15/packages/arduino/tools/arm-none-eabi-gcc/4.8.3-2014q1/bin/../lib/gcc/arm-none-eabi/4.8.3/armv7-m\libgcc.a(bpabi.o)
                0x00086860                __gnu_ldivmod_helper
                0x00086890                __gnu_uldivmod_helper
 .text          0x000868c0        0x4 c:/users/phuong/appdata/local/arduino15/packages/arduino/tools/arm-none-eabi-gcc/4.8.3-2014q1/bin/../lib/gcc/arm-none-eabi/4.8.3/armv7-m\libgcc.a(_dvmd_tls.o)
                0x000868c0                __aeabi_idiv0
                0x000868c0                __aeabi_ldiv0
 .text          0x000868c4      0x2a0 c:/users/phuong/appdata/local/arduino15/packages/arduino/tools/arm-none-eabi-gcc/4.8.3-2014q1/bin/../lib/gcc/arm-none-eabi/4.8.3/armv7-m\libgcc.a(_divdi3.o)
                0x000868c4                __divdi3
 .text          0x00086b64      0x290 c:/users/phuong/appdata/local/arduino15/packages/arduino/tools/arm-none-eabi-gcc/4.8.3-2014q1/bin/../lib/gcc/arm-none-eabi/4.8.3/armv7-m\libgcc.a(_udivdi3.o)
                0x00086b64                __udivdi3
 *(.glue_7t)
 .glue_7t       0x00000000        0x0 linker stubs
 *(.glue_7)
 .glue_7        0x00000000        0x0 linker stubs
 *(.rodata .rodata* .gnu.linkonce.r.*)
 .rodata.str1.1
                0x00086df4       0x14 C:\Users\Phuong\AppData\Local\Temp\VMBuilds\Sketch1\arduino_due_x_dbg\Debug\Sketch1.cpp.o
                                 0x15 (size before relaxing)
 .rodata        0x00086e08        0x8 C:\Users\Phuong\AppData\Local\Temp\VMBuilds\Sketch1\arduino_due_x_dbg\Debug\DueTimer\DueTimer.cpp.o
 .rodata._ZN8DueTimer6TimersE
                0x00086e10       0x6c C:\Users\Phuong\AppData\Local\Temp\VMBuilds\Sketch1\arduino_due_x_dbg\Debug\DueTimer\DueTimer.cpp.o
                0x00086e10                DueTimer::Timers
 .rodata.str1.1
                0x00086e7c       0x6a C:\Users\Phuong\AppData\Local\Temp\VMBuilds\Sketch1\arduino_due_x_dbg\Debug\VM_DBG\VM_DBG.cpp.o
                                 0x6c (size before relaxing)
 *fill*         0x00086ee6        0x2 
 .rodata.g_APinDescription
                0x00086ee8      0xa2c C:\Users\Phuong\AppData\Local\Temp\VMBuilds\Sketch1\arduino_due_x_dbg\Debug\variant\variant.cpp.o
                0x00086ee8                g_APinDescription
 .rodata.__func__.6792
                0x00087914        0xd C:\Users\Phuong\AppData\Local\arduino15\packages\arduino\hardware\sam\1.6.11\variants\arduino_due_x/libsam_sam3x8e_gcc_rel.a(tc.o)
 .rodata.str1.1
                0x00087921       0x54 C:\Users\Phuong\AppData\Local\arduino15\packages\arduino\hardware\sam\1.6.11\variants\arduino_due_x/libsam_sam3x8e_gcc_rel.a(tc.o)
 .rodata.__func__.6798
                0x00087975        0x9 C:\Users\Phuong\AppData\Local\arduino15\packages\arduino\hardware\sam\1.6.11\variants\arduino_due_x/libsam_sam3x8e_gcc_rel.a(tc.o)
 *fill*         0x0008797e        0x2 
 .rodata        0x00087980       0x40 C:\Users\Phuong\AppData\Local\arduino15\packages\arduino\hardware\sam\1.6.11\variants\arduino_due_x/libsam_sam3x8e_gcc_rel.a(adc.o)
 .rodata.str1.1
                0x000879c0       0x19 C:\Users\Phuong\AppData\Local\Temp\VMBuilds\Sketch1\arduino_due_x_dbg\Debug/core.a(syscalls_sam3.c.o)
 *fill*         0x000879d9        0x3 
 .rodata.channelToId.9433
                0x000879dc       0x48 C:\Users\Phuong\AppData\Local\Temp\VMBuilds\Sketch1\arduino_due_x_dbg\Debug/core.a(wiring_analog.c.o)
 .rodata.channelToTC.9432
                0x00087a24       0x48 C:\Users\Phuong\AppData\Local\Temp\VMBuilds\Sketch1\arduino_due_x_dbg\Debug/core.a(wiring_analog.c.o)
 .rodata.channelToChNo.9430
                0x00087a6c       0x48 C:\Users\Phuong\AppData\Local\Temp\VMBuilds\Sketch1\arduino_due_x_dbg\Debug/core.a(wiring_analog.c.o)
 .rodata.channelToAB.9431
                0x00087ab4       0x48 C:\Users\Phuong\AppData\Local\Temp\VMBuilds\Sketch1\arduino_due_x_dbg\Debug/core.a(wiring_analog.c.o)
 .rodata.str1.1
                0x00087afc        0xc C:\Users\Phuong\AppData\Local\Temp\VMBuilds\Sketch1\arduino_due_x_dbg\Debug/core.a(Print.cpp.o)
                                  0xf (size before relaxing)
 .rodata._ZTV9UARTClass
                0x00087b08       0x30 C:\Users\Phuong\AppData\Local\Temp\VMBuilds\Sketch1\arduino_due_x_dbg\Debug/core.a(UARTClass.cpp.o)
                0x00087b08                vtable for UARTClass
 .rodata._ZTV10USARTClass
                0x00087b38       0x30 C:\Users\Phuong\AppData\Local\Temp\VMBuilds\Sketch1\arduino_due_x_dbg\Debug/core.a(USARTClass.cpp.o)
                0x00087b38                vtable for USARTClass
 .rodata.STRING_PRODUCT
                0x00087b68        0xc C:\Users\Phuong\AppData\Local\Temp\VMBuilds\Sketch1\arduino_due_x_dbg\Debug/core.a(USBCore.cpp.o)
                0x00087b68                STRING_PRODUCT
 .rodata.USB_DeviceDescriptor
                0x00087b74       0x12 C:\Users\Phuong\AppData\Local\Temp\VMBuilds\Sketch1\arduino_due_x_dbg\Debug/core.a(USBCore.cpp.o)
                0x00087b74                USB_DeviceDescriptor
 .rodata.STRING_LANGUAGE
                0x00087b86        0x4 C:\Users\Phuong\AppData\Local\Temp\VMBuilds\Sketch1\arduino_due_x_dbg\Debug/core.a(USBCore.cpp.o)
                0x00087b86                STRING_LANGUAGE
 .rodata._ZL18test_packet_buffer
                0x00087b8a       0x35 C:\Users\Phuong\AppData\Local\Temp\VMBuilds\Sketch1\arduino_due_x_dbg\Debug/core.a(USBCore.cpp.o)
 .rodata.STRING_MANUFACTURER
                0x00087bbf        0xc C:\Users\Phuong\AppData\Local\Temp\VMBuilds\Sketch1\arduino_due_x_dbg\Debug/core.a(USBCore.cpp.o)
                0x00087bbf                STRING_MANUFACTURER
 .rodata.USB_DeviceDescriptorA
                0x00087bcb       0x12 C:\Users\Phuong\AppData\Local\Temp\VMBuilds\Sketch1\arduino_due_x_dbg\Debug/core.a(USBCore.cpp.o)
                0x00087bcb                USB_DeviceDescriptorA
 .rodata._ZL19USB_DeviceQualifier
                0x00087bdd        0x9 C:\Users\Phuong\AppData\Local\Temp\VMBuilds\Sketch1\arduino_due_x_dbg\Debug/core.a(USBCore.cpp.o)
 *fill*         0x00087be6        0x2 
 .rodata._ZTV7Serial_
                0x00087be8       0x28 C:\Users\Phuong\AppData\Local\Temp\VMBuilds\Sketch1\arduino_due_x_dbg\Debug/core.a(CDC.cpp.o)
                0x00087be8                vtable for Serial_
 .rodata._ZL18_cdcOtherInterface
                0x00087c10       0x42 C:\Users\Phuong\AppData\Local\Temp\VMBuilds\Sketch1\arduino_due_x_dbg\Debug/core.a(CDC.cpp.o)
 .rodata._ZL13_cdcInterface
                0x00087c52       0x42 C:\Users\Phuong\AppData\Local\Temp\VMBuilds\Sketch1\arduino_due_x_dbg\Debug/core.a(CDC.cpp.o)
 .rodata        0x00087c94       0x2c C:\Users\Phuong\AppData\Local\arduino15\packages\arduino\hardware\sam\1.6.11\variants\arduino_due_x/libsam_sam3x8e_gcc_rel.a(pwmc.o)
 .rodata.__func__.6830
                0x00087cc0       0x15 C:\Users\Phuong\AppData\Local\arduino15\packages\arduino\hardware\sam\1.6.11\variants\arduino_due_x/libsam_sam3x8e_gcc_rel.a(pwmc.o)
 .rodata.__func__.6841
                0x00087cd5       0x12 C:\Users\Phuong\AppData\Local\arduino15\packages\arduino\hardware\sam\1.6.11\variants\arduino_due_x/libsam_sam3x8e_gcc_rel.a(pwmc.o)
 .rodata.str1.1
                0x00087ce7      0x1cc C:\Users\Phuong\AppData\Local\arduino15\packages\arduino\hardware\sam\1.6.11\variants\arduino_due_x/libsam_sam3x8e_gcc_rel.a(pwmc.o)
 .rodata.__func__.6804
                0x00087eb3       0x16 C:\Users\Phuong\AppData\Local\arduino15\packages\arduino\hardware\sam\1.6.11\variants\arduino_due_x/libsam_sam3x8e_gcc_rel.a(pwmc.o)
 .rodata.__func__.6793
                0x00087ec9       0x17 C:\Users\Phuong\AppData\Local\arduino15\packages\arduino\hardware\sam\1.6.11\variants\arduino_due_x/libsam_sam3x8e_gcc_rel.a(pwmc.o)
 .rodata.str1.4
                0x00087ee0       0x3f c:/users/phuong/appdata/local/arduino15/packages/arduino/tools/arm-none-eabi-gcc/4.8.3-2014q1/bin/../lib/gcc/arm-none-eabi/4.8.3/../../../../arm-none-eabi/lib/armv7-m\libg.a(lib_a-assert.o)
                                 0x44 (size before relaxing)
 *fill*         0x00087f1f        0x1 
 .rodata.str1.4
                0x00087f20        0x2 c:/users/phuong/appdata/local/arduino15/packages/arduino/tools/arm-none-eabi-gcc/4.8.3-2014q1/bin/../lib/gcc/arm-none-eabi/4.8.3/../../../../arm-none-eabi/lib/armv7-m\libg.a(lib_a-impure.o)
                                  0x4 (size before relaxing)
 *fill*         0x00087f22        0x2 
 .rodata._global_impure_ptr
                0x00087f24        0x4 c:/users/phuong/appdata/local/arduino15/packages/arduino/tools/arm-none-eabi-gcc/4.8.3-2014q1/bin/../lib/gcc/arm-none-eabi/4.8.3/../../../../arm-none-eabi/lib/armv7-m\libg.a(lib_a-impure.o)
                0x00087f24                _global_impure_ptr
 .rodata.blanks.6717
                0x00087f28       0x10 c:/users/phuong/appdata/local/arduino15/packages/arduino/tools/arm-none-eabi-gcc/4.8.3-2014q1/bin/../lib/gcc/arm-none-eabi/4.8.3/../../../../arm-none-eabi/lib/armv7-m\libg.a(lib_a-vfiprintf.o)
 .rodata.str1.4
                0x00087f38       0x30 c:/users/phuong/appdata/local/arduino15/packages/arduino/tools/arm-none-eabi-gcc/4.8.3-2014q1/bin/../lib/gcc/arm-none-eabi/4.8.3/../../../../arm-none-eabi/lib/armv7-m\libg.a(lib_a-vfiprintf.o)
 .rodata.zeroes.6718
                0x00087f68       0x10 c:/users/phuong/appdata/local/arduino15/packages/arduino/tools/arm-none-eabi-gcc/4.8.3-2014q1/bin/../lib/gcc/arm-none-eabi/4.8.3/../../../../arm-none-eabi/lib/armv7-m\libg.a(lib_a-vfiprintf.o)
 .rodata._ctype_
                0x00087f78      0x104 c:/users/phuong/appdata/local/arduino15/packages/arduino/tools/arm-none-eabi-gcc/4.8.3-2014q1/bin/../lib/gcc/arm-none-eabi/4.8.3/../../../../arm-none-eabi/lib/armv7-m\libg.a(lib_a-ctype_.o)
                0x00087f78                _ctype_
 *(.ARM.extab* .gnu.linkonce.armextab.*)
                0x0008807c                . = ALIGN (0x4)
 *(.init)
 .init          0x0008807c        0x4 c:/users/phuong/appdata/local/arduino15/packages/arduino/tools/arm-none-eabi-gcc/4.8.3-2014q1/bin/../lib/gcc/arm-none-eabi/4.8.3/armv7-m/crti.o
                0x0008807c                _init
 .init          0x00088080        0x8 c:/users/phuong/appdata/local/arduino15/packages/arduino/tools/arm-none-eabi-gcc/4.8.3-2014q1/bin/../lib/gcc/arm-none-eabi/4.8.3/armv7-m/crtn.o
                0x00088088                . = ALIGN (0x4)
                0x00088088                __preinit_array_start = .
 *(.preinit_array)
                0x00088088                __preinit_array_end = .
                0x00088088                . = ALIGN (0x4)
                0x00088088                __init_array_start = .
 *(SORT(.init_array.*))
 .init_array.00000
                0x00088088        0x4 c:/users/phuong/appdata/local/arduino15/packages/arduino/tools/arm-none-eabi-gcc/4.8.3-2014q1/bin/../lib/gcc/arm-none-eabi/4.8.3/../../../../arm-none-eabi/lib/armv7-m\libg.a(lib_a-__call_atexit.o)
 *(.init_array)
 .init_array    0x0008808c        0x4 c:/users/phuong/appdata/local/arduino15/packages/arduino/tools/arm-none-eabi-gcc/4.8.3-2014q1/bin/../lib/gcc/arm-none-eabi/4.8.3/armv7-m/crtbegin.o
 .init_array    0x00088090        0x4 C:\Users\Phuong\AppData\Local\Temp\VMBuilds\Sketch1\arduino_due_x_dbg\Debug\Sketch1.cpp.o
 .init_array    0x00088094        0x4 C:\Users\Phuong\AppData\Local\Temp\VMBuilds\Sketch1\arduino_due_x_dbg\Debug\DueTimer\DueTimer.cpp.o
 .init_array    0x00088098        0x4 C:\Users\Phuong\AppData\Local\Temp\VMBuilds\Sketch1\arduino_due_x_dbg\Debug\VM_DBG\VM_DBG.cpp.o
 .init_array    0x0008809c        0x4 C:\Users\Phuong\AppData\Local\Temp\VMBuilds\Sketch1\arduino_due_x_dbg\Debug\variant\variant.cpp.o
 .init_array    0x000880a0        0x4 C:\Users\Phuong\AppData\Local\Temp\VMBuilds\Sketch1\arduino_due_x_dbg\Debug/core.a(USBCore.cpp.o)
 .init_array    0x000880a4        0x4 C:\Users\Phuong\AppData\Local\Temp\VMBuilds\Sketch1\arduino_due_x_dbg\Debug/core.a(CDC.cpp.o)
                0x000880a8                __init_array_end = .
                0x000880a8                . = ALIGN (0x4)
 *crtbegin.o(.ctors)
 *(EXCLUDE_FILE(*crtend.o) .ctors)
 *(SORT(.ctors.*))
 *crtend.o(.ctors)
                0x000880a8                . = ALIGN (0x4)
 *(.fini)
 .fini          0x000880a8        0x4 c:/users/phuong/appdata/local/arduino15/packages/arduino/tools/arm-none-eabi-gcc/4.8.3-2014q1/bin/../lib/gcc/arm-none-eabi/4.8.3/armv7-m/crti.o
                0x000880a8                _fini