Archive member included because of file (symbol)

C:\Users\Phuong\AppData\Local\arduino15\packages\arduino\hardware\sam\1.6.11\variants\arduino_due_x/libsam_sam3x8e_gcc_rel.a(pio.o)
                              C:\Users\Phuong\AppData\Local\Temp\VMBuilds\Sketch1\arduino_due_x_dbg\Debug\variant\variant.cpp.o (PIO_Configure)
C:\Users\Phuong\AppData\Local\arduino15\packages\arduino\hardware\sam\1.6.11\variants\arduino_due_x/libsam_sam3x8e_gcc_rel.a(pmc.o)
                              C:\Users\Phuong\AppData\Local\Temp\VMBuilds\Sketch1\arduino_due_x_dbg\Debug\variant\variant.cpp.o (pmc_enable_periph_clk)
C:\Users\Phuong\AppData\Local\arduino15\packages\arduino\hardware\sam\1.6.11\variants\arduino_due_x/libsam_sam3x8e_gcc_rel.a(system_sam3xa.o)
                              C:\Users\Phuong\AppData\Local\Temp\VMBuilds\Sketch1\arduino_due_x_dbg\Debug\variant\variant.cpp.o (SystemInit)
C:\Users\Phuong\AppData\Local\arduino15\packages\arduino\hardware\sam\1.6.11\variants\arduino_due_x/libsam_sam3x8e_gcc_rel.a(startup_sam3xa.o)
                              (Reset_Handler)
C:\Users\Phuong\AppData\Local\arduino15\packages\arduino\hardware\sam\1.6.11\variants\arduino_due_x/libsam_sam3x8e_gcc_rel.a(adc.o)
                              C:\Users\Phuong\AppData\Local\Temp\VMBuilds\Sketch1\arduino_due_x_dbg\Debug\variant\variant.cpp.o (adc_init)
C:\Users\Phuong\AppData\Local\arduino15\packages\arduino\hardware\sam\1.6.11\variants\arduino_due_x/libsam_sam3x8e_gcc_rel.a(uotghs.o)
                              C:\Users\Phuong\AppData\Local\arduino15\packages\arduino\hardware\sam\1.6.11\variants\arduino_due_x/libsam_sam3x8e_gcc_rel.a(startup_sam3xa.o) (UOTGHS_Handler)
C:\Users\Phuong\AppData\Local\Temp\VMBuilds\Sketch1\arduino_due_x_dbg\Debug/core.a(cortex_handlers.c.o)
                              C:\Users\Phuong\AppData\Local\arduino15\packages\arduino\hardware\sam\1.6.11\variants\arduino_due_x/libsam_sam3x8e_gcc_rel.a(startup_sam3xa.o) (NMI_Handler)
C:\Users\Phuong\AppData\Local\Temp\VMBuilds\Sketch1\arduino_due_x_dbg\Debug/core.a(hooks.c.o)
                              C:\Users\Phuong\AppData\Local\Temp\VMBuilds\Sketch1\arduino_due_x_dbg\Debug/core.a(cortex_handlers.c.o) (sysTickHook)
C:\Users\Phuong\AppData\Local\Temp\VMBuilds\Sketch1\arduino_due_x_dbg\Debug/core.a(syscalls_sam3.c.o)
                              (_sbrk)
C:\Users\Phuong\AppData\Local\Temp\VMBuilds\Sketch1\arduino_due_x_dbg\Debug/core.a(wiring.c.o)
                              C:\Users\Phuong\AppData\Local\Temp\VMBuilds\Sketch1\arduino_due_x_dbg\Debug\Sketch1.cpp.o (millis)
C:\Users\Phuong\AppData\Local\Temp\VMBuilds\Sketch1\arduino_due_x_dbg\Debug/core.a(wiring_analog.c.o)
                              C:\Users\Phuong\AppData\Local\Temp\VMBuilds\Sketch1\arduino_due_x_dbg\Debug\variant\variant.cpp.o (analogOutputInit)
C:\Users\Phuong\AppData\Local\Temp\VMBuilds\Sketch1\arduino_due_x_dbg\Debug/core.a(wiring_digital.c.o)
                              C:\Users\Phuong\AppData\Local\Temp\VMBuilds\Sketch1\arduino_due_x_dbg\Debug\Sketch1.cpp.o (pinMode)
C:\Users\Phuong\AppData\Local\Temp\VMBuilds\Sketch1\arduino_due_x_dbg\Debug/core.a(main.cpp.o)
                              c:/users/phuong/appdata/local/arduino15/packages/arduino/tools/arm-none-eabi-gcc/4.8.3-2014q1/bin/../lib/gcc/arm-none-eabi/4.8.3/../../../../arm-none-eabi/lib/armv7-m/crt0.o (main)
C:\Users\Phuong\AppData\Local\Temp\VMBuilds\Sketch1\arduino_due_x_dbg\Debug/core.a(Print.cpp.o)
                              C:\Users\Phuong\AppData\Local\Temp\VMBuilds\Sketch1\arduino_due_x_dbg\Debug\Sketch1.cpp.o (Print::print(char const*))
C:\Users\Phuong\AppData\Local\Temp\VMBuilds\Sketch1\arduino_due_x_dbg\Debug/core.a(Reset.cpp.o)
                              C:\Users\Phuong\AppData\Local\Temp\VMBuilds\Sketch1\arduino_due_x_dbg\Debug/core.a(cortex_handlers.c.o) (tickReset)
C:\Users\Phuong\AppData\Local\Temp\VMBuilds\Sketch1\arduino_due_x_dbg\Debug/core.a(RingBuffer.cpp.o)
                              C:\Users\Phuong\AppData\Local\Temp\VMBuilds\Sketch1\arduino_due_x_dbg\Debug\variant\variant.cpp.o (RingBuffer::RingBuffer())
C:\Users\Phuong\AppData\Local\Temp\VMBuilds\Sketch1\arduino_due_x_dbg\Debug/core.a(UARTClass.cpp.o)
                              C:\Users\Phuong\AppData\Local\Temp\VMBuilds\Sketch1\arduino_due_x_dbg\Debug\variant\variant.cpp.o (UARTClass::available())
C:\Users\Phuong\AppData\Local\Temp\VMBuilds\Sketch1\arduino_due_x_dbg\Debug/core.a(USARTClass.cpp.o)
                              C:\Users\Phuong\AppData\Local\Temp\VMBuilds\Sketch1\arduino_due_x_dbg\Debug\variant\variant.cpp.o (USARTClass::USARTClass(Usart*, IRQn, unsigned long, RingBuffer*, RingBuffer*))
C:\Users\Phuong\AppData\Local\Temp\VMBuilds\Sketch1\arduino_due_x_dbg\Debug/core.a(watchdog.cpp.o)
                              C:\Users\Phuong\AppData\Local\Temp\VMBuilds\Sketch1\arduino_due_x_dbg\Debug/core.a(main.cpp.o) (watchdogSetup())
[...]
Memory Configuration

Name             Origin             Length             Attributes
rom              0x00080000         0x00080000         xr
sram0            0x20000000         0x00010000         xrw
sram1            0x20080000         0x00008000         xrw
ram              0x20070000         0x00018000         xrw
*default*        0x00000000         0xffffffff

Linker script and memory map

LOAD c:/users/phuong/appdata/local/arduino15/packages/arduino/tools/arm-none-eabi-gcc/4.8.3-2014q1/bin/../lib/gcc/arm-none-eabi/4.8.3/armv7-m/crti.o
LOAD c:/users/phuong/appdata/local/arduino15/packages/arduino/tools/arm-none-eabi-gcc/4.8.3-2014q1/bin/../lib/gcc/arm-none-eabi/4.8.3/armv7-m/crtbegin.o
LOAD c:/users/phuong/appdata/local/arduino15/packages/arduino/tools/arm-none-eabi-gcc/4.8.3-2014q1/bin/../lib/gcc/arm-none-eabi/4.8.3/../../../../arm-none-eabi/lib/armv7-m/crt0.o
START GROUP
LOAD C:\Users\Phuong\AppData\Local\Temp\VMBuilds\Sketch1\arduino_due_x_dbg\Debug\Sketch1.cpp.o
LOAD C:\Users\Phuong\AppData\Local\Temp\VMBuilds\Sketch1\arduino_due_x_dbg\Debug\VM_DBG\VM_DBG.cpp.o
LOAD C:\Users\Phuong\AppData\Local\Temp\VMBuilds\Sketch1\arduino_due_x_dbg\Debug\VM_DBG\VM_mem_check_sam.cpp.o
LOAD C:\Users\Phuong\AppData\Local\Temp\VMBuilds\Sketch1\arduino_due_x_dbg\Debug\variant\variant.cpp.o
LOAD C:\Users\Phuong\AppData\Local\arduino15\packages\arduino\hardware\sam\1.6.11\variants\arduino_due_x/libsam_sam3x8e_gcc_rel.a
LOAD C:\Users\Phuong\AppData\Local\Temp\VMBuilds\Sketch1\arduino_due_x_dbg\Debug/core.a
END GROUP
LOAD c:/users/phuong/appdata/local/arduino15/packages/arduino/tools/arm-none-eabi-gcc/4.8.3-2014q1/bin/../lib/gcc/arm-none-eabi/4.8.3/../../../../arm-none-eabi/lib/armv7-m\libm.a
START GROUP
LOAD c:/users/phuong/appdata/local/arduino15/packages/arduino/tools/arm-none-eabi-gcc/4.8.3-2014q1/bin/../lib/gcc/arm-none-eabi/4.8.3/armv7-m\libgcc.a
LOAD c:/users/phuong/appdata/local/arduino15/packages/arduino/tools/arm-none-eabi-gcc/4.8.3-2014q1/bin/../lib/gcc/arm-none-eabi/4.8.3/../../../../arm-none-eabi/lib/armv7-m\libg.a
LOAD c:/users/phuong/appdata/local/arduino15/packages/arduino/tools/arm-none-eabi-gcc/4.8.3-2014q1/bin/../lib/gcc/arm-none-eabi/4.8.3/../../../../arm-none-eabi/lib/armv7-m\libc.a
END GROUP
LOAD c:/users/phuong/appdata/local/arduino15/packages/arduino/tools/arm-none-eabi-gcc/4.8.3-2014q1/bin/../lib/gcc/arm-none-eabi/4.8.3/armv7-m/crtend.o
LOAD c:/users/phuong/appdata/local/arduino15/packages/arduino/tools/arm-none-eabi-gcc/4.8.3-2014q1/bin/../lib/gcc/arm-none-eabi/4.8.3/armv7-m/crtn.o

.text           0x00080000     0x64b0
                0x00080000                . = ALIGN (0x4)
                0x00080000                _sfixed = .
 *(.vectors .vectors.*)
 .vectors       0x00080000       0xf4 C:\Users\Phuong\AppData\Local\arduino15\packages\arduino\hardware\sam\1.6.11\variants\arduino_due_x/libsam_sam3x8e_gcc_rel.a(startup_sam3xa.o)
                0x00080000                exception_table
 *(.text .text.* .gnu.linkonce.t.*)
 .text          0x000800f4       0x54 c:/users/phuong/appdata/local/arduino15/packages/arduino/tools/arm-none-eabi-gcc/4.8.3-2014q1/bin/../lib/gcc/arm-none-eabi/4.8.3/armv7-m/crtbegin.o
 .text.setup    0x00080148       0xcc C:\Users\Phuong\AppData\Local\Temp\VMBuilds\Sketch1\arduino_due_x_dbg\Debug\Sketch1.cpp.o
                0x00080148                setup
 .text.loop     0x00080214       0xd4 C:\Users\Phuong\AppData\Local\Temp\VMBuilds\Sketch1\arduino_due_x_dbg\Debug\Sketch1.cpp.o
                0x00080214                loop
 .text._ZN16VisualMicroDebug16DBG_YieldAndWaitEmb
                0x000802e8       0x1a C:\Users\Phuong\AppData\Local\Temp\VMBuilds\Sketch1\arduino_due_x_dbg\Debug\VM_DBG\VM_DBG.cpp.o
                0x000802e8                VisualMicroDebug::DBG_YieldAndWait(unsigned long, bool)
 .text._ZN16VisualMicroDebug16DBG_YieldAndWaitEm
                0x00080302        0x6 C:\Users\Phuong\AppData\Local\Temp\VMBuilds\Sketch1\arduino_due_x_dbg\Debug\VM_DBG\VM_DBG.cpp.o
                0x00080302                VisualMicroDebug::DBG_YieldAndWait(unsigned long)
 .text._ZN16VisualMicroDebug10DBG_MillisEv
                0x00080308        0x4 C:\Users\Phuong\AppData\Local\Temp\VMBuilds\Sketch1\arduino_due_x_dbg\Debug\VM_DBG\VM_DBG.cpp.o
                0x00080308                VisualMicroDebug::DBG_Millis()
 .text._ZN16VisualMicroDebug17OnBreakPointBeginEm
                0x0008030c       0x16 C:\Users\Phuong\AppData\Local\Temp\VMBuilds\Sketch1\arduino_due_x_dbg\Debug\VM_DBG\VM_DBG.cpp.o
                0x0008030c                VisualMicroDebug::OnBreakPointBegin(unsigned long)
 *fill*         0x00080322        0x2 
 .text._ZN16VisualMicroDebug22OnBreakPointPrintBeginEh
                0x00080324       0x6c C:\Users\Phuong\AppData\Local\Temp\VMBuilds\Sketch1\arduino_due_x_dbg\Debug\VM_DBG\VM_DBG.cpp.o
                0x00080324                VisualMicroDebug::OnBreakPointPrintBegin(unsigned char)
 .text._ZN16VisualMicroDebug20OnBreakPointPrintEndEv
                0x00080390        0xc C:\Users\Phuong\AppData\Local\Temp\VMBuilds\Sketch1\arduino_due_x_dbg\Debug\VM_DBG\VM_DBG.cpp.o
                0x00080390                VisualMicroDebug::OnBreakPointPrintEnd()
 .text._ZN16VisualMicroDebug15OnBreakPointEndEv
                0x0008039c        0xc C:\Users\Phuong\AppData\Local\Temp\VMBuilds\Sketch1\arduino_due_x_dbg\Debug\VM_DBG\VM_DBG.cpp.o
                0x0008039c                VisualMicroDebug::OnBreakPointEnd()
 .text._ZN16VisualMicroDebug14outPacketStartEb
                0x000803a8       0x28 C:\Users\Phuong\AppData\Local\Temp\VMBuilds\Sketch1\arduino_due_x_dbg\Debug\VM_DBG\VM_DBG.cpp.o
                0x000803a8                VisualMicroDebug::outPacketStart(bool)
 .text._ZN16VisualMicroDebug12outPacketEndEv
                0x000803d0        0x2 C:\Users\Phuong\AppData\Local\Temp\VMBuilds\Sketch1\arduino_due_x_dbg\Debug\VM_DBG\VM_DBG.cpp.o
                0x000803d0                VisualMicroDebug::outPacketEnd()
 .text._ZN16VisualMicroDebug4initEm
                0x000803d2        0xe C:\Users\Phuong\AppData\Local\Temp\VMBuilds\Sketch1\arduino_due_x_dbg\Debug\VM_DBG\VM_DBG.cpp.o
                0x000803d2                VisualMicroDebug::init(unsigned long)
 .text._ZN16VisualMicroDebug5beginEP9UARTClassm
                0x000803e0       0x10 C:\Users\Phuong\AppData\Local\Temp\VMBuilds\Sketch1\arduino_due_x_dbg\Debug\VM_DBG\VM_DBG.cpp.o
                0x000803e0                VisualMicroDebug::begin(UARTClass*, unsigned long)
 .text._ZN16VisualMicroDebug4readEv
                0x000803f0        0xe C:\Users\Phuong\AppData\Local\Temp\VMBuilds\Sketch1\arduino_due_x_dbg\Debug\VM_DBG\VM_DBG.cpp.o
                0x000803f0                VisualMicroDebug::read()
 .text._ZN16VisualMicroDebug9availableEv
                0x000803fe        0xe C:\Users\Phuong\AppData\Local\Temp\VMBuilds\Sketch1\arduino_due_x_dbg\Debug\VM_DBG\VM_DBG.cpp.o
                0x000803fe                VisualMicroDebug::available()
 .text._ZN16VisualMicroDebug16sendContinuedACKEh
                0x0008040c       0x3c C:\Users\Phuong\AppData\Local\Temp\VMBuilds\Sketch1\arduino_due_x_dbg\Debug\VM_DBG\VM_DBG.cpp.o
                0x0008040c                VisualMicroDebug::sendContinuedACK(unsigned char)
 .text._ZN16VisualMicroDebug9breakWaitEh
                0x00080448       0x54 C:\Users\Phuong\AppData\Local\Temp\VMBuilds\Sketch1\arduino_due_x_dbg\Debug\VM_DBG\VM_DBG.cpp.o
                0x00080448                VisualMicroDebug::breakWait(unsigned char)
 .text._ZN16VisualMicroDebug5startEbb
                0x0008049c       0x26 C:\Users\Phuong\AppData\Local\Temp\VMBuilds\Sketch1\arduino_due_x_dbg\Debug\VM_DBG\VM_DBG.cpp.o
                0x0008049c                VisualMicroDebug::start(bool, bool)
 *fill*         0x000804c2        0x2 
 .text.startup._GLOBAL__sub_I__ZN16VisualMicroDebug16DBG_YieldAndWaitEm
                0x000804c4       0x14 C:\Users\Phuong\AppData\Local\Temp\VMBuilds\Sketch1\arduino_due_x_dbg\Debug\VM_DBG\VM_DBG.cpp.o
 .text._Z11serialEventv
                0x000804d8        0x2 C:\Users\Phuong\AppData\Local\Temp\VMBuilds\Sketch1\arduino_due_x_dbg\Debug\variant\variant.cpp.o
                0x000804d8                serialEvent()
 *fill*         0x000804da        0x2 
 .text.UART_Handler
                0x000804dc        0xc C:\Users\Phuong\AppData\Local\Temp\VMBuilds\Sketch1\arduino_due_x_dbg\Debug\variant\variant.cpp.o
                0x000804dc                UART_Handler
 .text._Z12serialEvent1v
                0x000804e8        0x2 C:\Users\Phuong\AppData\Local\Temp\VMBuilds\Sketch1\arduino_due_x_dbg\Debug\variant\variant.cpp.o
                0x000804e8                serialEvent1()
 .text._Z12serialEvent2v
                0x000804ea        0x2 C:\Users\Phuong\AppData\Local\Temp\VMBuilds\Sketch1\arduino_due_x_dbg\Debug\variant\variant.cpp.o
                0x000804ea                serialEvent2()
 .text._Z12serialEvent3v
                0x000804ec        0x2 C:\Users\Phuong\AppData\Local\Temp\VMBuilds\Sketch1\arduino_due_x_dbg\Debug\variant\variant.cpp.o
                0x000804ec                serialEvent3()
 *fill*         0x000804ee        0x2 
 .text.USART0_Handler
                0x000804f0        0xc C:\Users\Phuong\AppData\Local\Temp\VMBuilds\Sketch1\arduino_due_x_dbg\Debug\variant\variant.cpp.o
                0x000804f0                USART0_Handler
 .text.USART1_Handler
                0x000804fc        0xc C:\Users\Phuong\AppData\Local\Temp\VMBuilds\Sketch1\arduino_due_x_dbg\Debug\variant\variant.cpp.o
                0x000804fc                USART1_Handler
 .text.USART3_Handler
                0x00080508        0xc C:\Users\Phuong\AppData\Local\Temp\VMBuilds\Sketch1\arduino_due_x_dbg\Debug\variant\variant.cpp.o
                0x00080508                USART3_Handler
 .text.init     0x00080514      0x128 C:\Users\Phuong\AppData\Local\Temp\VMBuilds\Sketch1\arduino_due_x_dbg\Debug\variant\variant.cpp.o
                0x00080514                init
 .text.startup._GLOBAL__sub_I_g_APinDescription
                0x0008063c       0xd4 C:\Users\Phuong\AppData\Local\Temp\VMBuilds\Sketch1\arduino_due_x_dbg\Debug\variant\variant.cpp.o
 .text._Z14serialEventRunv
                0x00080710       0x44 C:\Users\Phuong\AppData\Local\Temp\VMBuilds\Sketch1\arduino_due_x_dbg\Debug\variant\variant.cpp.o
                0x00080710                serialEventRun()
 .text.PIO_PullUp
                0x00080754        0xa C:\Users\Phuong\AppData\Local\arduino15\packages\arduino\hardware\sam\1.6.11\variants\arduino_due_x/libsam_sam3x8e_gcc_rel.a(pio.o)
                0x00080754                PIO_PullUp
 .text.PIO_SetPeripheral
                0x0008075e       0x26 C:\Users\Phuong\AppData\Local\arduino15\packages\arduino\hardware\sam\1.6.11\variants\arduino_due_x/libsam_sam3x8e_gcc_rel.a(pio.o)
                0x0008075e                PIO_SetPeripheral
 .text.PIO_SetInput
                0x00080784       0x26 C:\Users\Phuong\AppData\Local\arduino15\packages\arduino\hardware\sam\1.6.11\variants\arduino_due_x/libsam_sam3x8e_gcc_rel.a(pio.o)
                0x00080784                PIO_SetInput
 .text.PIO_SetOutput
                0x000807aa       0x24 C:\Users\Phuong\AppData\Local\arduino15\packages\arduino\hardware\sam\1.6.11\variants\arduino_due_x/libsam_sam3x8e_gcc_rel.a(pio.o)
                0x000807aa                PIO_SetOutput
 *fill*         0x000807ce        0x2 
 .text.PIO_Configure
                0x000807d0       0x64 C:\Users\Phuong\AppData\Local\arduino15\packages\arduino\hardware\sam\1.6.11\variants\arduino_due_x/libsam_sam3x8e_gcc_rel.a(pio.o)
                0x000807d0                PIO_Configure
 .text.PIO_GetOutputDataStatus
                0x00080834       0x14 C:\Users\Phuong\AppData\Local\arduino15\packages\arduino\hardware\sam\1.6.11\variants\arduino_due_x/libsam_sam3x8e_gcc_rel.a(pio.o)
                0x00080834                PIO_GetOutputDataStatus
 .text.pmc_enable_upll_clock
                0x00080848       0x14 C:\Users\Phuong\AppData\Local\arduino15\packages\arduino\hardware\sam\1.6.11\variants\arduino_due_x/libsam_sam3x8e_gcc_rel.a(pmc.o)
                0x00080848                pmc_enable_upll_clock
 .text.pmc_enable_periph_clk
                0x0008085c       0x44 C:\Users\Phuong\AppData\Local\arduino15\packages\arduino\hardware\sam\1.6.11\variants\arduino_due_x/libsam_sam3x8e_gcc_rel.a(pmc.o)
                0x0008085c                pmc_enable_periph_clk
 .text.pmc_disable_periph_clk
                0x000808a0       0x40 C:\Users\Phuong\AppData\Local\arduino15\packages\arduino\hardware\sam\1.6.11\variants\arduino_due_x/libsam_sam3x8e_gcc_rel.a(pmc.o)
                0x000808a0                pmc_disable_periph_clk
 .text.pmc_switch_udpck_to_upllck
                0x000808e0       0x14 C:\Users\Phuong\AppData\Local\arduino15\packages\arduino\hardware\sam\1.6.11\variants\arduino_due_x/libsam_sam3x8e_gcc_rel.a(pmc.o)
                0x000808e0                pmc_switch_udpck_to_upllck
 .text.pmc_enable_udpck
                0x000808f4        0xc C:\Users\Phuong\AppData\Local\arduino15\packages\arduino\hardware\sam\1.6.11\variants\arduino_due_x/libsam_sam3x8e_gcc_rel.a(pmc.o)
                0x000808f4                pmc_enable_udpck
 .text.SystemInit
                0x00080900       0x88 C:\Users\Phuong\AppData\Local\arduino15\packages\arduino\hardware\sam\1.6.11\variants\arduino_due_x/libsam_sam3x8e_gcc_rel.a(system_sam3xa.o)
                0x00080900                SystemInit
 .text.Reset_Handler
                0x00080988       0x78 C:\Users\Phuong\AppData\Local\arduino15\packages\arduino\hardware\sam\1.6.11\variants\arduino_due_x/libsam_sam3x8e_gcc_rel.a(startup_sam3xa.o)
                0x00080988                Reset_Handler
 .text.adc_init
                0x00080a00       0x98 C:\Users\Phuong\AppData\Local\arduino15\packages\arduino\hardware\sam\1.6.11\variants\arduino_due_x/libsam_sam3x8e_gcc_rel.a(adc.o)
                0x00080a00                adc_init
 .text.adc_configure_trigger
                0x00080a98        0xe C:\Users\Phuong\AppData\Local\arduino15\packages\arduino\hardware\sam\1.6.11\variants\arduino_due_x/libsam_sam3x8e_gcc_rel.a(adc.o)
                0x00080a98                adc_configure_trigger
 .text.adc_configure_timing
                0x00080aa6       0x1a C:\Users\Phuong\AppData\Local\arduino15\packages\arduino\hardware\sam\1.6.11\variants\arduino_due_x/libsam_sam3x8e_gcc_rel.a(adc.o)
                0x00080aa6                adc_configure_timing
 .text.adc_disable_channel
                0x00080ac0        0xa C:\Users\Phuong\AppData\Local\arduino15\packages\arduino\hardware\sam\1.6.11\variants\arduino_due_x/libsam_sam3x8e_gcc_rel.a(adc.o)
                0x00080ac0                adc_disable_channel
 .text.adc_disable_all_channel
                0x00080aca        0x8 C:\Users\Phuong\AppData\Local\arduino15\packages\arduino\hardware\sam\1.6.11\variants\arduino_due_x/libsam_sam3x8e_gcc_rel.a(adc.o)
                0x00080aca                adc_disable_all_channel
 .text.adc_disable_interrupt
                0x00080ad2        0x4 C:\Users\Phuong\AppData\Local\arduino15\packages\arduino\hardware\sam\1.6.11\variants\arduino_due_x/libsam_sam3x8e_gcc_rel.a(adc.o)
                0x00080ad2                adc_disable_interrupt
 *fill*         0x00080ad6        0x2 
 .text.UOTGHS_Handler
                0x00080ad8       0x10 C:\Users\Phuong\AppData\Local\arduino15\packages\arduino\hardware\sam\1.6.11\variants\arduino_due_x/libsam_sam3x8e_gcc_rel.a(uotghs.o)
                0x00080ad8                UOTGHS_Handler
 .text.__halt   0x00080ae8        0x2 C:\Users\Phuong\AppData\Local\Temp\VMBuilds\Sketch1\arduino_due_x_dbg\Debug/core.a(cortex_handlers.c.o)
                0x00080ae8                DACC_Handler
                0x00080ae8                DebugMon_Handler
                0x00080ae8                DMAC_Handler
                0x00080ae8                TRNG_Handler
                0x00080ae8                HardFault_Handler
                0x00080ae8                TC2_Handler
                0x00080ae8                TWI1_Handler
                0x00080ae8                NMI_Handler
                0x00080ae8                TC7_Handler
                0x00080ae8                ADC_Handler
                0x00080ae8                SMC_Handler
                0x00080ae8                RTT_Handler
                0x00080ae8                EFC1_Handler
                0x00080ae8                PIOB_Handler
                0x00080ae8                RTC_Handler
                0x00080ae8                UsageFault_Handler
                0x00080ae8                TC6_Handler
                0x00080ae8                WDT_Handler
                0x00080ae8                CAN0_Handler
                0x00080ae8                TC4_Handler
                0x00080ae8                TC1_Handler
                0x00080ae8                HSMCI_Handler
                0x00080ae8                TC3_Handler
                0x00080ae8                TWI0_Handler
                0x00080ae8                PIOA_Handler
                0x00080ae8                SSC_Handler
                0x00080ae8                EFC0_Handler
                0x00080ae8                PMC_Handler
                0x00080ae8                PWM_Handler
                0x00080ae8                CAN1_Handler
                0x00080ae8                MemManage_Handler
                0x00080ae8                SUPC_Handler
                0x00080ae8                TC8_Handler
                0x00080ae8                USART2_Handler
                0x00080ae8                PIOD_Handler
                0x00080ae8                EMAC_Handler
                0x00080ae8                PIOC_Handler
                0x00080ae8                BusFault_Handler
                0x00080ae8                RSTC_Handler
                0x00080ae8                TC0_Handler
                0x00080ae8                TC5_Handler
                0x00080ae8                SPI0_Handler
 .text.SVC_Handler
                0x00080aea        0x4 C:\Users\Phuong\AppData\Local\Temp\VMBuilds\Sketch1\arduino_due_x_dbg\Debug/core.a(cortex_handlers.c.o)
                0x00080aea                SVC_Handler
 .text.PendSV_Handler
                0x00080aee        0x4 C:\Users\Phuong\AppData\Local\Temp\VMBuilds\Sketch1\arduino_due_x_dbg\Debug/core.a(cortex_handlers.c.o)
                0x00080aee                PendSV_Handler
 .text.SysTick_Handler
                0x00080af2       0x16 C:\Users\Phuong\AppData\Local\Temp\VMBuilds\Sketch1\arduino_due_x_dbg\Debug/core.a(cortex_handlers.c.o)
                0x00080af2                SysTick_Handler
 .text.__empty  0x00080b08        0x2 C:\Users\Phuong\AppData\Local\Temp\VMBuilds\Sketch1\arduino_due_x_dbg\Debug/core.a(hooks.c.o)
                0x00080b08                yield
 .text.__false  0x00080b0a        0x4 C:\Users\Phuong\AppData\Local\Temp\VMBuilds\Sketch1\arduino_due_x_dbg\Debug/core.a(hooks.c.o)
                0x00080b0a                sysTickHook
 .text.__halt   0x00080b0e        0x2 C:\Users\Phuong\AppData\Local\Temp\VMBuilds\Sketch1\arduino_due_x_dbg\Debug/core.a(hooks.c.o)
                0x00080b0e                svcHook
                0x00080b0e                pendSVHook
 .text._sbrk    0x00080b10       0x1c C:\Users\Phuong\AppData\Local\Temp\VMBuilds\Sketch1\arduino_due_x_dbg\Debug/core.a(syscalls_sam3.c.o)
                0x00080b10                _sbrk
 .text.link     0x00080b2c        0x6 C:\Users\Phuong\AppData\Local\Temp\VMBuilds\Sketch1\arduino_due_x_dbg\Debug/core.a(syscalls_sam3.c.o)
                0x00080b2c                link
 .text._close   0x00080b32        0x6 C:\Users\Phuong\AppData\Local\Temp\VMBuilds\Sketch1\arduino_due_x_dbg\Debug/core.a(syscalls_sam3.c.o)
                0x00080b32                _close
 .text._fstat   0x00080b38        0xa C:\Users\Phuong\AppData\Local\Temp\VMBuilds\Sketch1\arduino_due_x_dbg\Debug/core.a(syscalls_sam3.c.o)
                0x00080b38                _fstat
 .text._isatty  0x00080b42        0x4 C:\Users\Phuong\AppData\Local\Temp\VMBuilds\Sketch1\arduino_due_x_dbg\Debug/core.a(syscalls_sam3.c.o)
                0x00080b42                _isatty
 .text._lseek   0x00080b46        0x4 C:\Users\Phuong\AppData\Local\Temp\VMBuilds\Sketch1\arduino_due_x_dbg\Debug/core.a(syscalls_sam3.c.o)
                0x00080b46                _lseek
 .text._read    0x00080b4a        0x4 C:\Users\Phuong\AppData\Local\Temp\VMBuilds\Sketch1\arduino_due_x_dbg\Debug/core.a(syscalls_sam3.c.o)
                0x00080b4a                _read
 *fill*         0x00080b4e        0x2 
 .text._write   0x00080b50       0x24 C:\Users\Phuong\AppData\Local\Temp\VMBuilds\Sketch1\arduino_due_x_dbg\Debug/core.a(syscalls_sam3.c.o)
                0x00080b50                _write
 .text._exit    0x00080b74       0x10 C:\Users\Phuong\AppData\Local\Temp\VMBuilds\Sketch1\arduino_due_x_dbg\Debug/core.a(syscalls_sam3.c.o)
                0x00080b74                _exit
 .text._kill    0x00080b84        0x2 C:\Users\Phuong\AppData\Local\Temp\VMBuilds\Sketch1\arduino_due_x_dbg\Debug/core.a(syscalls_sam3.c.o)
                0x00080b84                _kill
 .text._getpid  0x00080b86        0x6 C:\Users\Phuong\AppData\Local\Temp\VMBuilds\Sketch1\arduino_due_x_dbg\Debug/core.a(syscalls_sam3.c.o)
                0x00080b86                _getpid
 .text.millis   0x00080b8c        0x4 C:\Users\Phuong\AppData\Local\Temp\VMBuilds\Sketch1\arduino_due_x_dbg\Debug/core.a(wiring.c.o)
                0x00080b8c                millis
 .text.delay    0x00080b90       0x1c C:\Users\Phuong\AppData\Local\Temp\VMBuilds\Sketch1\arduino_due_x_dbg\Debug/core.a(wiring.c.o)
                0x00080b90                delay
 .text.mapResolution
                0x00080bac       0x12 C:\Users\Phuong\AppData\Local\Temp\VMBuilds\Sketch1\arduino_due_x_dbg\Debug/core.a(wiring_analog.c.o)
 .text.analogOutputInit
                0x00080bbe        0x2 C:\Users\Phuong\AppData\Local\Temp\VMBuilds\Sketch1\arduino_due_x_dbg\Debug/core.a(wiring_analog.c.o)
                0x00080bbe                analogOutputInit
 .text.analogWrite
                0x00080bc0      0x2c0 C:\Users\Phuong\AppData\Local\Temp\VMBuilds\Sketch1\arduino_due_x_dbg\Debug/core.a(wiring_analog.c.o)
                0x00080bc0                analogWrite
 .text.pinMode  0x00080e80      0x108 C:\Users\Phuong\AppData\Local\Temp\VMBuilds\Sketch1\arduino_due_x_dbg\Debug/core.a(wiring_digital.c.o)
                0x00080e80                pinMode
 .text.digitalWrite
                0x00080f88       0x70 C:\Users\Phuong\AppData\Local\Temp\VMBuilds\Sketch1\arduino_due_x_dbg\Debug/core.a(wiring_digital.c.o)
                0x00080f88                digitalWrite
 .text.initVariant
                0x00080ff8        0x2 C:\Users\Phuong\AppData\Local\Temp\VMBuilds\Sketch1\arduino_due_x_dbg\Debug/core.a(main.cpp.o)
                0x00080ff8                initVariant
 *fill*         0x00080ffa        0x2 
 .text.startup.main
                0x00080ffc       0x38 C:\Users\Phuong\AppData\Local\Temp\VMBuilds\Sketch1\arduino_due_x_dbg\Debug/core.a(main.cpp.o)
                0x00080ffc                main
 .text._ZN5Print5writeEPKhj
                0x00081034       0x22 C:\Users\Phuong\AppData\Local\Temp\VMBuilds\Sketch1\arduino_due_x_dbg\Debug/core.a(Print.cpp.o)
                0x00081034                Print::write(unsigned char const*, unsigned int)
 .text._ZN5Print5printEmi.part.3
                0x00081056        0xc C:\Users\Phuong\AppData\Local\Temp\VMBuilds\Sketch1\arduino_due_x_dbg\Debug/core.a(Print.cpp.o)
 .text._ZN5Print5writeEPKc
                0x00081062       0x1e C:\Users\Phuong\AppData\Local\Temp\VMBuilds\Sketch1\arduino_due_x_dbg\Debug/core.a(Print.cpp.o)
                0x00081062                Print::write(char const*)
 .text._ZN5Print5printEPKc
                0x00081080        0x8 C:\Users\Phuong\AppData\Local\Temp\VMBuilds\Sketch1\arduino_due_x_dbg\Debug/core.a(Print.cpp.o)
                0x00081080                Print::print(char const*)
 .text._ZN5Print7printlnEv
                0x00081088       0x10 C:\Users\Phuong\AppData\Local\Temp\VMBuilds\Sketch1\arduino_due_x_dbg\Debug/core.a(Print.cpp.o)
                0x00081088                Print::println()
 .text._ZN5Print7printlnEPKc
                0x00081098       0x14 C:\Users\Phuong\AppData\Local\Temp\VMBuilds\Sketch1\arduino_due_x_dbg\Debug/core.a(Print.cpp.o)
                0x00081098                Print::println(char const*)
 .text._ZN5Print11printNumberEmh
                0x000810ac       0x3e C:\Users\Phuong\AppData\Local\Temp\VMBuilds\Sketch1\arduino_due_x_dbg\Debug/core.a(Print.cpp.o)
                0x000810ac                Print::printNumber(unsigned long, unsigned char)
 .text._ZN5Print5printEmi
                0x000810ea        0xc C:\Users\Phuong\AppData\Local\Temp\VMBuilds\Sketch1\arduino_due_x_dbg\Debug/core.a(Print.cpp.o)
                0x000810ea                Print::print(unsigned long, int)
 .text._ZN5Print5printEhi
                0x000810f6        0x4 C:\Users\Phuong\AppData\Local\Temp\VMBuilds\Sketch1\arduino_due_x_dbg\Debug/core.a(Print.cpp.o)
                0x000810f6                Print::print(unsigned char, int)
 *fill*         0x000810fa        0x2 
 .text.initiateReset
                0x000810fc        0xc C:\Users\Phuong\AppData\Local\Temp\VMBuilds\Sketch1\arduino_due_x_dbg\Debug/core.a(Reset.cpp.o)
                0x000810fc                initiateReset
 .text.cancelReset
                0x00081108       0x10 C:\Users\Phuong\AppData\Local\Temp\VMBuilds\Sketch1\arduino_due_x_dbg\Debug/core.a(Reset.cpp.o)
                0x00081108                cancelReset
 .text.tickReset
                0x00081118       0x20 C:\Users\Phuong\AppData\Local\Temp\VMBuilds\Sketch1\arduino_due_x_dbg\Debug/core.a(Reset.cpp.o)
                0x00081118                tickReset
 .text._ZN10RingBufferC2Ev
                0x00081138       0x1a C:\Users\Phuong\AppData\Local\Temp\VMBuilds\Sketch1\arduino_due_x_dbg\Debug/core.a(RingBuffer.cpp.o)
                0x00081138                RingBuffer::RingBuffer()
                0x00081138                RingBuffer::RingBuffer()
 .text._ZN10RingBuffer10store_charEh
                0x00081152       0x1e C:\Users\Phuong\AppData\Local\Temp\VMBuilds\Sketch1\arduino_due_x_dbg\Debug/core.a(RingBuffer.cpp.o)
                0x00081152                RingBuffer::store_char(unsigned char)
 .text._ZN9UARTClasscvbEv
                0x00081170        0x4 C:\Users\Phuong\AppData\Local\Temp\VMBuilds\Sketch1\arduino_due_x_dbg\Debug/core.a(UARTClass.cpp.o)
                0x00081170                UARTClass::operator bool()
 .text._ZN9UARTClass9availableEv
                0x00081174       0x12 C:\Users\Phuong\AppData\Local\Temp\VMBuilds\Sketch1\arduino_due_x_dbg\Debug/core.a(UARTClass.cpp.o)
                0x00081174                UARTClass::available()
 .text._ZN9UARTClass4peekEv
                0x00081186       0x1c C:\Users\Phuong\AppData\Local\Temp\VMBuilds\Sketch1\arduino_due_x_dbg\Debug/core.a(UARTClass.cpp.o)
                0x00081186                UARTClass::peek()
 .text._ZN9UARTClass4readEv
                0x000811a2       0x2a C:\Users\Phuong\AppData\Local\Temp\VMBuilds\Sketch1\arduino_due_x_dbg\Debug/core.a(UARTClass.cpp.o)
                0x000811a2                UARTClass::read()
 .text._ZN9UARTClass5flushEv
                0x000811cc       0x18 C:\Users\Phuong\AppData\Local\Temp\VMBuilds\Sketch1\arduino_due_x_dbg\Debug/core.a(UARTClass.cpp.o)
                0x000811cc                UARTClass::flush()
 .text._ZN9UARTClass5writeEh
                0x000811e4       0x54 C:\Users\Phuong\AppData\Local\Temp\VMBuilds\Sketch1\arduino_due_x_dbg\Debug/core.a(UARTClass.cpp.o)
                0x000811e4                UARTClass::write(unsigned char)
 .text._ZN9UARTClass3endEv
                0x00081238       0x3c C:\Users\Phuong\AppData\Local\Temp\VMBuilds\Sketch1\arduino_due_x_dbg\Debug/core.a(UARTClass.cpp.o)
                0x00081238                UARTClass::end()
 .text._ZN9UARTClassC2EP4Uart4IRQnmP10RingBufferS4_
                0x00081274       0x24 C:\Users\Phuong\AppData\Local\Temp\VMBuilds\Sketch1\arduino_due_x_dbg\Debug/core.a(UARTClass.cpp.o)
                0x00081274                UARTClass::UARTClass(Uart*, IRQn, unsigned long, RingBuffer*, RingBuffer*)
                0x00081274                UARTClass::UARTClass(Uart*, IRQn, unsigned long, RingBuffer*, RingBuffer*)
 .text._ZN9UARTClass4initEmm
                0x00081298       0x70 C:\Users\Phuong\AppData\Local\Temp\VMBuilds\Sketch1\arduino_due_x_dbg\Debug/core.a(UARTClass.cpp.o)
                0x00081298                UARTClass::init(unsigned long, unsigned long)
 .text._ZN9UARTClass5beginEm
                0x00081308        0x8 C:\Users\Phuong\AppData\Local\Temp\VMBuilds\Sketch1\arduino_due_x_dbg\Debug/core.a(UARTClass.cpp.o)
                0x00081308                UARTClass::begin(unsigned long)
 .text._ZN9UARTClass10IrqHandlerEv
                0x00081310       0x5a C:\Users\Phuong\AppData\Local\Temp\VMBuilds\Sketch1\arduino_due_x_dbg\Debug/core.a(UARTClass.cpp.o)
                0x00081310                UARTClass::IrqHandler()
 .text._ZN10USARTClass5beginEm
                0x0008136a        0x8 C:\Users\Phuong\AppData\Local\Temp\VMBuilds\Sketch1\arduino_due_x_dbg\Debug/core.a(USARTClass.cpp.o)
                0x0008136a                USARTClass::begin(unsigned long)
 *fill*         0x00081372        0x2 
 .text._ZN10USARTClassC2EP5Usart4IRQnmP10RingBufferS4_
                0x00081374       0x24 C:\Users\Phuong\AppData\Local\Temp\VMBuilds\Sketch1\arduino_due_x_dbg\Debug/core.a(USARTClass.cpp.o)
                0x00081374                USARTClass::USARTClass(Usart*, IRQn, unsigned long, RingBuffer*, RingBuffer*)
                0x00081374                USARTClass::USARTClass(Usart*, IRQn, unsigned long, RingBuffer*, RingBuffer*)
 .text._watchdogDefaultSetup
                0x00081398        0xc C:\Users\Phuong\AppData\Local\Temp\VMBuilds\Sketch1\arduino_due_x_dbg\Debug/core.a(watchdog.cpp.o)
                0x00081398                _watchdogDefaultSetup
                0x00081398                watchdogSetup()
 .text.unlikely._ZL11USB_SendZlpv
                0x000813a4       0x20 C:\Users\Phuong\AppData\Local\Temp\VMBuilds\Sketch1\arduino_due_x_dbg\Debug/core.a(USBCore.cpp.o)
 .text._Z14USBD_Availablem
                0x000813c4       0x2c C:\Users\Phuong\AppData\Local\Temp\VMBuilds\Sketch1\arduino_due_x_dbg\Debug/core.a(USBCore.cpp.o)
                0x000813c4                USBD_Available(unsigned long)
 .text._Z9USBD_RecvmPvm
                0x000813f0       0x7c C:\Users\Phuong\AppData\Local\Temp\VMBuilds\Sketch1\arduino_due_x_dbg\Debug/core.a(USBCore.cpp.o)
                0x000813f0                USBD_Recv(unsigned long, void*, unsigned long)
 .text._Z9USBD_Recvm
                0x0008146c       0x22 C:\Users\Phuong\AppData\Local\Temp\VMBuilds\Sketch1\arduino_due_x_dbg\Debug/core.a(USBCore.cpp.o)
                0x0008146c                USBD_Recv(unsigned long)
 *fill*         0x0008148e        0x2 
 .text._Z9USBD_SendmPKvm
                0x00081490       0x4c C:\Users\Phuong\AppData\Local\Temp\VMBuilds\Sketch1\arduino_due_x_dbg\Debug/core.a(USBCore.cpp.o)
                0x00081490                USBD_Send(unsigned long, void const*, unsigned long)
 .text._Z16USBD_SendControlhPKvm
                0x000814dc       0x40 C:\Users\Phuong\AppData\Local\Temp\VMBuilds\Sketch1\arduino_due_x_dbg\Debug/core.a(USBCore.cpp.o)
                0x000814dc                USBD_SendControl(unsigned char, void const*, unsigned long)
 .text.unlikely._ZL24USB_SendStringDescriptorPKhi
                0x0008151c       0x64 C:\Users\Phuong\AppData\Local\Temp\VMBuilds\Sketch1\arduino_due_x_dbg\Debug/core.a(USBCore.cpp.o)
 .text._Z16USBD_RecvControlPvm
                0x00081580       0x1c C:\Users\Phuong\AppData\Local\Temp\VMBuilds\Sketch1\arduino_due_x_dbg\Debug/core.a(USBCore.cpp.o)
                0x00081580                USBD_RecvControl(void*, unsigned long)
 .text._Z26USBD_ClassInterfaceRequestR8USBSetup
                0x0008159c       0x1e C:\Users\Phuong\AppData\Local\Temp\VMBuilds\Sketch1\arduino_due_x_dbg\Debug/core.a(USBCore.cpp.o)
                0x0008159c                USBD_ClassInterfaceRequest(USBSetup&)
 .text._Z19USBD_SendInterfacesv
                0x000815ba       0x22 C:\Users\Phuong\AppData\Local\Temp\VMBuilds\Sketch1\arduino_due_x_dbg\Debug/core.a(USBCore.cpp.o)
                0x000815ba                USBD_SendInterfaces()
 .text._Z24USBD_SendOtherInterfacesv
                0x000815dc       0x22 C:\Users\Phuong\AppData\Local\Temp\VMBuilds\Sketch1\arduino_due_x_dbg\Debug/core.a(USBCore.cpp.o)
                0x000815dc                USBD_SendOtherInterfaces()
 .text._Z10USBD_Flushm
                0x000815fe       0x16 C:\Users\Phuong\AppData\Local\Temp\VMBuilds\Sketch1\arduino_due_x_dbg\Debug/core.a(USBCore.cpp.o)
                0x000815fe                USBD_Flush(unsigned long)
 .text._ZN10USBDevice_C2Ev
                0x00081614       0x24 C:\Users\Phuong\AppData\Local\Temp\VMBuilds\Sketch1\arduino_due_x_dbg\Debug/core.a(USBCore.cpp.o)
                0x00081614                USBDevice_::USBDevice_()
                0x00081614                USBDevice_::USBDevice_()
 .text._ZN10USBDevice_6attachEv
                0x00081638       0x20 C:\Users\Phuong\AppData\Local\Temp\VMBuilds\Sketch1\arduino_due_x_dbg\Debug/core.a(USBCore.cpp.o)
                0x00081638                USBDevice_::attach()
 .text.startup._GLOBAL__sub_I_EndPoints
                0x00081658        0xc C:\Users\Phuong\AppData\Local\Temp\VMBuilds\Sketch1\arduino_due_x_dbg\Debug/core.a(USBCore.cpp.o)
 .text._ZL7USB_ISRv
                0x00081664      0x454 C:\Users\Phuong\AppData\Local\Temp\VMBuilds\Sketch1\arduino_due_x_dbg\Debug/core.a(USBCore.cpp.o)
 .text._ZN7Serial_9availableEv
                0x00081ab8       0x18 C:\Users\Phuong\AppData\Local\Temp\VMBuilds\Sketch1\arduino_due_x_dbg\Debug/core.a(CDC.cpp.o)
                0x00081ab8                Serial_::available()
 .text._ZN7Serial_17availableForWriteEv
                0x00081ad0        0x6 C:\Users\Phuong\AppData\Local\Temp\VMBuilds\Sketch1\arduino_due_x_dbg\Debug/core.a(CDC.cpp.o)
                0x00081ad0                Serial_::availableForWrite()
 *fill*         0x00081ad6        0x2 
 .text._ZN7Serial_4peekEv
                0x00081ad8       0x20 C:\Users\Phuong\AppData\Local\Temp\VMBuilds\Sketch1\arduino_due_x_dbg\Debug/core.a(CDC.cpp.o)
                0x00081ad8                Serial_::peek()
 .text._ZN7Serial_5writeEh
                0x00081af8       0x16 C:\Users\Phuong\AppData\Local\Temp\VMBuilds\Sketch1\arduino_due_x_dbg\Debug/core.a(CDC.cpp.o)
                0x00081af8                Serial_::write(unsigned char)
 *fill*         0x00081b0e        0x2 
 .text._ZN7Serial_4readEv
                0x00081b10       0x44 C:\Users\Phuong\AppData\Local\Temp\VMBuilds\Sketch1\arduino_due_x_dbg\Debug/core.a(CDC.cpp.o)
                0x00081b10                Serial_::read()
 .text._ZN7Serial_5flushEv
                0x00081b54        0x6 C:\Users\Phuong\AppData\Local\Temp\VMBuilds\Sketch1\arduino_due_x_dbg\Debug/core.a(CDC.cpp.o)
                0x00081b54                Serial_::flush()
 *fill*         0x00081b5a        0x2 
 .text._ZN7Serial_6acceptEv
                0x00081b5c       0x70 C:\Users\Phuong\AppData\Local\Temp\VMBuilds\Sketch1\arduino_due_x_dbg\Debug/core.a(CDC.cpp.o)
                0x00081b5c                Serial_::accept()
 .text._ZN7Serial_5writeEPKhj
                0x00081bcc       0x2c C:\Users\Phuong\AppData\Local\Temp\VMBuilds\Sketch1\arduino_due_x_dbg\Debug/core.a(CDC.cpp.o)
                0x00081bcc                Serial_::write(unsigned char const*, unsigned int)
 .text._Z16CDC_GetInterfacePh
                0x00081bf8       0x14 C:\Users\Phuong\AppData\Local\Temp\VMBuilds\Sketch1\arduino_due_x_dbg\Debug/core.a(CDC.cpp.o)
                0x00081bf8                CDC_GetInterface(unsigned char*)
 .text._Z21CDC_GetOtherInterfacePh
                0x00081c0c       0x14 C:\Users\Phuong\AppData\Local\Temp\VMBuilds\Sketch1\arduino_due_x_dbg\Debug/core.a(CDC.cpp.o)
                0x00081c0c                CDC_GetOtherInterface(unsigned char*)
 .text._Z9CDC_SetupR8USBSetup
                0x00081c20       0x78 C:\Users\Phuong\AppData\Local\Temp\VMBuilds\Sketch1\arduino_due_x_dbg\Debug/core.a(CDC.cpp.o)
                0x00081c20                CDC_Setup(USBSetup&)
 .text.startup._GLOBAL__sub_I_cdc_rx_buffer
                0x00081c98       0x1c C:\Users\Phuong\AppData\Local\Temp\VMBuilds\Sketch1\arduino_due_x_dbg\Debug/core.a(CDC.cpp.o)
 .text._ZN13PluggableUSB_12getInterfaceEPh
                0x00081cb4       0x28 C:\Users\Phuong\AppData\Local\Temp\VMBuilds\Sketch1\arduino_due_x_dbg\Debug/core.a(PluggableUSB.cpp.o)
                0x00081cb4                PluggableUSB_::getInterface(unsigned char*)
 .text._ZN13PluggableUSB_13getDescriptorER8USBSetup
                0x00081cdc       0x1c C:\Users\Phuong\AppData\Local\Temp\VMBuilds\Sketch1\arduino_due_x_dbg\Debug/core.a(PluggableUSB.cpp.o)
                0x00081cdc                PluggableUSB_::getDescriptor(USBSetup&)
 .text._ZN13PluggableUSB_12getShortNameEPc
                0x00081cf8       0x1c C:\Users\Phuong\AppData\Local\Temp\VMBuilds\Sketch1\arduino_due_x_dbg\Debug/core.a(PluggableUSB.cpp.o)
                0x00081cf8                PluggableUSB_::getShortName(char*)
 .text._ZN13PluggableUSB_5setupER8USBSetup
                0x00081d14       0x20 C:\Users\Phuong\AppData\Local\Temp\VMBuilds\Sketch1\arduino_due_x_dbg\Debug/core.a(PluggableUSB.cpp.o)
                0x00081d14                PluggableUSB_::setup(USBSetup&)
 .text._Z12PluggableUSBv
                0x00081d34       0x28 C:\Users\Phuong\AppData\Local\Temp\VMBuilds\Sketch1\arduino_due_x_dbg\Debug/core.a(PluggableUSB.cpp.o)
                0x00081d34                PluggableUSB()
 .text.FindClockConfiguration
                0x00081d5c       0x7c C:\Users\Phuong\AppData\Local\arduino15\packages\arduino\hardware\sam\1.6.11\variants\arduino_due_x/libsam_sam3x8e_gcc_rel.a(pwmc.o)
 .text.PWMC_ConfigureChannel
                0x00081dd8       0x60 C:\Users\Phuong\AppData\Local\arduino15\packages\arduino\hardware\sam\1.6.11\variants\arduino_due_x/libsam_sam3x8e_gcc_rel.a(pwmc.o)
                0x00081dd8                PWMC_ConfigureChannel
 .text.PWMC_ConfigureClocks
                0x00081e38       0x54 C:\Users\Phuong\AppData\Local\arduino15\packages\arduino\hardware\sam\1.6.11\variants\arduino_due_x/libsam_sam3x8e_gcc_rel.a(pwmc.o)
                0x00081e38                PWMC_ConfigureClocks
 .text.PWMC_SetPeriod
                0x00081e8c       0x1a C:\Users\Phuong\AppData\Local\arduino15\packages\arduino\hardware\sam\1.6.11\variants\arduino_due_x/libsam_sam3x8e_gcc_rel.a(pwmc.o)
                0x00081e8c                PWMC_SetPeriod
 *fill*         0x00081ea6        0x2 
 .text.PWMC_SetDutyCycle
                0x00081ea8       0x44 C:\Users\Phuong\AppData\Local\arduino15\packages\arduino\hardware\sam\1.6.11\variants\arduino_due_x/libsam_sam3x8e_gcc_rel.a(pwmc.o)
                0x00081ea8                PWMC_SetDutyCycle
 .text.PWMC_EnableChannel
                0x00081eec        0xa C:\Users\Phuong\AppData\Local\arduino15\packages\arduino\hardware\sam\1.6.11\variants\arduino_due_x/libsam_sam3x8e_gcc_rel.a(pwmc.o)
                0x00081eec                PWMC_EnableChannel
 *fill*         0x00081ef6        0x2 
 .text.TC_Configure
                0x00081ef8       0x38 C:\Users\Phuong\AppData\Local\arduino15\packages\arduino\hardware\sam\1.6.11\variants\arduino_due_x/libsam_sam3x8e_gcc_rel.a(tc.o)
                0x00081ef8                TC_Configure
 .text.TC_Start
                0x00081f30       0x2c C:\Users\Phuong\AppData\Local\arduino15\packages\arduino\hardware\sam\1.6.11\variants\arduino_due_x/libsam_sam3x8e_gcc_rel.a(tc.o)
                0x00081f30                TC_Start
 .text.TC_SetRA
                0x00081f5c        0x8 C:\Users\Phuong\AppData\Local\arduino15\packages\arduino\hardware\sam\1.6.11\variants\arduino_due_x/libsam_sam3x8e_gcc_rel.a(tc.o)
                0x00081f5c                TC_SetRA
 .text.TC_SetRB
                0x00081f64        0x8 C:\Users\Phuong\AppData\Local\arduino15\packages\arduino\hardware\sam\1.6.11\variants\arduino_due_x/libsam_sam3x8e_gcc_rel.a(tc.o)
                0x00081f64                TC_SetRB
 .text.TC_SetRC
                0x00081f6c        0x8 C:\Users\Phuong\AppData\Local\arduino15\packages\arduino\hardware\sam\1.6.11\variants\arduino_due_x/libsam_sam3x8e_gcc_rel.a(tc.o)
                0x00081f6c                TC_SetRC
 .text.TimeTick_Increment
                0x00081f74       0x10 C:\Users\Phuong\AppData\Local\arduino15\packages\arduino\hardware\sam\1.6.11\variants\arduino_due_x/libsam_sam3x8e_gcc_rel.a(timetick.o)
                0x00081f74                TimeTick_Increment
 .text.GetTickCount
                0x00081f84        0xc C:\Users\Phuong\AppData\Local\arduino15\packages\arduino\hardware\sam\1.6.11\variants\arduino_due_x/libsam_sam3x8e_gcc_rel.a(timetick.o)
                0x00081f84                GetTickCount
 .text.WDT_Disable
                0x00081f90        0x8 C:\Users\Phuong\AppData\Local\arduino15\packages\arduino\hardware\sam\1.6.11\variants\arduino_due_x/libsam_sam3x8e_gcc_rel.a(wdt.o)
                0x00081f90                WDT_Disable
 .text.UDD_SetStack
                0x00081f98        0xc C:\Users\Phuong\AppData\Local\arduino15\packages\arduino\hardware\sam\1.6.11\variants\arduino_due_x/libsam_sam3x8e_gcc_rel.a(uotghs_device.o)
                0x00081f98                UDD_SetStack
 .text.UDD_Init
                0x00081fa4       0xd0 C:\Users\Phuong\AppData\Local\arduino15\packages\arduino\hardware\sam\1.6.11\variants\arduino_due_x/libsam_sam3x8e_gcc_rel.a(uotghs_device.o)
                0x00081fa4                UDD_Init
 .text.UDD_Attach
                0x00082074       0x50 C:\Users\Phuong\AppData\Local\arduino15\packages\arduino\hardware\sam\1.6.11\variants\arduino_due_x/libsam_sam3x8e_gcc_rel.a(uotghs_device.o)
                0x00082074                UDD_Attach
 .text.UDD_InitEP
                0x000820c4       0x2c C:\Users\Phuong\AppData\Local\arduino15\packages\arduino\hardware\sam\1.6.11\variants\arduino_due_x/libsam_sam3x8e_gcc_rel.a(uotghs_device.o)
                0x000820c4                UDD_InitEP
 .text.UDD_InitEndpoints
                0x000820f0       0x3c C:\Users\Phuong\AppData\Local\arduino15\packages\arduino\hardware\sam\1.6.11\variants\arduino_due_x/libsam_sam3x8e_gcc_rel.a(uotghs_device.o)
                0x000820f0                UDD_InitEndpoints
 .text.UDD_WaitIN
                0x0008212c       0x10 C:\Users\Phuong\AppData\Local\arduino15\packages\arduino\hardware\sam\1.6.11\variants\arduino_due_x/libsam_sam3x8e_gcc_rel.a(uotghs_device.o)
                0x0008212c                UDD_WaitIN
 .text.UDD_WaitOUT
                0x0008213c       0x10 C:\Users\Phuong\AppData\Local\arduino15\packages\arduino\hardware\sam\1.6.11\variants\arduino_due_x/libsam_sam3x8e_gcc_rel.a(uotghs_device.o)
                0x0008213c                UDD_WaitOUT
 .text.UDD_ClearIN
                0x0008214c       0x18 C:\Users\Phuong\AppData\Local\arduino15\packages\arduino\hardware\sam\1.6.11\variants\arduino_due_x/libsam_sam3x8e_gcc_rel.a(uotghs_device.o)
                0x0008214c                UDD_ClearIN
 .text.UDD_ClearOUT
                0x00082164       0x18 C:\Users\Phuong\AppData\Local\arduino15\packages\arduino\hardware\sam\1.6.11\variants\arduino_due_x/libsam_sam3x8e_gcc_rel.a(uotghs_device.o)
                0x00082164                UDD_ClearOUT
 .text.UDD_ReceivedSetupInt
                0x0008217c       0x10 C:\Users\Phuong\AppData\Local\arduino15\packages\arduino\hardware\sam\1.6.11\variants\arduino_due_x/libsam_sam3x8e_gcc_rel.a(uotghs_device.o)
                0x0008217c                UDD_ReceivedSetupInt
 .text.UDD_ClearSetupInt
                0x0008218c       0x10 C:\Users\Phuong\AppData\Local\arduino15\packages\arduino\hardware\sam\1.6.11\variants\arduino_due_x/libsam_sam3x8e_gcc_rel.a(uotghs_device.o)
                0x0008218c                UDD_ClearSetupInt
 .text.UDD_Send
                0x0008219c       0x88 C:\Users\Phuong\AppData\Local\arduino15\packages\arduino\hardware\sam\1.6.11\variants\arduino_due_x/libsam_sam3x8e_gcc_rel.a(uotghs_device.o)
                0x0008219c                UDD_Send
 .text.UDD_Send8
                0x00082224       0x24 C:\Users\Phuong\AppData\Local\arduino15\packages\arduino\hardware\sam\1.6.11\variants\arduino_due_x/libsam_sam3x8e_gcc_rel.a(uotghs_device.o)
                0x00082224                UDD_Send8
 .text.UDD_Recv8
                0x00082248       0x28 C:\Users\Phuong\AppData\Local\arduino15\packages\arduino\hardware\sam\1.6.11\variants\arduino_due_x/libsam_sam3x8e_gcc_rel.a(uotghs_device.o)
                0x00082248                UDD_Recv8
 .text.UDD_Recv
                0x00082270       0x34 C:\Users\Phuong\AppData\Local\arduino15\packages\arduino\hardware\sam\1.6.11\variants\arduino_due_x/libsam_sam3x8e_gcc_rel.a(uotghs_device.o)
                0x00082270                UDD_Recv
 .text.UDD_Stall
                0x000822a4       0x14 C:\Users\Phuong\AppData\Local\arduino15\packages\arduino\hardware\sam\1.6.11\variants\arduino_due_x/libsam_sam3x8e_gcc_rel.a(uotghs_device.o)
                0x000822a4                UDD_Stall
 .text.UDD_FifoByteCount
                0x000822b8       0x14 C:\Users\Phuong\AppData\Local\arduino15\packages\arduino\hardware\sam\1.6.11\variants\arduino_due_x/libsam_sam3x8e_gcc_rel.a(uotghs_device.o)
                0x000822b8                UDD_FifoByteCount
 .text.UDD_ReleaseRX
                0x000822cc       0x28 C:\Users\Phuong\AppData\Local\arduino15\packages\arduino\hardware\sam\1.6.11\variants\arduino_due_x/libsam_sam3x8e_gcc_rel.a(uotghs_device.o)
                0x000822cc                UDD_ReleaseRX
 .text.UDD_ReleaseTX
                0x000822f4       0x28 C:\Users\Phuong\AppData\Local\arduino15\packages\arduino\hardware\sam\1.6.11\variants\arduino_due_x/libsam_sam3x8e_gcc_rel.a(uotghs_device.o)
                0x000822f4                UDD_ReleaseTX
 .text.UDD_SetAddress
                0x0008231c       0x20 C:\Users\Phuong\AppData\Local\arduino15\packages\arduino\hardware\sam\1.6.11\variants\arduino_due_x/libsam_sam3x8e_gcc_rel.a(uotghs_device.o)
                0x0008231c                UDD_SetAddress
 .text.dacc_reset
                0x0008233c        0x6 C:\Users\Phuong\AppData\Local\arduino15\packages\arduino\hardware\sam\1.6.11\variants\arduino_due_x/libsam_sam3x8e_gcc_rel.a(dacc.o)
                0x0008233c                dacc_reset
 .text.dacc_set_transfer_mode
                0x00082342       0x14 C:\Users\Phuong\AppData\Local\arduino15\packages\arduino\hardware\sam\1.6.11\variants\arduino_due_x/libsam_sam3x8e_gcc_rel.a(dacc.o)
                0x00082342                dacc_set_transfer_mode
 .text.dacc_get_interrupt_status
                0x00082356        0x4 C:\Users\Phuong\AppData\Local\arduino15\packages\arduino\hardware\sam\1.6.11\variants\arduino_due_x/libsam_sam3x8e_gcc_rel.a(dacc.o)
                0x00082356                dacc_get_interrupt_status
 .text.dacc_write_conversion_data
                0x0008235a        0x4 C:\Users\Phuong\AppData\Local\arduino15\packages\arduino\hardware\sam\1.6.11\variants\arduino_due_x/libsam_sam3x8e_gcc_rel.a(dacc.o)
                0x0008235a                dacc_write_conversion_data
 .text.dacc_set_channel_selection
                0x0008235e       0x18 C:\Users\Phuong\AppData\Local\arduino15\packages\arduino\hardware\sam\1.6.11\variants\arduino_due_x/libsam_sam3x8e_gcc_rel.a(dacc.o)
                0x0008235e                dacc_set_channel_selection
 .text.dacc_set_power_save
                0x00082376       0x24 C:\Users\Phuong\AppData\Local\arduino15\packages\arduino\hardware\sam\1.6.11\variants\arduino_due_x/libsam_sam3x8e_gcc_rel.a(dacc.o)
                0x00082376                dacc_set_power_save
 .text.dacc_set_timing
                0x0008239a       0x2c C:\Users\Phuong\AppData\Local\arduino15\packages\arduino\hardware\sam\1.6.11\variants\arduino_due_x/libsam_sam3x8e_gcc_rel.a(dacc.o)
                0x0008239a                dacc_set_timing
 .text.dacc_enable_channel
                0x000823c6       0x12 C:\Users\Phuong\AppData\Local\arduino15\packages\arduino\hardware\sam\1.6.11\variants\arduino_due_x/libsam_sam3x8e_gcc_rel.a(dacc.o)
                0x000823c6                dacc_enable_channel
 .text.dacc_get_channel_status
                0x000823d8        0x4 C:\Users\Phuong\AppData\Local\arduino15\packages\arduino\hardware\sam\1.6.11\variants\arduino_due_x/libsam_sam3x8e_gcc_rel.a(dacc.o)
                0x000823d8                dacc_get_channel_status
 .text.dacc_set_analog_control
                0x000823dc        0x8 C:\Users\Phuong\AppData\Local\arduino15\packages\arduino\hardware\sam\1.6.11\variants\arduino_due_x/libsam_sam3x8e_gcc_rel.a(dacc.o)
                0x000823dc                dacc_set_analog_control
 .text.__assert_func
                0x000823e4       0x3c c:/users/phuong/appdata/local/arduino15/packages/arduino/tools/arm-none-eabi-gcc/4.8.3-2014q1/bin/../lib/gcc/arm-none-eabi/4.8.3/../../../../arm-none-eabi/lib/armv7-m\libg.a(lib_a-assert.o)
                0x000823e4                __assert_func
 .text.fiprintf
                0x00082420       0x28 c:/users/phuong/appdata/local/arduino15/packages/arduino/tools/arm-none-eabi-gcc/4.8.3-2014q1/bin/../lib/gcc/arm-none-eabi/4.8.3/../../../../arm-none-eabi/lib/armv7-m\libg.a(lib_a-fiprintf.o)
                0x00082420                fiprintf
 .text.__libc_init_array
                0x00082448       0x50 c:/users/phuong/appdata/local/arduino15/packages/arduino/tools/arm-none-eabi-gcc/4.8.3-2014q1/bin/../lib/gcc/arm-none-eabi/4.8.3/../../../../arm-none-eabi/lib/armv7-m\libg.a(lib_a-init.o)
                0x00082448                __libc_init_array
 .text.iprintf  0x00082498       0x28 c:/users/phuong/appdata/local/arduino15/packages/arduino/tools/arm-none-eabi-gcc/4.8.3-2014q1/bin/../lib/gcc/arm-none-eabi/4.8.3/../../../../arm-none-eabi/lib/armv7-m\libg.a(lib_a-iprintf.o)
                0x00082498                iprintf
 .text.memset   0x000824c0       0x94 c:/users/phuong/appdata/local/arduino15/packages/arduino/tools/arm-none-eabi-gcc/4.8.3-2014q1/bin/../lib/gcc/arm-none-eabi/4.8.3/../../../../arm-none-eabi/lib/armv7-m\libg.a(lib_a-memset.o)
                0x000824c0                memset
 .text.strlen   0x00082554       0x60 c:/users/phuong/appdata/local/arduino15/packages/arduino/tools/arm-none-eabi-gcc/4.8.3-2014q1/bin/../lib/gcc/arm-none-eabi/4.8.3/../../../../arm-none-eabi/lib/armv7-m\libg.a(lib_a-strlen.o)
                0x00082554                strlen
 .text.kill     0x000825b4       0x10 c:/users/phuong/appdata/local/arduino15/packages/arduino/tools/arm-none-eabi-gcc/4.8.3-2014q1/bin/../lib/gcc/arm-none-eabi/4.8.3/../../../../arm-none-eabi/lib/armv7-m\libg.a(lib_a-syskill.o)
                0x000825b4                kill
 .text.__sprint_r.part.0
                0x000825c4       0x78 c:/users/phuong/appdata/local/arduino15/packages/arduino/tools/arm-none-eabi-gcc/4.8.3-2014q1/bin/../lib/gcc/arm-none-eabi/4.8.3/../../../../arm-none-eabi/lib/armv7-m\libg.a(lib_a-vfiprintf.o)
 .text._vfiprintf_r
                0x0008263c      0xc54 c:/users/phuong/appdata/local/arduino15/packages/arduino/tools/arm-none-eabi-gcc/4.8.3-2014q1/bin/../lib/gcc/arm-none-eabi/4.8.3/../../../../arm-none-eabi/lib/armv7-m\libg.a(lib_a-vfiprintf.o)
                0x0008263c                _vfiprintf_r
 .text.__sbprintf
                0x00083290       0x7c c:/users/phuong/appdata/local/arduino15/packages/arduino/tools/arm-none-eabi-gcc/4.8.3-2014q1/bin/../lib/gcc/arm-none-eabi/4.8.3/../../../../arm-none-eabi/lib/armv7-m\libg.a(lib_a-vfiprintf.o)
 .text.__swsetup_r
                0x0008330c       0xc4 c:/users/phuong/appdata/local/arduino15/packages/arduino/tools/arm-none-eabi-gcc/4.8.3-2014q1/bin/../lib/gcc/arm-none-eabi/4.8.3/../../../../arm-none-eabi/lib/armv7-m\libg.a(lib_a-wsetup.o)
                0x0008330c                __swsetup_r
 .text.startup.register_fini
                0x000833d0       0x14 c:/users/phuong/appdata/local/arduino15/packages/arduino/tools/arm-none-eabi-gcc/4.8.3-2014q1/bin/../lib/gcc/arm-none-eabi/4.8.3/../../../../arm-none-eabi/lib/armv7-m\libg.a(lib_a-__call_atexit.o)
 .text.abort    0x000833e4       0x10 c:/users/phuong/appdata/local/arduino15/packages/arduino/tools/arm-none-eabi-gcc/4.8.3-2014q1/bin/../lib/gcc/arm-none-eabi/4.8.3/../../../../arm-none-eabi/lib/armv7-m\libg.a(lib_a-abort.o)
                0x000833e4                abort
 .text.atexit   0x000833f4        0xc c:/users/phuong/appdata/local/arduino15/packages/arduino/tools/arm-none-eabi-gcc/4.8.3-2014q1/bin/../lib/gcc/arm-none-eabi/4.8.3/../../../../arm-none-eabi/lib/armv7-m\libg.a(lib_a-atexit.o)
                0x000833f4                atexit
 .text.__sflush_r
                0x00083400      0x148 c:/users/phuong/appdata/local/arduino15/packages/arduino/tools/arm-none-eabi-gcc/4.8.3-2014q1/bin/../lib/gcc/arm-none-eabi/4.8.3/../../../../arm-none-eabi/lib/armv7-m\libg.a(lib_a-fflush.o)
                0x00083400                __sflush_r
 .text._fflush_r
                0x00083548       0x2c c:/users/phuong/appdata/local/arduino15/packages/arduino/tools/arm-none-eabi-gcc/4.8.3-2014q1/bin/../lib/gcc/arm-none-eabi/4.8.3/../../../../arm-none-eabi/lib/armv7-m\libg.a(lib_a-fflush.o)
                0x00083548                _fflush_r
 .text._cleanup_r
                0x00083574        0xc c:/users/phuong/appdata/local/arduino15/packages/arduino/tools/arm-none-eabi-gcc/4.8.3-2014q1/bin/../lib/gcc/arm-none-eabi/4.8.3/../../../../arm-none-eabi/lib/armv7-m\libg.a(lib_a-findfp.o)
                0x00083574                _cleanup_r
 .text.__sinit  0x00083580       0xf4 c:/users/phuong/appdata/local/arduino15/packages/arduino/tools/arm-none-eabi-gcc/4.8.3-2014q1/bin/../lib/gcc/arm-none-eabi/4.8.3/../../../../arm-none-eabi/lib/armv7-m\libg.a(lib_a-findfp.o)
                0x00083580                __sinit
 .text.__sfp_lock_acquire
                0x00083674        0x4 c:/users/phuong/appdata/local/arduino15/packages/arduino/tools/arm-none-eabi-gcc/4.8.3-2014q1/bin/../lib/gcc/arm-none-eabi/4.8.3/../../../../arm-none-eabi/lib/armv7-m\libg.a(lib_a-findfp.o)
                0x00083674                __sfp_lock_acquire
 .text.__sfp_lock_release
                0x00083678        0x4 c:/users/phuong/appdata/local/arduino15/packages/arduino/tools/arm-none-eabi-gcc/4.8.3-2014q1/bin/../lib/gcc/arm-none-eabi/4.8.3/../../../../arm-none-eabi/lib/armv7-m\libg.a(lib_a-findfp.o)
                0x00083678                __sfp_lock_release
 .text.__libc_fini_array
                0x0008367c       0x30 c:/users/phuong/appdata/local/arduino15/packages/arduino/tools/arm-none-eabi-gcc/4.8.3-2014q1/bin/../lib/gcc/arm-none-eabi/4.8.3/../../../../arm-none-eabi/lib/armv7-m\libg.a(lib_a-fini.o)
                0x0008367c                __libc_fini_array
 .text._fputwc_r
                0x000836ac       0xc0 c:/users/phuong/appdata/local/arduino15/packages/arduino/tools/arm-none-eabi-gcc/4.8.3-2014q1/bin/../lib/gcc/arm-none-eabi/4.8.3/../../../../arm-none-eabi/lib/armv7-m\libg.a(lib_a-fputwc.o)
                0x000836ac                _fputwc_r
 .text._malloc_trim_r
                0x0008376c       0x9c c:/users/phuong/appdata/local/arduino15/packages/arduino/tools/arm-none-eabi-gcc/4.8.3-2014q1/bin/../lib/gcc/arm-none-eabi/4.8.3/../../../../arm-none-eabi/lib/armv7-m\libg.a(lib_a-freer.o)
                0x0008376c                _malloc_trim_r
 .text._free_r  0x00083808      0x198 c:/users/phuong/appdata/local/arduino15/packages/arduino/tools/arm-none-eabi-gcc/4.8.3-2014q1/bin/../lib/gcc/arm-none-eabi/4.8.3/../../../../arm-none-eabi/lib/armv7-m\libg.a(lib_a-freer.o)
                0x00083808                _free_r
 .text.__sfvwrite_r
                0x000839a0      0x314 c:/users/phuong/appdata/local/arduino15/packages/arduino/tools/arm-none-eabi-gcc/4.8.3-2014q1/bin/../lib/gcc/arm-none-eabi/4.8.3/../../../../arm-none-eabi/lib/armv7-m\libg.a(lib_a-fvwrite.o)
                0x000839a0                __sfvwrite_r
 .text._fwalk   0x00083cb4       0x48 c:/users/phuong/appdata/local/arduino15/packages/arduino/tools/arm-none-eabi-gcc/4.8.3-2014q1/bin/../lib/gcc/arm-none-eabi/4.8.3/../../../../arm-none-eabi/lib/armv7-m\libg.a(lib_a-fwalk.o)
                0x00083cb4                _fwalk
 .text.__locale_charset
                0x00083cfc        0x8 c:/users/phuong/appdata/local/arduino15/packages/arduino/tools/arm-none-eabi-gcc/4.8.3-2014q1/bin/../lib/gcc/arm-none-eabi/4.8.3/../../../../arm-none-eabi/lib/armv7-m\libg.a(lib_a-locale.o)
                0x00083cfc                __locale_charset
 .text.__locale_mb_cur_max
                0x00083d04        0xc c:/users/phuong/appdata/local/arduino15/packages/arduino/tools/arm-none-eabi-gcc/4.8.3-2014q1/bin/../lib/gcc/arm-none-eabi/4.8.3/../../../../arm-none-eabi/lib/armv7-m\libg.a(lib_a-locale.o)
                0x00083d04                __locale_mb_cur_max
 .text.__smakebuf_r
                0x00083d10       0xe0 c:/users/phuong/appdata/local/arduino15/packages/arduino/tools/arm-none-eabi-gcc/4.8.3-2014q1/bin/../lib/gcc/arm-none-eabi/4.8.3/../../../../arm-none-eabi/lib/armv7-m\libg.a(lib_a-makebuf.o)
                0x00083d10                __smakebuf_r
 .text._malloc_r
                0x00083df0      0x538 c:/users/phuong/appdata/local/arduino15/packages/arduino/tools/arm-none-eabi-gcc/4.8.3-2014q1/bin/../lib/gcc/arm-none-eabi/4.8.3/../../../../arm-none-eabi/lib/armv7-m\libg.a(lib_a-mallocr.o)
                0x00083df0                _malloc_r
 .text.memchr   0x00084328       0x94 c:/users/phuong/appdata/local/arduino15/packages/arduino/tools/arm-none-eabi-gcc/4.8.3-2014q1/bin/../lib/gcc/arm-none-eabi/4.8.3/../../../../arm-none-eabi/lib/armv7-m\libg.a(lib_a-memchr-stub.o)
                0x00084328                memchr
 .text          0x000843bc       0xec c:/users/phuong/appdata/local/arduino15/packages/arduino/tools/arm-none-eabi-gcc/4.8.3-2014q1/bin/../lib/gcc/arm-none-eabi/4.8.3/../../../../arm-none-eabi/lib/armv7-m\libg.a(lib_a-memcpy.o)
                0x000843bc                memcpy
 .text.memmove  0x000844a8       0xcc c:/users/phuong/appdata/local/arduino15/packages/arduino/tools/arm-none-eabi-gcc/4.8.3-2014q1/bin/../lib/gcc/arm-none-eabi/4.8.3/../../../../arm-none-eabi/lib/armv7-m\libg.a(lib_a-memmove.o)
                0x000844a8                memmove
 .text.__malloc_lock
                0x00084574        0x4 c:/users/phuong/appdata/local/arduino15/packages/arduino/tools/arm-none-eabi-gcc/4.8.3-2014q1/bin/../lib/gcc/arm-none-eabi/4.8.3/../../../../arm-none-eabi/lib/armv7-m\libg.a(lib_a-mlock.o)
                0x00084574                __malloc_lock
 .text.__malloc_unlock
                0x00084578        0x4 c:/users/phuong/appdata/local/arduino15/packages/arduino/tools/arm-none-eabi-gcc/4.8.3-2014q1/bin/../lib/gcc/arm-none-eabi/4.8.3/../../../../arm-none-eabi/lib/armv7-m\libg.a(lib_a-mlock.o)
                0x00084578                __malloc_unlock
 .text._realloc_r
                0x0008457c      0x3c0 c:/users/phuong/appdata/local/arduino15/packages/arduino/tools/arm-none-eabi-gcc/4.8.3-2014q1/bin/../lib/gcc/arm-none-eabi/4.8.3/../../../../arm-none-eabi/lib/armv7-m\libg.a(lib_a-reallocr.o)
                0x0008457c                _realloc_r
 .text._sbrk_r  0x0008493c       0x24 c:/users/phuong/appdata/local/arduino15/packages/arduino/tools/arm-none-eabi-gcc/4.8.3-2014q1/bin/../lib/gcc/arm-none-eabi/4.8.3/../../../../arm-none-eabi/lib/armv7-m\libg.a(lib_a-sbrkr.o)
                0x0008493c                _sbrk_r
 .text._raise_r
                0x00084960       0x58 c:/users/phuong/appdata/local/arduino15/packages/arduino/tools/arm-none-eabi-gcc/4.8.3-2014q1/bin/../lib/gcc/arm-none-eabi/4.8.3/../../../../arm-none-eabi/lib/armv7-m\libg.a(lib_a-signal.o)
                0x00084960                _raise_r
 .text.raise    0x000849b8       0x10 c:/users/phuong/appdata/local/arduino15/packages/arduino/tools/arm-none-eabi-gcc/4.8.3-2014q1/bin/../lib/gcc/arm-none-eabi/4.8.3/../../../../arm-none-eabi/lib/armv7-m\libg.a(lib_a-signal.o)
                0x000849b8                raise
 .text._kill_r  0x000849c8       0x28 c:/users/phuong/appdata/local/arduino15/packages/arduino/tools/arm-none-eabi-gcc/4.8.3-2014q1/bin/../lib/gcc/arm-none-eabi/4.8.3/../../../../arm-none-eabi/lib/armv7-m\libg.a(lib_a-signalr.o)
                0x000849c8                _kill_r
 .text._getpid_r
                0x000849f0        0x4 c:/users/phuong/appdata/local/arduino15/packages/arduino/tools/arm-none-eabi-gcc/4.8.3-2014q1/bin/../lib/gcc/arm-none-eabi/4.8.3/../../../../arm-none-eabi/lib/armv7-m\libg.a(lib_a-signalr.o)
                0x000849f0                _getpid_r
 .text.__sread  0x000849f4       0x24 c:/users/phuong/appdata/local/arduino15/packages/arduino/tools/arm-none-eabi-gcc/4.8.3-2014q1/bin/../lib/gcc/arm-none-eabi/4.8.3/../../../../arm-none-eabi/lib/armv7-m\libg.a(lib_a-stdio.o)
                0x000849f4                __sread
 .text.__swrite
                0x00084a18       0x38 c:/users/phuong/appdata/local/arduino15/packages/arduino/tools/arm-none-eabi-gcc/4.8.3-2014q1/bin/../lib/gcc/arm-none-eabi/4.8.3/../../../../arm-none-eabi/lib/armv7-m\libg.a(lib_a-stdio.o)
                0x00084a18                __swrite
 .text.__sseek  0x00084a50       0x20 c:/users/phuong/appdata/local/arduino15/packages/arduino/tools/arm-none-eabi-gcc/4.8.3-2014q1/bin/../lib/gcc/arm-none-eabi/4.8.3/../../../../arm-none-eabi/lib/armv7-m\libg.a(lib_a-stdio.o)
                0x00084a50                __sseek
 .text.__sclose
                0x00084a70        0x8 c:/users/phuong/appdata/local/arduino15/packages/arduino/tools/arm-none-eabi-gcc/4.8.3-2014q1/bin/../lib/gcc/arm-none-eabi/4.8.3/../../../../arm-none-eabi/lib/armv7-m\libg.a(lib_a-stdio.o)
                0x00084a70                __sclose
 .text.__swbuf_r
                0x00084a78       0xa8 c:/users/phuong/appdata/local/arduino15/packages/arduino/tools/arm-none-eabi-gcc/4.8.3-2014q1/bin/../lib/gcc/arm-none-eabi/4.8.3/../../../../arm-none-eabi/lib/armv7-m\libg.a(lib_a-wbuf.o)
                0x00084a78                __swbuf_r
 .text._wcrtomb_r
                0x00084b20       0x50 c:/users/phuong/appdata/local/arduino15/packages/arduino/tools/arm-none-eabi-gcc/4.8.3-2014q1/bin/../lib/gcc/arm-none-eabi/4.8.3/../../../../arm-none-eabi/lib/armv7-m\libg.a(lib_a-wcrtomb.o)
                0x00084b20                _wcrtomb_r
 .text.__ascii_wctomb
                0x00084b70       0x1c c:/users/phuong/appdata/local/arduino15/packages/arduino/tools/arm-none-eabi-gcc/4.8.3-2014q1/bin/../lib/gcc/arm-none-eabi/4.8.3/../../../../arm-none-eabi/lib/armv7-m\libg.a(lib_a-wctomb_r.o)
                0x00084b70                __ascii_wctomb
 .text._write_r
                0x00084b8c       0x28 c:/users/phuong/appdata/local/arduino15/packages/arduino/tools/arm-none-eabi-gcc/4.8.3-2014q1/bin/../lib/gcc/arm-none-eabi/4.8.3/../../../../arm-none-eabi/lib/armv7-m\libg.a(lib_a-writer.o)
                0x00084b8c                _write_r
 .text.__register_exitproc
                0x00084bb4       0xa8 c:/users/phuong/appdata/local/arduino15/packages/arduino/tools/arm-none-eabi-gcc/4.8.3-2014q1/bin/../lib/gcc/arm-none-eabi/4.8.3/../../../../arm-none-eabi/lib/armv7-m\libg.a(lib_a-__atexit.o)
                0x00084bb4                __register_exitproc
 .text._close_r
                0x00084c5c       0x24 c:/users/phuong/appdata/local/arduino15/packages/arduino/tools/arm-none-eabi-gcc/4.8.3-2014q1/bin/../lib/gcc/arm-none-eabi/4.8.3/../../../../arm-none-eabi/lib/armv7-m\libg.a(lib_a-closer.o)
                0x00084c5c                _close_r
 .text._fclose_r
                0x00084c80       0x80 c:/users/phuong/appdata/local/arduino15/packages/arduino/tools/arm-none-eabi-gcc/4.8.3-2014q1/bin/../lib/gcc/arm-none-eabi/4.8.3/../../../../arm-none-eabi/lib/armv7-m\libg.a(lib_a-fclose.o)
                0x00084c80                _fclose_r
 .text.fclose   0x00084d00       0x10 c:/users/phuong/appdata/local/arduino15/packages/arduino/tools/arm-none-eabi-gcc/4.8.3-2014q1/bin/../lib/gcc/arm-none-eabi/4.8.3/../../../../arm-none-eabi/lib/armv7-m\libg.a(lib_a-fclose.o)
                0x00084d00                fclose
 .text._fstat_r
                0x00084d10       0x28 c:/users/phuong/appdata/local/arduino15/packages/arduino/tools/arm-none-eabi-gcc/4.8.3-2014q1/bin/../lib/gcc/arm-none-eabi/4.8.3/../../../../arm-none-eabi/lib/armv7-m\libg.a(lib_a-fstatr.o)
                0x00084d10                _fstat_r
 .text._isatty_r
                0x00084d38       0x24 c:/users/phuong/appdata/local/arduino15/packages/arduino/tools/arm-none-eabi-gcc/4.8.3-2014q1/bin/../lib/gcc/arm-none-eabi/4.8.3/../../../../arm-none-eabi/lib/armv7-m\libg.a(lib_a-isattyr.o)
                0x00084d38                _isatty_r
 .text._lseek_r
                0x00084d5c       0x28 c:/users/phuong/appdata/local/arduino15/packages/arduino/tools/arm-none-eabi-gcc/4.8.3-2014q1/bin/../lib/gcc/arm-none-eabi/4.8.3/../../../../arm-none-eabi/lib/armv7-m\libg.a(lib_a-lseekr.o)
                0x00084d5c                _lseek_r
 .text._read_r  0x00084d84       0x28 c:/users/phuong/appdata/local/arduino15/packages/arduino/tools/arm-none-eabi-gcc/4.8.3-2014q1/bin/../lib/gcc/arm-none-eabi/4.8.3/../../../../arm-none-eabi/lib/armv7-m\libg.a(lib_a-readr.o)
                0x00084d84                _read_r
 .text          0x00084dac       0x2c c:/users/phuong/appdata/local/arduino15/packages/arduino/tools/arm-none-eabi-gcc/4.8.3-2014q1/bin/../lib/gcc/arm-none-eabi/4.8.3/armv7-m\libgcc.a(_aeabi_uldivmod.o)
                0x00084dac                __aeabi_uldivmod
 .text          0x00084dd8       0x60 c:/users/phuong/appdata/local/arduino15/packages/arduino/tools/arm-none-eabi-gcc/4.8.3-2014q1/bin/../lib/gcc/arm-none-eabi/4.8.3/armv7-m\libgcc.a(bpabi.o)
                0x00084dd8                __gnu_ldivmod_helper
                0x00084e08                __gnu_uldivmod_helper
 .text          0x00084e38        0x4 c:/users/phuong/appdata/local/arduino15/packages/arduino/tools/arm-none-eabi-gcc/4.8.3-2014q1/bin/../lib/gcc/arm-none-eabi/4.8.3/armv7-m\libgcc.a(_dvmd_tls.o)
                0x00084e38                __aeabi_idiv0
                0x00084e38                __aeabi_ldiv0
 .text          0x00084e3c      0x2a0 c:/users/phuong/appdata/local/arduino15/packages/arduino/tools/arm-none-eabi-gcc/4.8.3-2014q1/bin/../lib/gcc/arm-none-eabi/4.8.3/armv7-m\libgcc.a(_divdi3.o)
                0x00084e3c                __divdi3
 .text          0x000850dc      0x290 c:/users/phuong/appdata/local/arduino15/packages/arduino/tools/arm-none-eabi-gcc/4.8.3-2014q1/bin/../lib/gcc/arm-none-eabi/4.8.3/armv7-m\libgcc.a(_udivdi3.o)
                0x000850dc                __udivdi3
 *(.glue_7t)
 .glue_7t       0x00000000        0x0 linker stubs
 *(.glue_7)
 .glue_7        0x00000000        0x0 linker stubs
 *(.rodata .rodata* .gnu.linkonce.r.*)
 .rodata.str1.1
                0x0008536c       0x14 C:\Users\Phuong\AppData\Local\Temp\VMBuilds\Sketch1\arduino_due_x_dbg\Debug\Sketch1.cpp.o
 .rodata.str1.1
                0x00085380       0x6a C:\Users\Phuong\AppData\Local\Temp\VMBuilds\Sketch1\arduino_due_x_dbg\Debug\VM_DBG\VM_DBG.cpp.o
                                 0x6c (size before relaxing)
 *fill*         0x000853ea        0x2 
 .rodata.g_APinDescription
                0x000853ec      0xa2c C:\Users\Phuong\AppData\Local\Temp\VMBuilds\Sketch1\arduino_due_x_dbg\Debug\variant\variant.cpp.o
                0x000853ec                g_APinDescription
 .rodata        0x00085e18       0x40 C:\Users\Phuong\AppData\Local\arduino15\packages\arduino\hardware\sam\1.6.11\variants\arduino_due_x/libsam_sam3x8e_gcc_rel.a(adc.o)
 .rodata.str1.1
                0x00085e58       0x19 C:\Users\Phuong\AppData\Local\Temp\VMBuilds\Sketch1\arduino_due_x_dbg\Debug/core.a(syscalls_sam3.c.o)
 *fill*         0x00085e71        0x3 
 .rodata.channelToId.9433
                0x00085e74       0x48 C:\Users\Phuong\AppData\Local\Temp\VMBuilds\Sketch1\arduino_due_x_dbg\Debug/core.a(wiring_analog.c.o)
 .rodata.channelToTC.9432
                0x00085ebc       0x48 C:\Users\Phuong\AppData\Local\Temp\VMBuilds\Sketch1\arduino_due_x_dbg\Debug/core.a(wiring_analog.c.o)
 .rodata.channelToChNo.9430
                0x00085f04       0x48 C:\Users\Phuong\AppData\Local\Temp\VMBuilds\Sketch1\arduino_due_x_dbg\Debug/core.a(wiring_analog.c.o)
 .rodata.channelToAB.9431
                0x00085f4c       0x48 C:\Users\Phuong\AppData\Local\Temp\VMBuilds\Sketch1\arduino_due_x_dbg\Debug/core.a(wiring_analog.c.o)
 .rodata.str1.1
                0x00085f94        0xc C:\Users\Phuong\AppData\Local\Temp\VMBuilds\Sketch1\arduino_due_x_dbg\Debug/core.a(Print.cpp.o)
                                  0xf (size before relaxing)
 .rodata._ZTV9UARTClass
                0x00085fa0       0x30 C:\Users\Phuong\AppData\Local\Temp\VMBuilds\Sketch1\arduino_due_x_dbg\Debug/core.a(UARTClass.cpp.o)
                0x00085fa0                vtable for UARTClass
 .rodata._ZTV10USARTClass
                0x00085fd0       0x30 C:\Users\Phuong\AppData\Local\Temp\VMBuilds\Sketch1\arduino_due_x_dbg\Debug/core.a(USARTClass.cpp.o)
                0x00085fd0                vtable for USARTClass
 .rodata.STRING_PRODUCT
                0x00086000        0xc C:\Users\Phuong\AppData\Local\Temp\VMBuilds\Sketch1\arduino_due_x_dbg\Debug/core.a(USBCore.cpp.o)
                0x00086000                STRING_PRODUCT
 .rodata.USB_DeviceDescriptor
                0x0008600c       0x12 C:\Users\Phuong\AppData\Local\Temp\VMBuilds\Sketch1\arduino_due_x_dbg\Debug/core.a(USBCore.cpp.o)
                0x0008600c                USB_DeviceDescriptor
 .rodata.STRING_LANGUAGE
                0x0008601e        0x4 C:\Users\Phuong\AppData\Local\Temp\VMBuilds\Sketch1\arduino_due_x_dbg\Debug/core.a(USBCore.cpp.o)
                0x0008601e                STRING_LANGUAGE
 .rodata._ZL18test_packet_buffer
                0x00086022       0x35 C:\Users\Phuong\AppData\Local\Temp\VMBuilds\Sketch1\arduino_due_x_dbg\Debug/core.a(USBCore.cpp.o)
 .rodata.STRING_MANUFACTURER
                0x00086057        0xc C:\Users\Phuong\AppData\Local\Temp\VMBuilds\Sketch1\arduino_due_x_dbg\Debug/core.a(USBCore.cpp.o)
                0x00086057                STRING_MANUFACTURER
 .rodata.USB_DeviceDescriptorA
                0x00086063       0x12 C:\Users\Phuong\AppData\Local\Temp\VMBuilds\Sketch1\arduino_due_x_dbg\Debug/core.a(USBCore.cpp.o)
                0x00086063                USB_DeviceDescriptorA
 .rodata._ZL19USB_DeviceQualifier
                0x00086075        0x9 C:\Users\Phuong\AppData\Local\Temp\VMBuilds\Sketch1\arduino_due_x_dbg\Debug/core.a(USBCore.cpp.o)
 *fill*         0x0008607e        0x2 
 .rodata._ZTV7Serial_
                0x00086080       0x28 C:\Users\Phuong\AppData\Local\Temp\VMBuilds\Sketch1\arduino_due_x_dbg\Debug/core.a(CDC.cpp.o)
                0x00086080                vtable for Serial_
 .rodata._ZL18_cdcOtherInterface
                0x000860a8       0x42 C:\Users\Phuong\AppData\Local\Temp\VMBuilds\Sketch1\arduino_due_x_dbg\Debug/core.a(CDC.cpp.o)
 .rodata._ZL13_cdcInterface
                0x000860ea       0x42 C:\Users\Phuong\AppData\Local\Temp\VMBuilds\Sketch1\arduino_due_x_dbg\Debug/core.a(CDC.cpp.o)
 .rodata        0x0008612c       0x2c C:\Users\Phuong\AppData\Local\arduino15\packages\arduino\hardware\sam\1.6.11\variants\arduino_due_x/libsam_sam3x8e_gcc_rel.a(pwmc.o)
 .rodata.__func__.6830
                0x00086158       0x15 C:\Users\Phuong\AppData\Local\arduino15\packages\arduino\hardware\sam\1.6.11\variants\arduino_due_x/libsam_sam3x8e_gcc_rel.a(pwmc.o)
 .rodata.__func__.6841
                0x0008616d       0x12 C:\Users\Phuong\AppData\Local\arduino15\packages\arduino\hardware\sam\1.6.11\variants\arduino_due_x/libsam_sam3x8e_gcc_rel.a(pwmc.o)
 .rodata.str1.1
                0x0008617f      0x1cc C:\Users\Phuong\AppData\Local\arduino15\packages\arduino\hardware\sam\1.6.11\variants\arduino_due_x/libsam_sam3x8e_gcc_rel.a(pwmc.o)
 .rodata.__func__.6804
                0x0008634b       0x16 C:\Users\Phuong\AppData\Local\arduino15\packages\arduino\hardware\sam\1.6.11\variants\arduino_due_x/libsam_sam3x8e_gcc_rel.a(pwmc.o)
 .rodata.__func__.6793
                0x00086361       0x17 C:\Users\Phuong\AppData\Local\arduino15\packages\arduino\hardware\sam\1.6.11\variants\arduino_due_x/libsam_sam3x8e_gcc_rel.a(pwmc.o)
 .rodata.__func__.6792
                0x00086378        0xd C:\Users\Phuong\AppData\Local\arduino15\packages\arduino\hardware\sam\1.6.11\variants\arduino_due_x/libsam_sam3x8e_gcc_rel.a(tc.o)
 .rodata.str1.1
                0x00086385       0x54 C:\Users\Phuong\AppData\Local\arduino15\packages\arduino\hardware\sam\1.6.11\variants\arduino_due_x/libsam_sam3x8e_gcc_rel.a(tc.o)
 .rodata.__func__.6798
                0x000863d9        0x9 C:\Users\Phuong\AppData\Local\arduino15\packages\arduino\hardware\sam\1.6.11\variants\arduino_due_x/libsam_sam3x8e_gcc_rel.a(tc.o)
 *fill*         0x000863e2        0x2 
 .rodata.str1.4
                0x000863e4       0x3f c:/users/phuong/appdata/local/arduino15/packages/arduino/tools/arm-none-eabi-gcc/4.8.3-2014q1/bin/../lib/gcc/arm-none-eabi/4.8.3/../../../../arm-none-eabi/lib/armv7-m\libg.a(lib_a-assert.o)
                                 0x44 (size before relaxing)
 *fill*         0x00086423        0x1 
 .rodata.str1.4
                0x00086424        0x2 c:/users/phuong/appdata/local/arduino15/packages/arduino/tools/arm-none-eabi-gcc/4.8.3-2014q1/bin/../lib/gcc/arm-none-eabi/4.8.3/../../../../arm-none-eabi/lib/armv7-m\libg.a(lib_a-impure.o)
                                  0x4 (size before relaxing)
 *fill*         0x00086426        0x2 
 .rodata._global_impure_ptr
                0x00086428        0x4 c:/users/phuong/appdata/local/arduino15/packages/arduino/tools/arm-none-eabi-gcc/4.8.3-2014q1/bin/../lib/gcc/arm-none-eabi/4.8.3/../../../../arm-none-eabi/lib/armv7-m\libg.a(lib_a-impure.o)
                0x00086428                _global_impure_ptr
 .rodata.blanks.6717
                0x0008642c       0x10 c:/users/phuong/appdata/local/arduino15/packages/arduino/tools/arm-none-eabi-gcc/4.8.3-2014q1/bin/../lib/gcc/arm-none-eabi/4.8.3/../../../../arm-none-eabi/lib/armv7-m\libg.a(lib_a-vfiprintf.o)
 .rodata.str1.4
                0x0008643c       0x30 c:/users/phuong/appdata/local/arduino15/packages/arduino/tools/arm-none-eabi-gcc/4.8.3-2014q1/bin/../lib/gcc/arm-none-eabi/4.8.3/../../../../arm-none-eabi/lib/armv7-m\libg.a(lib_a-vfiprintf.o)
 .rodata.zeroes.6718
                0x0008646c       0x10 c:/users/phuong/appdata/local/arduino15/packages/arduino/tools/arm-none-eabi-gcc/4.8.3-2014q1/bin/../lib/gcc/arm-none-eabi/4.8.3/../../../../arm-none-eabi/lib/armv7-m\libg.a(lib_a-vfiprintf.o)
 *(.ARM.extab* .gnu.linkonce.armextab.*)
                0x0008647c                . = ALIGN (0x4)
 *(.init)
 .init          0x0008647c        0x4 c:/users/phuong/appdata/local/arduino15/packages/arduino/tools/arm-none-eabi-gcc/4.8.3-2014q1/bin/../lib/gcc/arm-none-eabi/4.8.3/armv7-m/crti.o
                0x0008647c                _init
 .init          0x00086480        0x8 c:/users/phuong/appdata/local/arduino15/packages/arduino/tools/arm-none-eabi-gcc/4.8.3-2014q1/bin/../lib/gcc/arm-none-eabi/4.8.3/armv7-m/crtn.o
                0x00086488                . = ALIGN (0x4)
                0x00086488                __preinit_array_start = .
 *(.preinit_array)
                0x00086488                __preinit_array_end = .
                0x00086488                . = ALIGN (0x4)
                0x00086488                __init_array_start = .
 *(SORT(.init_array.*))
 .init_array.00000
                0x00086488        0x4 c:/users/phuong/appdata/local/arduino15/packages/arduino/tools/arm-none-eabi-gcc/4.8.3-2014q1/bin/../lib/gcc/arm-none-eabi/4.8.3/../../../../arm-none-eabi/lib/armv7-m\libg.a(lib_a-__call_atexit.o)
 *(.init_array)
 .init_array    0x0008648c        0x4 c:/users/phuong/appdata/local/arduino15/packages/arduino/tools/arm-none-eabi-gcc/4.8.3-2014q1/bin/../lib/gcc/arm-none-eabi/4.8.3/armv7-m/crtbegin.o
 .init_array    0x00086490        0x4 C:\Users\Phuong\AppData\Local\Temp\VMBuilds\Sketch1\arduino_due_x_dbg\Debug\VM_DBG\VM_DBG.cpp.o
 .init_array    0x00086494        0x4 C:\Users\Phuong\AppData\Local\Temp\VMBuilds\Sketch1\arduino_due_x_dbg\Debug\variant\variant.cpp.o
 .init_array    0x00086498        0x4 C:\Users\Phuong\AppData\Local\Temp\VMBuilds\Sketch1\arduino_due_x_dbg\Debug/core.a(USBCore.cpp.o)
 .init_array    0x0008649c        0x4 C:\Users\Phuong\AppData\Local\Temp\VMBuilds\Sketch1\arduino_due_x_dbg\Debug/core.a(CDC.cpp.o)
                0x000864a0                __init_array_end = .
                0x000864a0                . = ALIGN (0x4)
 *crtbegin.o(.ctors)
 *(EXCLUDE_FILE(*crtend.o) .ctors)
 *(SORT(.ctors.*))
 *crtend.o(.ctors)
                0x000864a0                . = ALIGN (0x4)
 *(.fini)
 .fini          0x000864a0        0x4 c:/users/phuong/appdata/local/arduino15/packages/arduino/tools/arm-none-eabi-gcc/4.8.3-2014q1/bin/../lib/gcc/arm-none-eabi/4.8.3/armv7-m/crti.o
                0x000864a0                _fini
 .fini          0x000864a4        0x8 c:/users/phuong/appdata/local/arduino15/packages/arduino/tools/arm-none-eabi-gcc/4.8.3-2014q1/bin/../lib/gcc/arm-none-eabi/4.8.3/armv7-m/crtn.o
                0x000864ac                . = ALIGN (0x4)
                0x000864ac                __fini_array_start = .
 *(.fini_array)
 .fini_array    0x000864ac        0x4 c:/users/phuong/appdata/local/arduino15/packages/arduino/tools/arm-none-eabi-gcc/4.8.3-2014q1/bin/../lib/gcc/arm-none-eabi/4.8.3/armv7-m/crtbegin.o
 *(SORT(.fini_array.*))
                0x000864b0                __fini_array_end = .
 *crtbegin.o(.dtors)
 *(EXCLUDE_FILE(*crtend.o) .dtors)
 *(SORT(.dtors.*))
 *crtend.o(.dtors)
                0x000864b0                . = ALIGN (0x4)
                0x000864b0                _efixed = .
                0x000864b0                PROVIDE (__exidx_start, .)

.vfp11_veneer   0x000864b0        0x0
 .vfp11_veneer  0x00000000        0x0 linker stubs

.v4_bx          0x000864b0        0x0
 .v4_bx         0x00000000        0x0 linker stubs

.iplt           0x000864b0        0x0
 .iplt          0x00000000        0x0 c:/users/phuong/appdata/local/arduino15/packages/arduino/tools/arm-none-eabi-gcc/4.8.3-2014q1/bin/../lib/gcc/arm-none-eabi/4.8.3/armv7-m/crtbegin.o

.ARM.exidx      0x000864b0        0x8
 *(.ARM.exidx* .gnu.linkonce.armexidx.*)
 .ARM.exidx     0x000864b0        0x8 c:/users/phuong/appdata/local/arduino15/packages/arduino/tools/arm-none-eabi-gcc/4.8.3-2014q1/bin/../lib/gcc/arm-none-eabi/4.8.3/armv7-m\libgcc.a(_divdi3.o)
 .ARM.exidx     0x000864b8        0x0 c:/users/phuong/appdata/local/arduino15/packages/arduino/tools/arm-none-eabi-gcc/4.8.3-2014q1/bin/../lib/gcc/arm-none-eabi/4.8.3/armv7-m\libgcc.a(_udivdi3.o)
                                  0x8 (size before relaxing)
                0x000864b8                PROVIDE (__exidx_end, .)

.eh_frame       0x000864b8        0x0
 .eh_frame      0x000864b8        0x0 c:/users/phuong/appdata/local/arduino15/packages/arduino/tools/arm-none-eabi-gcc/4.8.3-2014q1/bin/../lib/gcc/arm-none-eabi/4.8.3/armv7-m/crtbegin.o

.rel.dyn        0x000864b8        0x0
 .rel.iplt      0x00000000        0x0 c:/users/phuong/appdata/local/arduino15/packages/arduino/tools/arm-none-eabi-gcc/4.8.3-2014q1/bin/../lib/gcc/arm-none-eabi/4.8.3/armv7-m/crtbegin.o

.jcr            0x000864b8        0x0
 .jcr           0x000864b8        0x0 c:/users/phuong/appdata/local/arduino15/packages/arduino/tools/arm-none-eabi-gcc/4.8.3-2014q1/bin/../lib/gcc/arm-none-eabi/4.8.3/armv7-m/crtbegin.o

.igot.plt       0x000864b8        0x0
 .igot.plt      0x00000000        0x0 c:/users/phuong/appdata/local/arduino15/packages/arduino/tools/arm-none-eabi-gcc/4.8.3-2014q1/bin/../lib/gcc/arm-none-eabi/4.8.3/armv7-m/crtbegin.o
                0x000864b8                . = ALIGN (0x4)
                0x000864b8                _etext = .

.relocate       0x20070000      0x8ec load address 0x000864b8
                0x20070000                . = ALIGN (0x4)
                0x20070000                _srelocate = .
 *(.ramfunc .ramfunc.*)
 .ramfunc       0x20070000       0x2c C:\Users\Phuong\AppData\Local\Temp\VMBuilds\Sketch1\arduino_due_x_dbg\Debug/core.a(Reset.cpp.o)
                0x20070000                banzai
 *(.data .data.*)
 .data.InB      0x2007002c        0x4 C:\Users\Phuong\AppData\Local\Temp\VMBuilds\Sketch1\arduino_due_x_dbg\Debug\Sketch1.cpp.o
                0x2007002c                InB
 .data.EA       0x20070030        0x4 C:\Users\Phuong\AppData\Local\Temp\VMBuilds\Sketch1\arduino_due_x_dbg\Debug\Sketch1.cpp.o
                0x20070030                EA
 .data.EB       0x20070034        0x4 C:\Users\Phuong\AppData\Local\Temp\VMBuilds\Sketch1\arduino_due_x_dbg\Debug\Sketch1.cpp.o
                0x20070034                EB
 .data.Buzzer_pin
                0x20070038        0x4 C:\Users\Phuong\AppData\Local\Temp\VMBuilds\Sketch1\arduino_due_x_dbg\Debug\Sketch1.cpp.o
                0x20070038                Buzzer_pin
 .data.InA      0x2007003c        0x4 C:\Users\Phuong\AppData\Local\Temp\VMBuilds\Sketch1\arduino_due_x_dbg\Debug\Sketch1.cpp.o
                0x2007003c                InA
 .data.SystemCoreClock
                0x20070040        0x4 C:\Users\Phuong\AppData\Local\arduino15\packages\arduino\hardware\sam\1.6.11\variants\arduino_due_x/libsam_sam3x8e_gcc_rel.a(system_sam3xa.o)
                0x20070040                SystemCoreClock
 .data._writeResolution
                0x20070044        0x4 C:\Users\Phuong\AppData\Local\Temp\VMBuilds\Sketch1\arduino_due_x_dbg\Debug/core.a(wiring_analog.c.o)
 .data._ZL5ticks
                0x20070048        0x4 C:\Users\Phuong\AppData\Local\Temp\VMBuilds\Sketch1\arduino_due_x_dbg\Debug/core.a(Reset.cpp.o)
 .data.EndPoints
                0x2007004c       0x28 C:\Users\Phuong\AppData\Local\Temp\VMBuilds\Sketch1\arduino_due_x_dbg\Debug/core.a(USBCore.cpp.o)
                0x2007004c                EndPoints
 .data._ZL10breakValue
                0x20070074        0x4 C:\Users\Phuong\AppData\Local\Temp\VMBuilds\Sketch1\arduino_due_x_dbg\Debug/core.a(CDC.cpp.o)
 .data._ZL12_usbLineInfo
                0x20070078        0x8 C:\Users\Phuong\AppData\Local\Temp\VMBuilds\Sketch1\arduino_due_x_dbg\Debug/core.a(CDC.cpp.o)
 .data.g_interrupt_enabled
                0x20070080        0x4 C:\Users\Phuong\AppData\Local\arduino15\packages\arduino\hardware\sam\1.6.11\variants\arduino_due_x/libsam_sam3x8e_gcc_rel.a(interrupt_sam_nvic.o)
                0x20070080                g_interrupt_enabled
 *fill*         0x20070084        0x4 
 .data.impure_data
                0x20070088      0x428 c:/users/phuong/appdata/local/arduino15/packages/arduino/tools/arm-none-eabi-gcc/4.8.3-2014q1/bin/../lib/gcc/arm-none-eabi/4.8.3/../../../../arm-none-eabi/lib/armv7-m\libg.a(lib_a-impure.o)
 .data._impure_ptr
                0x200704b0        0x4 c:/users/phuong/appdata/local/arduino15/packages/arduino/tools/arm-none-eabi-gcc/4.8.3-2014q1/bin/../lib/gcc/arm-none-eabi/4.8.3/../../../../arm-none-eabi/lib/armv7-m\libg.a(lib_a-impure.o)
                0x200704b0                _impure_ptr
 .data.lc_ctype_charset
                0x200704b4       0x20 c:/users/phuong/appdata/local/arduino15/packages/arduino/tools/arm-none-eabi-gcc/4.8.3-2014q1/bin/../lib/gcc/arm-none-eabi/4.8.3/../../../../arm-none-eabi/lib/armv7-m\libg.a(lib_a-locale.o)
 .data.__mb_cur_max
                0x200704d4        0x4 c:/users/phuong/appdata/local/arduino15/packages/arduino/tools/arm-none-eabi-gcc/4.8.3-2014q1/bin/../lib/gcc/arm-none-eabi/4.8.3/../../../../arm-none-eabi/lib/armv7-m\libg.a(lib_a-locale.o)
                0x200704d4                __mb_cur_max
 .data.__malloc_av_
                0x200704d8      0x408 c:/users/phuong/appdata/local/arduino15/packages/arduino/tools/arm-none-eabi-gcc/4.8.3-2014q1/bin/../lib/gcc/arm-none-eabi/4.8.3/../../../../arm-none-eabi/lib/armv7-m\libg.a(lib_a-mallocr.o)
                0x200704d8                __malloc_av_
 .data.__malloc_trim_threshold
                0x200708e0        0x4 c:/users/phuong/appdata/local/arduino15/packages/arduino/tools/arm-none-eabi-gcc/4.8.3-2014q1/bin/../lib/gcc/arm-none-eabi/4.8.3/../../../../arm-none-eabi/lib/armv7-m\libg.a(lib_a-mallocr.o)
                0x200708e0                __malloc_trim_threshold
 .data.__malloc_sbrk_base
                0x200708e4        0x4 c:/users/phuong/appdata/local/arduino15/packages/arduino/tools/arm-none-eabi-gcc/4.8.3-2014q1/bin/../lib/gcc/arm-none-eabi/4.8.3/../../../../arm-none-eabi/lib/armv7-m\libg.a(lib_a-mallocr.o)
                0x200708e4                __malloc_sbrk_base
 .data.__wctomb
                0x200708e8        0x4 c:/users/phuong/appdata/local/arduino15/packages/arduino/tools/arm-none-eabi-gcc/4.8.3-2014q1/bin/../lib/gcc/arm-none-eabi/4.8.3/../../../../arm-none-eabi/lib/armv7-m\libg.a(lib_a-wctomb_r.o)
                0x200708e8                __wctomb
                0x200708ec                . = ALIGN (0x4)
                0x200708ec                _erelocate = .

.bss            0x200708ec      0x888 load address 0x00086da4
                0x200708ec                . = ALIGN (0x4)
                0x200708ec                _sbss = .
                0x200708ec                _szero = .
 *(.bss .bss.*)
 .bss           0x200708ec       0x1c c:/users/phuong/appdata/local/arduino15/packages/arduino/tools/arm-none-eabi-gcc/4.8.3-2014q1/bin/../lib/gcc/arm-none-eabi/4.8.3/armv7-m/crtbegin.o
 .bss.__VisualMicro_DEBUG_1_GLastMillis__
                0x20070908        0x4 C:\Users\Phuong\AppData\Local\Temp\VMBuilds\Sketch1\arduino_due_x_dbg\Debug\Sketch1.cpp.o
                0x20070908                __VisualMicro_DEBUG_1_GLastMillis__
 .bss.__VisualMicro_DEBUG_1_HITCOUNTER__
                0x2007090c        0x4 C:\Users\Phuong\AppData\Local\Temp\VMBuilds\Sketch1\arduino_due_x_dbg\Debug\Sketch1.cpp.o
                0x2007090c                __VisualMicro_DEBUG_1_HITCOUNTER__
 .bss.MicroDebug
                0x20070910       0x4c C:\Users\Phuong\AppData\Local\Temp\VMBuilds\Sketch1\arduino_due_x_dbg\Debug\VM_DBG\VM_DBG.cpp.o
                0x20070910                MicroDebug
 .bss.tx_buffer2
                0x2007095c       0x88 C:\Users\Phuong\AppData\Local\Temp\VMBuilds\Sketch1\arduino_due_x_dbg\Debug\variant\variant.cpp.o
                0x2007095c                tx_buffer2
 .bss.tx_buffer1
                0x200709e4       0x88 C:\Users\Phuong\AppData\Local\Temp\VMBuilds\Sketch1\arduino_due_x_dbg\Debug\variant\variant.cpp.o
                0x200709e4                tx_buffer1
 .bss.Serial    0x20070a6c       0x24 C:\Users\Phuong\AppData\Local\Temp\VMBuilds\Sketch1\arduino_due_x_dbg\Debug\variant\variant.cpp.o
                0x20070a6c                Serial
 .bss.rx_buffer1
                0x20070a90       0x88 C:\Users\Phuong\AppData\Local\Temp\VMBuilds\Sketch1\arduino_due_x_dbg\Debug\variant\variant.cpp.o
                0x20070a90                rx_buffer1
 .bss.Serial1   0x20070b18       0x28 C:\Users\Phuong\AppData\Local\Temp\VMBuilds\Sketch1\arduino_due_x_dbg\Debug\variant\variant.cpp.o
                0x20070b18                Serial1
 .bss.Serial2   0x20070b40       0x28 C:\Users\Phuong\AppData\Local\Temp\VMBuilds\Sketch1\arduino_due_x_dbg\Debug\variant\variant.cpp.o
                0x20070b40                Serial2
 .bss.Serial3   0x20070b68       0x28 C:\Users\Phuong\AppData\Local\Temp\VMBuilds\Sketch1\arduino_due_x_dbg\Debug\variant\variant.cpp.o
                0x20070b68                Serial3
 .bss.tx_buffer3
                0x20070b90       0x88 C:\Users\Phuong\AppData\Local\Temp\VMBuilds\Sketch1\arduino_due_x_dbg\Debug\variant\variant.cpp.o
                0x20070b90                tx_buffer3
 .bss.tx_buffer4
                0x20070c18       0x88 C:\Users\Phuong\AppData\Local\Temp\VMBuilds\Sketch1\arduino_due_x_dbg\Debug\variant\variant.cpp.o
                0x20070c18                tx_buffer4
 .bss.g_pinStatus
                0x20070ca0       0x4f C:\Users\Phuong\AppData\Local\Temp\VMBuilds\Sketch1\arduino_due_x_dbg\Debug\variant\variant.cpp.o
                0x20070ca0                g_pinStatus
 *fill*         0x20070cef        0x1 
 .bss.rx_buffer2
                0x20070cf0       0x88 C:\Users\Phuong\AppData\Local\Temp\VMBuilds\Sketch1\arduino_due_x_dbg\Debug\variant\variant.cpp.o
                0x20070cf0                rx_buffer2
 .bss.rx_buffer3
                0x20070d78       0x88 C:\Users\Phuong\AppData\Local\Temp\VMBuilds\Sketch1\arduino_due_x_dbg\Debug\variant\variant.cpp.o
                0x20070d78                rx_buffer3
 .bss.rx_buffer4
                0x20070e00       0x88 C:\Users\Phuong\AppData\Local\Temp\VMBuilds\Sketch1\arduino_due_x_dbg\Debug\variant\variant.cpp.o
                0x20070e00                rx_buffer4
 .bss.gpf_isr   0x20070e88        0x4 C:\Users\Phuong\AppData\Local\arduino15\packages\arduino\hardware\sam\1.6.11\variants\arduino_due_x/libsam_sam3x8e_gcc_rel.a(uotghs.o)
                0x20070e88                gpf_isr
 .bss.heap.6420
                0x20070e8c        0x4 C:\Users\Phuong\AppData\Local\Temp\VMBuilds\Sketch1\arduino_due_x_dbg\Debug/core.a(syscalls_sam3.c.o)
 .bss.PWMEnabled
                0x20070e90        0x1 C:\Users\Phuong\AppData\Local\Temp\VMBuilds\Sketch1\arduino_due_x_dbg\Debug/core.a(wiring_analog.c.o)
 .bss.TCChanEnabled
                0x20070e91        0x9 C:\Users\Phuong\AppData\Local\Temp\VMBuilds\Sketch1\arduino_due_x_dbg\Debug/core.a(wiring_analog.c.o)
 .bss._cmark    0x20070e9a        0x2 C:\Users\Phuong\AppData\Local\Temp\VMBuilds\Sketch1\arduino_due_x_dbg\Debug/core.a(USBCore.cpp.o)
                0x20070e9a                _cmark
 .bss._ZL14isEndpointHalt
                0x20070e9c        0x1 C:\Users\Phuong\AppData\Local\Temp\VMBuilds\Sketch1\arduino_due_x_dbg\Debug/core.a(USBCore.cpp.o)
 *fill*         0x20070e9d        0x3 
 .bss._cdcComposite
                0x20070ea0        0x4 C:\Users\Phuong\AppData\Local\Temp\VMBuilds\Sketch1\arduino_due_x_dbg\Debug/core.a(USBCore.cpp.o)
                0x20070ea0                _cdcComposite
 .bss._ZL21isRemoteWakeUpEnabled
                0x20070ea4        0x1 C:\Users\Phuong\AppData\Local\Temp\VMBuilds\Sketch1\arduino_due_x_dbg\Debug/core.a(USBCore.cpp.o)
 *fill*         0x20070ea5        0x3 
 .bss._usbInitialized
                0x20070ea8        0x4 C:\Users\Phuong\AppData\Local\Temp\VMBuilds\Sketch1\arduino_due_x_dbg\Debug/core.a(USBCore.cpp.o)
                0x20070ea8                _usbInitialized
 .bss.USBDevice
                0x20070eac        0x1 C:\Users\Phuong\AppData\Local\Temp\VMBuilds\Sketch1\arduino_due_x_dbg\Debug/core.a(USBCore.cpp.o)
                0x20070eac                USBDevice
 *fill*         0x20070ead        0x3 
 .bss._usbSetInterface
                0x20070eb0        0x4 C:\Users\Phuong\AppData\Local\Temp\VMBuilds\Sketch1\arduino_due_x_dbg\Debug/core.a(USBCore.cpp.o)
                0x20070eb0                _usbSetInterface
 .bss._cend     0x20070eb4        0x2 C:\Users\Phuong\AppData\Local\Temp\VMBuilds\Sketch1\arduino_due_x_dbg\Debug/core.a(USBCore.cpp.o)
                0x20070eb4                _cend
 *fill*         0x20070eb6        0x2 
 .bss._usbConfiguration
                0x20070eb8        0x4 C:\Users\Phuong\AppData\Local\Temp\VMBuilds\Sketch1\arduino_due_x_dbg\Debug/core.a(USBCore.cpp.o)
                0x20070eb8                _usbConfiguration
 .bss.cdc_rx_buffer
                0x20070ebc      0x208 C:\Users\Phuong\AppData\Local\Temp\VMBuilds\Sketch1\arduino_due_x_dbg\Debug/core.a(CDC.cpp.o)
                0x20070ebc                cdc_rx_buffer
 .bss._ZZN7Serial_6acceptEvE5guard
                0x200710c4        0x4 C:\Users\Phuong\AppData\Local\Temp\VMBuilds\Sketch1\arduino_due_x_dbg\Debug/core.a(CDC.cpp.o)
 .bss.SerialUSB
                0x200710c8       0x14 C:\Users\Phuong\AppData\Local\Temp\VMBuilds\Sketch1\arduino_due_x_dbg\Debug/core.a(CDC.cpp.o)
                0x200710c8                SerialUSB
 .bss._ZZ12PluggableUSBvE3obj
                0x200710dc        0x8 C:\Users\Phuong\AppData\Local\Temp\VMBuilds\Sketch1\arduino_due_x_dbg\Debug/core.a(PluggableUSB.cpp.o)
 .bss._ZGVZ12PluggableUSBvE3obj
                0x200710e4        0x4 C:\Users\Phuong\AppData\Local\Temp\VMBuilds\Sketch1\arduino_due_x_dbg\Debug/core.a(PluggableUSB.cpp.o)
 .bss._dwTickCount
                0x200710e8        0x4 C:\Users\Phuong\AppData\Local\arduino15\packages\arduino\hardware\sam\1.6.11\variants\arduino_due_x/libsam_sam3x8e_gcc_rel.a(timetick.o)
 .bss.ul_recv_fifo_ptr
                0x200710ec       0x28 C:\Users\Phuong\AppData\Local\arduino15\packages\arduino\hardware\sam\1.6.11\variants\arduino_due_x/libsam_sam3x8e_gcc_rel.a(uotghs_device.o)
 .bss.ul_send_fifo_ptr
                0x20071114       0x28 C:\Users\Phuong\AppData\Local\arduino15\packages\arduino\hardware\sam\1.6.11\variants\arduino_due_x/libsam_sam3x8e_gcc_rel.a(uotghs_device.o)
 .bss.__malloc_max_total_mem
                0x2007113c        0x4 c:/users/phuong/appdata/local/arduino15/packages/arduino/tools/arm-none-eabi-gcc/4.8.3-2014q1/bin/../lib/gcc/arm-none-eabi/4.8.3/../../../../arm-none-eabi/lib/armv7-m\libg.a(lib_a-mallocr.o)
                0x2007113c                __malloc_max_total_mem
 .bss.__malloc_max_sbrked_mem
                0x20071140        0x4 c:/users/phuong/appdata/local/arduino15/packages/arduino/tools/arm-none-eabi-gcc/4.8.3-2014q1/bin/../lib/gcc/arm-none-eabi/4.8.3/../../../../arm-none-eabi/lib/armv7-m\libg.a(lib_a-mallocr.o)
                0x20071140                __malloc_max_sbrked_mem
 .bss.__malloc_top_pad
                0x20071144        0x4 c:/users/phuong/appdata/local/arduino15/packages/arduino/tools/arm-none-eabi-gcc/4.8.3-2014q1/bin/../lib/gcc/arm-none-eabi/4.8.3/../../../../arm-none-eabi/lib/armv7-m\libg.a(lib_a-mallocr.o)
                0x20071144                __malloc_top_pad
 .bss.__malloc_current_mallinfo
                0x20071148       0x28 c:/users/phuong/appdata/local/arduino15/packages/arduino/tools/arm-none-eabi-gcc/4.8.3-2014q1/bin/../lib/gcc/arm-none-eabi/4.8.3/../../../../arm-none-eabi/lib/armv7-m\libg.a(lib_a-mallocr.o)