Archive member included because of file (symbol)

C:\Users\Phuong\AppData\Local\arduino15\packages\arduino\hardware\sam\1.6.11\variants\arduino_due_x/libsam_sam3x8e_gcc_rel.a(pio.o)
                              C:\Users\Phuong\AppData\Local\Temp\VMBuilds\Sketch2\arduino_due_x_dbg\Release\SPI\SPI.cpp.o (PIO_Configure)
C:\Users\Phuong\AppData\Local\arduino15\packages\arduino\hardware\sam\1.6.11\variants\arduino_due_x/libsam_sam3x8e_gcc_rel.a(pmc.o)
                              C:\Users\Phuong\AppData\Local\Temp\VMBuilds\Sketch2\arduino_due_x_dbg\Release\variant\variant.cpp.o (pmc_enable_periph_clk)
C:\Users\Phuong\AppData\Local\arduino15\packages\arduino\hardware\sam\1.6.11\variants\arduino_due_x/libsam_sam3x8e_gcc_rel.a(spi.o)
                              C:\Users\Phuong\AppData\Local\Temp\VMBuilds\Sketch2\arduino_due_x_dbg\Release\SPI\SPI.cpp.o (SPI_Enable)
C:\Users\Phuong\AppData\Local\arduino15\packages\arduino\hardware\sam\1.6.11\variants\arduino_due_x/libsam_sam3x8e_gcc_rel.a(system_sam3xa.o)
                              C:\Users\Phuong\AppData\Local\Temp\VMBuilds\Sketch2\arduino_due_x_dbg\Release\variant\variant.cpp.o (SystemInit)
C:\Users\Phuong\AppData\Local\arduino15\packages\arduino\hardware\sam\1.6.11\variants\arduino_due_x/libsam_sam3x8e_gcc_rel.a(startup_sam3xa.o)
                              (Reset_Handler)
C:\Users\Phuong\AppData\Local\arduino15\packages\arduino\hardware\sam\1.6.11\variants\arduino_due_x/libsam_sam3x8e_gcc_rel.a(adc.o)
                              C:\Users\Phuong\AppData\Local\Temp\VMBuilds\Sketch2\arduino_due_x_dbg\Release\variant\variant.cpp.o (adc_init)
C:\Users\Phuong\AppData\Local\arduino15\packages\arduino\hardware\sam\1.6.11\variants\arduino_due_x/libsam_sam3x8e_gcc_rel.a(uotghs.o)
                              C:\Users\Phuong\AppData\Local\arduino15\packages\arduino\hardware\sam\1.6.11\variants\arduino_due_x/libsam_sam3x8e_gcc_rel.a(startup_sam3xa.o) (UOTGHS_Handler)
C:\Users\Phuong\AppData\Local\Temp\VMBuilds\Sketch2\arduino_due_x_dbg\Release/core.a(cortex_handlers.c.o)
                              C:\Users\Phuong\AppData\Local\arduino15\packages\arduino\hardware\sam\1.6.11\variants\arduino_due_x/libsam_sam3x8e_gcc_rel.a(startup_sam3xa.o) (NMI_Handler)
C:\Users\Phuong\AppData\Local\Temp\VMBuilds\Sketch2\arduino_due_x_dbg\Release/core.a(hooks.c.o)
                              C:\Users\Phuong\AppData\Local\Temp\VMBuilds\Sketch2\arduino_due_x_dbg\Release\Ethernet\utility\socket.cpp.o (yield)
C:\Users\Phuong\AppData\Local\Temp\VMBuilds\Sketch2\arduino_due_x_dbg\Release/core.a(syscalls_sam3.c.o)
                              (_sbrk)
C:\Users\Phuong\AppData\Local\Temp\VMBuilds\Sketch2\arduino_due_x_dbg\Release/core.a(wiring.c.o)
                              C:\Users\Phuong\AppData\Local\Temp\VMBuilds\Sketch2\arduino_due_x_dbg\Release\Ethernet\Dhcp.cpp.o (millis)
C:\Users\Phuong\AppData\Local\Temp\VMBuilds\Sketch2\arduino_due_x_dbg\Release/core.a(wiring_analog.c.o)
                              C:\Users\Phuong\AppData\Local\Temp\VMBuilds\Sketch2\arduino_due_x_dbg\Release\variant\variant.cpp.o (analogOutputInit)
C:\Users\Phuong\AppData\Local\Temp\VMBuilds\Sketch2\arduino_due_x_dbg\Release/core.a(wiring_digital.c.o)
                              C:\Users\Phuong\AppData\Local\Temp\VMBuilds\Sketch2\arduino_due_x_dbg\Release\SPI\SPI.cpp.o (pinMode)
C:\Users\Phuong\AppData\Local\Temp\VMBuilds\Sketch2\arduino_due_x_dbg\Release/core.a(abi.cpp.o)
                              C:\Users\Phuong\AppData\Local\Temp\VMBuilds\Sketch2\arduino_due_x_dbg\Release\Ethernet\Ethernet.cpp.o (__cxa_pure_virtual)
C:\Users\Phuong\AppData\Local\Temp\VMBuilds\Sketch2\arduino_due_x_dbg\Release/core.a(IPAddress.cpp.o)
                              C:\Users\Phuong\AppData\Local\Temp\VMBuilds\Sketch2\arduino_due_x_dbg\Release\Ethernet\Ethernet.cpp.o (IPAddress::IPAddress())
C:\Users\Phuong\AppData\Local\Temp\VMBuilds\Sketch2\arduino_due_x_dbg\Release/core.a(main.cpp.o)
                              c:/users/phuong/appdata/local/arduino15/packages/arduino/tools/arm-none-eabi-gcc/4.8.3-2014q1/bin/../lib/gcc/arm-none-eabi/4.8.3/../../../../arm-none-eabi/lib/armv7-m/crt0.o (main)
C:\Users\Phuong\AppData\Local\Temp\VMBuilds\Sketch2\arduino_due_x_dbg\Release/core.a(Print.cpp.o)
                              C:\Users\Phuong\AppData\Local\Temp\VMBuilds\Sketch2\arduino_due_x_dbg\Release\Ethernet\EthernetClient.cpp.o (Print::write(unsigned char const*, unsigned int))
C:\Users\Phuong\AppData\Local\Temp\VMBuilds\Sketch2\arduino_due_x_dbg\Release/core.a(Reset.cpp.o)
                              C:\Users\Phuong\AppData\Local\Temp\VMBuilds\Sketch2\arduino_due_x_dbg\Release/core.a(cortex_handlers.c.o) (tickReset)
C:\Users\Phuong\AppData\Local\Temp\VMBuilds\Sketch2\arduino_due_x_dbg\Release/core.a(RingBuffer.cpp.o)
                              C:\Users\Phuong\AppData\Local\Temp\VMBuilds\Sketch2\arduino_due_x_dbg\Release\variant\variant.cpp.o (RingBuffer::RingBuffer())
[...]
Memory Configuration

Name             Origin             Length             Attributes
rom              0x00080000         0x00080000         xr
sram0            0x20000000         0x00010000         xrw
sram1            0x20080000         0x00008000         xrw
ram              0x20070000         0x00018000         xrw
*default*        0x00000000         0xffffffff

Linker script and memory map

LOAD c:/users/phuong/appdata/local/arduino15/packages/arduino/tools/arm-none-eabi-gcc/4.8.3-2014q1/bin/../lib/gcc/arm-none-eabi/4.8.3/armv7-m/crti.o
LOAD c:/users/phuong/appdata/local/arduino15/packages/arduino/tools/arm-none-eabi-gcc/4.8.3-2014q1/bin/../lib/gcc/arm-none-eabi/4.8.3/armv7-m/crtbegin.o
LOAD c:/users/phuong/appdata/local/arduino15/packages/arduino/tools/arm-none-eabi-gcc/4.8.3-2014q1/bin/../lib/gcc/arm-none-eabi/4.8.3/../../../../arm-none-eabi/lib/armv7-m/crt0.o
START GROUP
LOAD C:\Users\Phuong\AppData\Local\Temp\VMBuilds\Sketch2\arduino_due_x_dbg\Release\Sketch2.cpp.o
LOAD C:\Users\Phuong\AppData\Local\Temp\VMBuilds\Sketch2\arduino_due_x_dbg\Release\SPI\SPI.cpp.o
LOAD C:\Users\Phuong\AppData\Local\Temp\VMBuilds\Sketch2\arduino_due_x_dbg\Release\Ethernet\Dhcp.cpp.o
LOAD C:\Users\Phuong\AppData\Local\Temp\VMBuilds\Sketch2\arduino_due_x_dbg\Release\Ethernet\Dns.cpp.o
LOAD C:\Users\Phuong\AppData\Local\Temp\VMBuilds\Sketch2\arduino_due_x_dbg\Release\Ethernet\Ethernet.cpp.o
LOAD C:\Users\Phuong\AppData\Local\Temp\VMBuilds\Sketch2\arduino_due_x_dbg\Release\Ethernet\EthernetClient.cpp.o
LOAD C:\Users\Phuong\AppData\Local\Temp\VMBuilds\Sketch2\arduino_due_x_dbg\Release\Ethernet\EthernetServer.cpp.o
LOAD C:\Users\Phuong\AppData\Local\Temp\VMBuilds\Sketch2\arduino_due_x_dbg\Release\Ethernet\EthernetUdp.cpp.o
LOAD C:\Users\Phuong\AppData\Local\Temp\VMBuilds\Sketch2\arduino_due_x_dbg\Release\Ethernet\utility\socket.cpp.o
LOAD C:\Users\Phuong\AppData\Local\Temp\VMBuilds\Sketch2\arduino_due_x_dbg\Release\Ethernet\utility\w5100.cpp.o
LOAD C:\Users\Phuong\AppData\Local\Temp\VMBuilds\Sketch2\arduino_due_x_dbg\Release\variant\variant.cpp.o
LOAD C:\Users\Phuong\AppData\Local\arduino15\packages\arduino\hardware\sam\1.6.11\variants\arduino_due_x/libsam_sam3x8e_gcc_rel.a
LOAD C:\Users\Phuong\AppData\Local\Temp\VMBuilds\Sketch2\arduino_due_x_dbg\Release/core.a
END GROUP
LOAD c:/users/phuong/appdata/local/arduino15/packages/arduino/tools/arm-none-eabi-gcc/4.8.3-2014q1/bin/../lib/gcc/arm-none-eabi/4.8.3/../../../../arm-none-eabi/lib/armv7-m\libm.a
START GROUP
LOAD c:/users/phuong/appdata/local/arduino15/packages/arduino/tools/arm-none-eabi-gcc/4.8.3-2014q1/bin/../lib/gcc/arm-none-eabi/4.8.3/armv7-m\libgcc.a
LOAD c:/users/phuong/appdata/local/arduino15/packages/arduino/tools/arm-none-eabi-gcc/4.8.3-2014q1/bin/../lib/gcc/arm-none-eabi/4.8.3/../../../../arm-none-eabi/lib/armv7-m\libg.a
LOAD c:/users/phuong/appdata/local/arduino15/packages/arduino/tools/arm-none-eabi-gcc/4.8.3-2014q1/bin/../lib/gcc/arm-none-eabi/4.8.3/../../../../arm-none-eabi/lib/armv7-m\libc.a
END GROUP
LOAD c:/users/phuong/appdata/local/arduino15/packages/arduino/tools/arm-none-eabi-gcc/4.8.3-2014q1/bin/../lib/gcc/arm-none-eabi/4.8.3/armv7-m/crtend.o
LOAD c:/users/phuong/appdata/local/arduino15/packages/arduino/tools/arm-none-eabi-gcc/4.8.3-2014q1/bin/../lib/gcc/arm-none-eabi/4.8.3/armv7-m/crtn.o

.text           0x00080000     0x6b50
                0x00080000                . = ALIGN (0x4)
                0x00080000                _sfixed = .
 *(.vectors .vectors.*)
 .vectors       0x00080000       0xf4 C:\Users\Phuong\AppData\Local\arduino15\packages\arduino\hardware\sam\1.6.11\variants\arduino_due_x/libsam_sam3x8e_gcc_rel.a(startup_sam3xa.o)
                0x00080000                exception_table
 *(.text .text.* .gnu.linkonce.t.*)
 .text          0x000800f4       0x54 c:/users/phuong/appdata/local/arduino15/packages/arduino/tools/arm-none-eabi-gcc/4.8.3-2014q1/bin/../lib/gcc/arm-none-eabi/4.8.3/armv7-m/crtbegin.o
 .text.startup._GLOBAL__sub_I_mac
                0x00080148       0x38 C:\Users\Phuong\AppData\Local\Temp\VMBuilds\Sketch2\arduino_due_x_dbg\Release\Sketch2.cpp.o
 .text.setup    0x00080180       0x4c C:\Users\Phuong\AppData\Local\Temp\VMBuilds\Sketch2\arduino_due_x_dbg\Release\Sketch2.cpp.o
                0x00080180                setup
 .text.loop     0x000801cc       0x38 C:\Users\Phuong\AppData\Local\Temp\VMBuilds\Sketch2\arduino_due_x_dbg\Release\Sketch2.cpp.o
                0x000801cc                loop
 .text._ZL10SPI_0_Initv
                0x00080204       0x48 C:\Users\Phuong\AppData\Local\Temp\VMBuilds\Sketch2\arduino_due_x_dbg\Release\SPI\SPI.cpp.o
 .text._ZN8SPIClass4initEv
                0x0008024c       0x36 C:\Users\Phuong\AppData\Local\Temp\VMBuilds\Sketch2\arduino_due_x_dbg\Release\SPI\SPI.cpp.o
                0x0008024c                SPIClass::init()
 *fill*         0x00080282        0x2 
 .text._ZN8SPIClass16beginTransactionEh11SPISettings
                0x00080284       0x98 C:\Users\Phuong\AppData\Local\Temp\VMBuilds\Sketch2\arduino_due_x_dbg\Release\SPI\SPI.cpp.o
                0x00080284                SPIClass::beginTransaction(unsigned char, SPISettings)
 .text._ZN8SPIClass14endTransactionEv
                0x0008031c       0x50 C:\Users\Phuong\AppData\Local\Temp\VMBuilds\Sketch2\arduino_due_x_dbg\Release\SPI\SPI.cpp.o
                0x0008031c                SPIClass::endTransaction()
 .text._ZN8SPIClass11setBitOrderEh8BitOrder
                0x0008036c       0x1e C:\Users\Phuong\AppData\Local\Temp\VMBuilds\Sketch2\arduino_due_x_dbg\Release\SPI\SPI.cpp.o
                0x0008036c                SPIClass::setBitOrder(unsigned char, BitOrder)
 .text._ZN8SPIClass11setDataModeEhh
                0x0008038a       0x34 C:\Users\Phuong\AppData\Local\Temp\VMBuilds\Sketch2\arduino_due_x_dbg\Release\SPI\SPI.cpp.o
                0x0008038a                SPIClass::setDataMode(unsigned char, unsigned char)
 .text._ZN8SPIClass15setClockDividerEhh
                0x000803be       0x2e C:\Users\Phuong\AppData\Local\Temp\VMBuilds\Sketch2\arduino_due_x_dbg\Release\SPI\SPI.cpp.o
                0x000803be                SPIClass::setClockDivider(unsigned char, unsigned char)
 .text._ZN8SPIClass5beginEh
                0x000803ec       0x5c C:\Users\Phuong\AppData\Local\Temp\VMBuilds\Sketch2\arduino_due_x_dbg\Release\SPI\SPI.cpp.o
                0x000803ec                SPIClass::begin(unsigned char)
 .text._ZN8SPIClass8transferEhh15SPITransferMode
                0x00080448       0x5e C:\Users\Phuong\AppData\Local\Temp\VMBuilds\Sketch2\arduino_due_x_dbg\Release\SPI\SPI.cpp.o
                0x00080448                SPIClass::transfer(unsigned char, unsigned char, SPITransferMode)
 *fill*         0x000804a6        0x2 
 .text.startup._GLOBAL__sub_I__ZN8SPIClassC2EP3SpimPFvvE
                0x000804a8       0x24 C:\Users\Phuong\AppData\Local\Temp\VMBuilds\Sketch2\arduino_due_x_dbg\Release\SPI\SPI.cpp.o
 .text.startup._GLOBAL__sub_I__ZN9DhcpClass13beginWithDHCPEPhmm
                0x000804cc       0x1c C:\Users\Phuong\AppData\Local\Temp\VMBuilds\Sketch2\arduino_due_x_dbg\Release\Ethernet\Dhcp.cpp.o
 .text._ZN9DNSClient5beginERK9IPAddress
                0x000804e8        0xa C:\Users\Phuong\AppData\Local\Temp\VMBuilds\Sketch2\arduino_due_x_dbg\Release\Ethernet\Dns.cpp.o
                0x000804e8                DNSClient::begin(IPAddress const&)
 .text._ZN9DNSClient9inet_atonEPKcR9IPAddress
                0x000804f2       0x4a C:\Users\Phuong\AppData\Local\Temp\VMBuilds\Sketch2\arduino_due_x_dbg\Release\Ethernet\Dns.cpp.o
                0x000804f2                DNSClient::inet_aton(char const*, IPAddress&)
 .text.startup._GLOBAL__sub_I__ZN9DNSClient5beginERK9IPAddress
                0x0008053c       0x1c C:\Users\Phuong\AppData\Local\Temp\VMBuilds\Sketch2\arduino_due_x_dbg\Release\Ethernet\Dns.cpp.o
 .text._ZN9DNSClient12BuildRequestEPKc
                0x00080558       0xe2 C:\Users\Phuong\AppData\Local\Temp\VMBuilds\Sketch2\arduino_due_x_dbg\Release\Ethernet\Dns.cpp.o
                0x00080558                DNSClient::BuildRequest(char const*)
 .text._ZN9DNSClient15ProcessResponseEtR9IPAddress
                0x0008063a      0x22e C:\Users\Phuong\AppData\Local\Temp\VMBuilds\Sketch2\arduino_due_x_dbg\Release\Ethernet\Dns.cpp.o
                0x0008063a                DNSClient::ProcessResponse(unsigned short, IPAddress&)
 .text._ZN9DNSClient13getHostByNameEPKcR9IPAddress
                0x00080868       0x94 C:\Users\Phuong\AppData\Local\Temp\VMBuilds\Sketch2\arduino_due_x_dbg\Release\Ethernet\Dns.cpp.o
                0x00080868                DNSClient::getHostByName(char const*, IPAddress&)
 .text._ZN10W5100Class8writeGAREPh
                0x000808fc        0xa C:\Users\Phuong\AppData\Local\Temp\VMBuilds\Sketch2\arduino_due_x_dbg\Release\Ethernet\Ethernet.cpp.o
                0x000808fc                W5100Class::writeGAR(unsigned char*)
 .text._ZN10W5100Class9writeSUBREPh
                0x00080906        0xa C:\Users\Phuong\AppData\Local\Temp\VMBuilds\Sketch2\arduino_due_x_dbg\Release\Ethernet\Ethernet.cpp.o
                0x00080906                W5100Class::writeSUBR(unsigned char*)
 .text._ZN10W5100Class9writeSIPREPh
                0x00080910        0xa C:\Users\Phuong\AppData\Local\Temp\VMBuilds\Sketch2\arduino_due_x_dbg\Release\Ethernet\Ethernet.cpp.o
                0x00080910                W5100Class::writeSIPR(unsigned char*)
 *fill*         0x0008091a        0x2 
 .text._ZN13EthernetClass5beginEPh9IPAddressS1_S1_S1_
                0x0008091c       0x6c C:\Users\Phuong\AppData\Local\Temp\VMBuilds\Sketch2\arduino_due_x_dbg\Release\Ethernet\Ethernet.cpp.o
                0x0008091c                EthernetClass::begin(unsigned char*, IPAddress, IPAddress, IPAddress, IPAddress)
 .text._ZN13EthernetClass5beginEPh9IPAddressS1_S1_
                0x00080988       0x5c C:\Users\Phuong\AppData\Local\Temp\VMBuilds\Sketch2\arduino_due_x_dbg\Release\Ethernet\Ethernet.cpp.o
                0x00080988                EthernetClass::begin(unsigned char*, IPAddress, IPAddress, IPAddress)
 .text._ZN13EthernetClass5beginEPh9IPAddressS1_
                0x000809e4       0x34 C:\Users\Phuong\AppData\Local\Temp\VMBuilds\Sketch2\arduino_due_x_dbg\Release\Ethernet\Ethernet.cpp.o
                0x000809e4                EthernetClass::begin(unsigned char*, IPAddress, IPAddress)
 .text._ZN13EthernetClass5beginEPh9IPAddress
                0x00080a18       0x2c C:\Users\Phuong\AppData\Local\Temp\VMBuilds\Sketch2\arduino_due_x_dbg\Release\Ethernet\Ethernet.cpp.o
                0x00080a18                EthernetClass::begin(unsigned char*, IPAddress)
 .text._ZN13EthernetClass11dnsServerIPEv
                0x00080a44       0x10 C:\Users\Phuong\AppData\Local\Temp\VMBuilds\Sketch2\arduino_due_x_dbg\Release\Ethernet\Ethernet.cpp.o
                0x00080a44                EthernetClass::dnsServerIP()
 .text.startup._GLOBAL__sub_I__ZN13EthernetClass6_stateE
                0x00080a54       0x24 C:\Users\Phuong\AppData\Local\Temp\VMBuilds\Sketch2\arduino_due_x_dbg\Release\Ethernet\Ethernet.cpp.o
 .text.startup._GLOBAL__sub_I__ZN14EthernetClient8_srcportE
                0x00080a78       0x1c C:\Users\Phuong\AppData\Local\Temp\VMBuilds\Sketch2\arduino_due_x_dbg\Release\Ethernet\EthernetClient.cpp.o
 .text.startup._GLOBAL__sub_I__ZN14EthernetServerC2Et
                0x00080a94       0x1c C:\Users\Phuong\AppData\Local\Temp\VMBuilds\Sketch2\arduino_due_x_dbg\Release\Ethernet\EthernetServer.cpp.o
 .text._ZN11EthernetUDP4readEPcj
                0x00080ab0        0xa C:\Users\Phuong\AppData\Local\Temp\VMBuilds\Sketch2\arduino_due_x_dbg\Release\Ethernet\EthernetUdp.cpp.o
                0x00080ab0                EthernetUDP::read(char*, unsigned int)
 *fill*         0x00080aba        0x2 
 .text._ZN11EthernetUDP8remoteIPEv
                0x00080abc       0x10 C:\Users\Phuong\AppData\Local\Temp\VMBuilds\Sketch2\arduino_due_x_dbg\Release\Ethernet\EthernetUdp.cpp.o
                0x00080abc                EthernetUDP::remoteIP()
 .text._ZN11EthernetUDP10remotePortEv
                0x00080acc        0x4 C:\Users\Phuong\AppData\Local\Temp\VMBuilds\Sketch2\arduino_due_x_dbg\Release\Ethernet\EthernetUdp.cpp.o
                0x00080acc                EthernetUDP::remotePort()
 .text._ZN11EthernetUDP9availableEv
                0x00080ad0        0x4 C:\Users\Phuong\AppData\Local\Temp\VMBuilds\Sketch2\arduino_due_x_dbg\Release\Ethernet\EthernetUdp.cpp.o
                0x00080ad0                EthernetUDP::available()
 .text._ZN11EthernetUDP5writeEh
                0x00080ad4       0x16 C:\Users\Phuong\AppData\Local\Temp\VMBuilds\Sketch2\arduino_due_x_dbg\Release\Ethernet\EthernetUdp.cpp.o
                0x00080ad4                EthernetUDP::write(unsigned char)
 .text._ZN11EthernetUDP5flushEv
                0x00080aea        0x2 C:\Users\Phuong\AppData\Local\Temp\VMBuilds\Sketch2\arduino_due_x_dbg\Release\Ethernet\EthernetUdp.cpp.o
                0x00080aea                EthernetUDP::flush()
 .text._ZN11EthernetUDP4stopEv
                0x00080aec       0x28 C:\Users\Phuong\AppData\Local\Temp\VMBuilds\Sketch2\arduino_due_x_dbg\Release\Ethernet\EthernetUdp.cpp.o
                0x00080aec                EthernetUDP::stop()
 .text._ZN11EthernetUDP11beginPacketE9IPAddresst
                0x00080b14        0xe C:\Users\Phuong\AppData\Local\Temp\VMBuilds\Sketch2\arduino_due_x_dbg\Release\Ethernet\EthernetUdp.cpp.o
                0x00080b14                EthernetUDP::beginPacket(IPAddress, unsigned short)
 .text._ZN11EthernetUDP9endPacketEv
                0x00080b22        0x8 C:\Users\Phuong\AppData\Local\Temp\VMBuilds\Sketch2\arduino_due_x_dbg\Release\Ethernet\EthernetUdp.cpp.o
                0x00080b22                EthernetUDP::endPacket()
 .text._ZN11EthernetUDP5writeEPKhj
                0x00080b2a       0x1c C:\Users\Phuong\AppData\Local\Temp\VMBuilds\Sketch2\arduino_due_x_dbg\Release\Ethernet\EthernetUdp.cpp.o
                0x00080b2a                EthernetUDP::write(unsigned char const*, unsigned int)
 .text._ZN11EthernetUDP4readEv
                0x00080b46       0x2e C:\Users\Phuong\AppData\Local\Temp\VMBuilds\Sketch2\arduino_due_x_dbg\Release\Ethernet\EthernetUdp.cpp.o
                0x00080b46                EthernetUDP::read()
 .text._ZN11EthernetUDP4readEPhj
                0x00080b74       0x2a C:\Users\Phuong\AppData\Local\Temp\VMBuilds\Sketch2\arduino_due_x_dbg\Release\Ethernet\EthernetUdp.cpp.o
                0x00080b74                EthernetUDP::read(unsigned char*, unsigned int)
 .text._ZN11EthernetUDP4peekEv
                0x00080b9e       0x22 C:\Users\Phuong\AppData\Local\Temp\VMBuilds\Sketch2\arduino_due_x_dbg\Release\Ethernet\EthernetUdp.cpp.o
                0x00080b9e                EthernetUDP::peek()
 .text._ZN11EthernetUDP5beginEt
                0x00080bc0       0x48 C:\Users\Phuong\AppData\Local\Temp\VMBuilds\Sketch2\arduino_due_x_dbg\Release\Ethernet\EthernetUdp.cpp.o
                0x00080bc0                EthernetUDP::begin(unsigned short)
 .text._ZN11EthernetUDP11parsePacketEv
                0x00080c08       0x5e C:\Users\Phuong\AppData\Local\Temp\VMBuilds\Sketch2\arduino_due_x_dbg\Release\Ethernet\EthernetUdp.cpp.o
                0x00080c08                EthernetUDP::parsePacket()
 *fill*         0x00080c66        0x2 
 .text._ZN11EthernetUDP14beginMulticastE9IPAddresst
                0x00080c68       0xbc C:\Users\Phuong\AppData\Local\Temp\VMBuilds\Sketch2\arduino_due_x_dbg\Release\Ethernet\EthernetUdp.cpp.o
                0x00080c68                EthernetUDP::beginMulticast(IPAddress, unsigned short)
 .text._ZN11EthernetUDPC2Ev
                0x00080d24       0x28 C:\Users\Phuong\AppData\Local\Temp\VMBuilds\Sketch2\arduino_due_x_dbg\Release\Ethernet\EthernetUdp.cpp.o
                0x00080d24                EthernetUDP::EthernetUDP()
                0x00080d24                EthernetUDP::EthernetUDP()
 .text._ZN11EthernetUDP11beginPacketEPKct
                0x00080d4c       0x5c C:\Users\Phuong\AppData\Local\Temp\VMBuilds\Sketch2\arduino_due_x_dbg\Release\Ethernet\EthernetUdp.cpp.o
                0x00080d4c                EthernetUDP::beginPacket(char const*, unsigned short)
 .text.startup._GLOBAL__sub_I__ZN11EthernetUDPC2Ev
                0x00080da8       0x1c C:\Users\Phuong\AppData\Local\Temp\VMBuilds\Sketch2\arduino_due_x_dbg\Release\Ethernet\EthernetUdp.cpp.o
 .text._ZN10W5100Class11writeSnDIPREhPh
                0x00080dc4        0xe C:\Users\Phuong\AppData\Local\Temp\VMBuilds\Sketch2\arduino_due_x_dbg\Release\Ethernet\utility\socket.cpp.o
                0x00080dc4                W5100Class::writeSnDIPR(unsigned char, unsigned char*)
 .text._ZN10W5100Class6readSnEht
                0x00080dd2        0xc C:\Users\Phuong\AppData\Local\Temp\VMBuilds\Sketch2\arduino_due_x_dbg\Release\Ethernet\utility\socket.cpp.o
                0x00080dd2                W5100Class::readSn(unsigned char, unsigned short)
 .text._ZN10W5100Class8readSnIREh
                0x00080dde        0xa C:\Users\Phuong\AppData\Local\Temp\VMBuilds\Sketch2\arduino_due_x_dbg\Release\Ethernet\utility\socket.cpp.o
                0x00080dde                W5100Class::readSnIR(unsigned char)
 .text._ZN10W5100Class7writeSnEhth
                0x00080de8        0xe C:\Users\Phuong\AppData\Local\Temp\VMBuilds\Sketch2\arduino_due_x_dbg\Release\Ethernet\utility\socket.cpp.o
                0x00080de8                W5100Class::writeSn(unsigned char, unsigned short, unsigned char)
 .text._ZN10W5100Class11writeSnPORTEht
                0x00080df6       0x1a C:\Users\Phuong\AppData\Local\Temp\VMBuilds\Sketch2\arduino_due_x_dbg\Release\Ethernet\utility\socket.cpp.o
                0x00080df6                W5100Class::writeSnPORT(unsigned char, unsigned short)
 .text._ZN10W5100Class9writeSnIREhh
                0x00080e10        0xc C:\Users\Phuong\AppData\Local\Temp\VMBuilds\Sketch2\arduino_due_x_dbg\Release\Ethernet\utility\socket.cpp.o
                0x00080e10                W5100Class::writeSnIR(unsigned char, unsigned char)
 .text._ZN10W5100Class12writeSnDPORTEht
                0x00080e1c       0x1a C:\Users\Phuong\AppData\Local\Temp\VMBuilds\Sketch2\arduino_due_x_dbg\Release\Ethernet\utility\socket.cpp.o
                0x00080e1c                W5100Class::writeSnDPORT(unsigned char, unsigned short)
 *fill*         0x00080e36        0x2 
 .text._Z12socketStatush
                0x00080e38       0x3c C:\Users\Phuong\AppData\Local\Temp\VMBuilds\Sketch2\arduino_due_x_dbg\Release\Ethernet\utility\socket.cpp.o
                0x00080e38                socketStatus(unsigned char)
 .text._Z5closeh
                0x00080e74       0x48 C:\Users\Phuong\AppData\Local\Temp\VMBuilds\Sketch2\arduino_due_x_dbg\Release\Ethernet\utility\socket.cpp.o
                0x00080e74                close(unsigned char)
 .text._Z6sockethhth
                0x00080ebc       0x80 C:\Users\Phuong\AppData\Local\Temp\VMBuilds\Sketch2\arduino_due_x_dbg\Release\Ethernet\utility\socket.cpp.o
                0x00080ebc                socket(unsigned char, unsigned char, unsigned short, unsigned char)
 .text._Z4recvhPhs
                0x00080f3c       0x84 C:\Users\Phuong\AppData\Local\Temp\VMBuilds\Sketch2\arduino_due_x_dbg\Release\Ethernet\utility\socket.cpp.o
                0x00080f3c                recv(unsigned char, unsigned char*, short)
 .text._Z13recvAvailableh
                0x00080fc0       0x40 C:\Users\Phuong\AppData\Local\Temp\VMBuilds\Sketch2\arduino_due_x_dbg\Release\Ethernet\utility\socket.cpp.o
                0x00080fc0                recvAvailable(unsigned char)
 .text._Z4peekhPh
                0x00081000       0x48 C:\Users\Phuong\AppData\Local\Temp\VMBuilds\Sketch2\arduino_due_x_dbg\Release\Ethernet\utility\socket.cpp.o
                0x00081000                peek(unsigned char, unsigned char*)
 .text._Z10bufferDatahtPKht
                0x00081048       0x64 C:\Users\Phuong\AppData\Local\Temp\VMBuilds\Sketch2\arduino_due_x_dbg\Release\Ethernet\utility\socket.cpp.o
                0x00081048                bufferData(unsigned char, unsigned short, unsigned char const*, unsigned short)
 .text._Z8startUDPhPht
                0x000810ac       0x5c C:\Users\Phuong\AppData\Local\Temp\VMBuilds\Sketch2\arduino_due_x_dbg\Release\Ethernet\utility\socket.cpp.o
                0x000810ac                startUDP(unsigned char, unsigned char*, unsigned short)
 .text._Z7sendUDPh
                0x00081108       0x94 C:\Users\Phuong\AppData\Local\Temp\VMBuilds\Sketch2\arduino_due_x_dbg\Release\Ethernet\utility\socket.cpp.o
                0x00081108                sendUDP(unsigned char)
 .text._ZN10W5100Class5writeEth
                0x0008119c       0x40 C:\Users\Phuong\AppData\Local\Temp\VMBuilds\Sketch2\arduino_due_x_dbg\Release\Ethernet\utility\w5100.cpp.o
                0x0008119c                W5100Class::write(unsigned short, unsigned char)
 .text._ZN10W5100Class4initEv
                0x000811dc       0x9c C:\Users\Phuong\AppData\Local\Temp\VMBuilds\Sketch2\arduino_due_x_dbg\Release\Ethernet\utility\w5100.cpp.o
                0x000811dc                W5100Class::init()
 .text._ZN10W5100Class5writeEtPKht
                0x00081278       0x50 C:\Users\Phuong\AppData\Local\Temp\VMBuilds\Sketch2\arduino_due_x_dbg\Release\Ethernet\utility\w5100.cpp.o
                0x00081278                W5100Class::write(unsigned short, unsigned char const*, unsigned short)
 .text._ZN10W5100Class4readEt
                0x000812c8       0x40 C:\Users\Phuong\AppData\Local\Temp\VMBuilds\Sketch2\arduino_due_x_dbg\Release\Ethernet\utility\w5100.cpp.o
                0x000812c8                W5100Class::read(unsigned short)
 .text._ZN10W5100Class12readSnTX_FSREh
                0x00081308       0x1e C:\Users\Phuong\AppData\Local\Temp\VMBuilds\Sketch2\arduino_due_x_dbg\Release\Ethernet\utility\w5100.cpp.o
                0x00081308                W5100Class::readSnTX_FSR(unsigned char)
 .text._ZN10W5100Class13getTXFreeSizeEh
                0x00081326       0x20 C:\Users\Phuong\AppData\Local\Temp\VMBuilds\Sketch2\arduino_due_x_dbg\Release\Ethernet\utility\w5100.cpp.o
                0x00081326                W5100Class::getTXFreeSize(unsigned char)
 .text._ZN10W5100Class12readSnRX_RSREh
                0x00081346       0x1e C:\Users\Phuong\AppData\Local\Temp\VMBuilds\Sketch2\arduino_due_x_dbg\Release\Ethernet\utility\w5100.cpp.o
                0x00081346                W5100Class::readSnRX_RSR(unsigned char)
 .text._ZN10W5100Class17getRXReceivedSizeEh
                0x00081364       0x20 C:\Users\Phuong\AppData\Local\Temp\VMBuilds\Sketch2\arduino_due_x_dbg\Release\Ethernet\utility\w5100.cpp.o
                0x00081364                W5100Class::getRXReceivedSize(unsigned char)
 .text._ZN10W5100Class27send_data_processing_offsetEhtPKht
                0x00081384       0x80 C:\Users\Phuong\AppData\Local\Temp\VMBuilds\Sketch2\arduino_due_x_dbg\Release\Ethernet\utility\w5100.cpp.o
                0x00081384                W5100Class::send_data_processing_offset(unsigned char, unsigned short, unsigned char const*, unsigned short)
 .text._ZN10W5100Class4readEtPht
                0x00081404       0x54 C:\Users\Phuong\AppData\Local\Temp\VMBuilds\Sketch2\arduino_due_x_dbg\Release\Ethernet\utility\w5100.cpp.o
                0x00081404                W5100Class::read(unsigned short, unsigned char*, unsigned short)
 .text._ZN10W5100Class9read_dataEhtPVht
                0x00081458       0x4c C:\Users\Phuong\AppData\Local\Temp\VMBuilds\Sketch2\arduino_due_x_dbg\Release\Ethernet\utility\w5100.cpp.o
                0x00081458                W5100Class::read_data(unsigned char, unsigned short, unsigned char volatile*, unsigned short)
 .text._ZN10W5100Class20recv_data_processingEhPhth
                0x000814a4       0x56 C:\Users\Phuong\AppData\Local\Temp\VMBuilds\Sketch2\arduino_due_x_dbg\Release\Ethernet\utility\w5100.cpp.o
                0x000814a4                W5100Class::recv_data_processing(unsigned char, unsigned char*, unsigned short, unsigned char)
 .text._ZN10W5100Class9execCmdSnEh7SockCMD
                0x000814fa       0x1a C:\Users\Phuong\AppData\Local\Temp\VMBuilds\Sketch2\arduino_due_x_dbg\Release\Ethernet\utility\w5100.cpp.o
                0x000814fa                W5100Class::execCmdSn(unsigned char, SockCMD)
 .text._Z11serialEventv
                0x00081514        0x2 C:\Users\Phuong\AppData\Local\Temp\VMBuilds\Sketch2\arduino_due_x_dbg\Release\variant\variant.cpp.o
                0x00081514                serialEvent()
 *fill*         0x00081516        0x2 
 .text.UART_Handler
                0x00081518        0xc C:\Users\Phuong\AppData\Local\Temp\VMBuilds\Sketch2\arduino_due_x_dbg\Release\variant\variant.cpp.o
                0x00081518                UART_Handler
 .text._Z12serialEvent1v
                0x00081524        0x2 C:\Users\Phuong\AppData\Local\Temp\VMBuilds\Sketch2\arduino_due_x_dbg\Release\variant\variant.cpp.o
                0x00081524                serialEvent1()
 .text._Z12serialEvent2v
                0x00081526        0x2 C:\Users\Phuong\AppData\Local\Temp\VMBuilds\Sketch2\arduino_due_x_dbg\Release\variant\variant.cpp.o
                0x00081526                serialEvent2()
 .text._Z12serialEvent3v
                0x00081528        0x2 C:\Users\Phuong\AppData\Local\Temp\VMBuilds\Sketch2\arduino_due_x_dbg\Release\variant\variant.cpp.o
                0x00081528                serialEvent3()
 *fill*         0x0008152a        0x2 
 .text.USART0_Handler
                0x0008152c        0xc C:\Users\Phuong\AppData\Local\Temp\VMBuilds\Sketch2\arduino_due_x_dbg\Release\variant\variant.cpp.o
                0x0008152c                USART0_Handler
 .text.USART1_Handler
                0x00081538        0xc C:\Users\Phuong\AppData\Local\Temp\VMBuilds\Sketch2\arduino_due_x_dbg\Release\variant\variant.cpp.o
                0x00081538                USART1_Handler
 .text.USART3_Handler
                0x00081544        0xc C:\Users\Phuong\AppData\Local\Temp\VMBuilds\Sketch2\arduino_due_x_dbg\Release\variant\variant.cpp.o
                0x00081544                USART3_Handler
 .text.init     0x00081550      0x128 C:\Users\Phuong\AppData\Local\Temp\VMBuilds\Sketch2\arduino_due_x_dbg\Release\variant\variant.cpp.o
                0x00081550                init
 .text.startup._GLOBAL__sub_I_g_APinDescription
                0x00081678       0xd4 C:\Users\Phuong\AppData\Local\Temp\VMBuilds\Sketch2\arduino_due_x_dbg\Release\variant\variant.cpp.o
 .text._Z14serialEventRunv
                0x0008174c       0x44 C:\Users\Phuong\AppData\Local\Temp\VMBuilds\Sketch2\arduino_due_x_dbg\Release\variant\variant.cpp.o
                0x0008174c                serialEventRun()
 .text.PIO_PullUp
                0x00081790        0xa C:\Users\Phuong\AppData\Local\arduino15\packages\arduino\hardware\sam\1.6.11\variants\arduino_due_x/libsam_sam3x8e_gcc_rel.a(pio.o)
                0x00081790                PIO_PullUp
 .text.PIO_SetPeripheral
                0x0008179a       0x26 C:\Users\Phuong\AppData\Local\arduino15\packages\arduino\hardware\sam\1.6.11\variants\arduino_due_x/libsam_sam3x8e_gcc_rel.a(pio.o)
                0x0008179a                PIO_SetPeripheral
 .text.PIO_SetInput
                0x000817c0       0x26 C:\Users\Phuong\AppData\Local\arduino15\packages\arduino\hardware\sam\1.6.11\variants\arduino_due_x/libsam_sam3x8e_gcc_rel.a(pio.o)
                0x000817c0                PIO_SetInput
 .text.PIO_SetOutput
                0x000817e6       0x24 C:\Users\Phuong\AppData\Local\arduino15\packages\arduino\hardware\sam\1.6.11\variants\arduino_due_x/libsam_sam3x8e_gcc_rel.a(pio.o)
                0x000817e6                PIO_SetOutput
 *fill*         0x0008180a        0x2 
 .text.PIO_Configure
                0x0008180c       0x64 C:\Users\Phuong\AppData\Local\arduino15\packages\arduino\hardware\sam\1.6.11\variants\arduino_due_x/libsam_sam3x8e_gcc_rel.a(pio.o)
                0x0008180c                PIO_Configure
 .text.PIO_GetOutputDataStatus
                0x00081870       0x14 C:\Users\Phuong\AppData\Local\arduino15\packages\arduino\hardware\sam\1.6.11\variants\arduino_due_x/libsam_sam3x8e_gcc_rel.a(pio.o)
                0x00081870                PIO_GetOutputDataStatus
 .text.pmc_enable_upll_clock
                0x00081884       0x14 C:\Users\Phuong\AppData\Local\arduino15\packages\arduino\hardware\sam\1.6.11\variants\arduino_due_x/libsam_sam3x8e_gcc_rel.a(pmc.o)
                0x00081884                pmc_enable_upll_clock
 .text.pmc_enable_periph_clk
                0x00081898       0x44 C:\Users\Phuong\AppData\Local\arduino15\packages\arduino\hardware\sam\1.6.11\variants\arduino_due_x/libsam_sam3x8e_gcc_rel.a(pmc.o)
                0x00081898                pmc_enable_periph_clk
 .text.pmc_disable_periph_clk
                0x000818dc       0x40 C:\Users\Phuong\AppData\Local\arduino15\packages\arduino\hardware\sam\1.6.11\variants\arduino_due_x/libsam_sam3x8e_gcc_rel.a(pmc.o)
                0x000818dc                pmc_disable_periph_clk
 .text.pmc_switch_udpck_to_upllck
                0x0008191c       0x14 C:\Users\Phuong\AppData\Local\arduino15\packages\arduino\hardware\sam\1.6.11\variants\arduino_due_x/libsam_sam3x8e_gcc_rel.a(pmc.o)
                0x0008191c                pmc_switch_udpck_to_upllck
 .text.pmc_enable_udpck
                0x00081930        0xc C:\Users\Phuong\AppData\Local\arduino15\packages\arduino\hardware\sam\1.6.11\variants\arduino_due_x/libsam_sam3x8e_gcc_rel.a(pmc.o)
                0x00081930                pmc_enable_udpck
 .text.SPI_Enable
                0x0008193c        0x6 C:\Users\Phuong\AppData\Local\arduino15\packages\arduino\hardware\sam\1.6.11\variants\arduino_due_x/libsam_sam3x8e_gcc_rel.a(spi.o)
                0x0008193c                SPI_Enable
 *fill*         0x00081942        0x2 
 .text.SPI_Configure
                0x00081944       0x20 C:\Users\Phuong\AppData\Local\arduino15\packages\arduino\hardware\sam\1.6.11\variants\arduino_due_x/libsam_sam3x8e_gcc_rel.a(spi.o)
                0x00081944                SPI_Configure
 .text.SPI_ConfigureNPCS
                0x00081964        0x8 C:\Users\Phuong\AppData\Local\arduino15\packages\arduino\hardware\sam\1.6.11\variants\arduino_due_x/libsam_sam3x8e_gcc_rel.a(spi.o)
                0x00081964                SPI_ConfigureNPCS
 .text.SystemInit
                0x0008196c       0x88 C:\Users\Phuong\AppData\Local\arduino15\packages\arduino\hardware\sam\1.6.11\variants\arduino_due_x/libsam_sam3x8e_gcc_rel.a(system_sam3xa.o)
                0x0008196c                SystemInit
 .text.Reset_Handler
                0x000819f4       0x78 C:\Users\Phuong\AppData\Local\arduino15\packages\arduino\hardware\sam\1.6.11\variants\arduino_due_x/libsam_sam3x8e_gcc_rel.a(startup_sam3xa.o)
                0x000819f4                Reset_Handler
 .text.adc_init
                0x00081a6c       0x98 C:\Users\Phuong\AppData\Local\arduino15\packages\arduino\hardware\sam\1.6.11\variants\arduino_due_x/libsam_sam3x8e_gcc_rel.a(adc.o)
                0x00081a6c                adc_init
 .text.adc_configure_trigger
                0x00081b04        0xe C:\Users\Phuong\AppData\Local\arduino15\packages\arduino\hardware\sam\1.6.11\variants\arduino_due_x/libsam_sam3x8e_gcc_rel.a(adc.o)
                0x00081b04                adc_configure_trigger
 .text.adc_configure_timing
                0x00081b12       0x1a C:\Users\Phuong\AppData\Local\arduino15\packages\arduino\hardware\sam\1.6.11\variants\arduino_due_x/libsam_sam3x8e_gcc_rel.a(adc.o)
                0x00081b12                adc_configure_timing
 .text.adc_disable_channel
                0x00081b2c        0xa C:\Users\Phuong\AppData\Local\arduino15\packages\arduino\hardware\sam\1.6.11\variants\arduino_due_x/libsam_sam3x8e_gcc_rel.a(adc.o)
                0x00081b2c                adc_disable_channel
 .text.adc_disable_all_channel
                0x00081b36        0x8 C:\Users\Phuong\AppData\Local\arduino15\packages\arduino\hardware\sam\1.6.11\variants\arduino_due_x/libsam_sam3x8e_gcc_rel.a(adc.o)
                0x00081b36                adc_disable_all_channel
 .text.adc_disable_interrupt
                0x00081b3e        0x4 C:\Users\Phuong\AppData\Local\arduino15\packages\arduino\hardware\sam\1.6.11\variants\arduino_due_x/libsam_sam3x8e_gcc_rel.a(adc.o)
                0x00081b3e                adc_disable_interrupt
 *fill*         0x00081b42        0x2 
 .text.UOTGHS_Handler
                0x00081b44       0x10 C:\Users\Phuong\AppData\Local\arduino15\packages\arduino\hardware\sam\1.6.11\variants\arduino_due_x/libsam_sam3x8e_gcc_rel.a(uotghs.o)
                0x00081b44                UOTGHS_Handler
 .text.__halt   0x00081b54        0x2 C:\Users\Phuong\AppData\Local\Temp\VMBuilds\Sketch2\arduino_due_x_dbg\Release/core.a(cortex_handlers.c.o)
                0x00081b54                DACC_Handler
                0x00081b54                DebugMon_Handler
                0x00081b54                DMAC_Handler
                0x00081b54                TRNG_Handler
                0x00081b54                HardFault_Handler
                0x00081b54                TC2_Handler
                0x00081b54                TWI1_Handler
                0x00081b54                NMI_Handler
                0x00081b54                TC7_Handler
                0x00081b54                ADC_Handler
                0x00081b54                SMC_Handler
                0x00081b54                RTT_Handler
                0x00081b54                EFC1_Handler
                0x00081b54                PIOB_Handler
                0x00081b54                RTC_Handler
                0x00081b54                UsageFault_Handler
                0x00081b54                TC6_Handler
                0x00081b54                WDT_Handler
                0x00081b54                CAN0_Handler
                0x00081b54                TC4_Handler
                0x00081b54                TC1_Handler
                0x00081b54                HSMCI_Handler
                0x00081b54                TC3_Handler
                0x00081b54                TWI0_Handler
                0x00081b54                PIOA_Handler
                0x00081b54                SSC_Handler
                0x00081b54                EFC0_Handler
                0x00081b54                PMC_Handler
                0x00081b54                PWM_Handler
                0x00081b54                CAN1_Handler
                0x00081b54                MemManage_Handler
                0x00081b54                SUPC_Handler
                0x00081b54                TC8_Handler
                0x00081b54                USART2_Handler
                0x00081b54                PIOD_Handler
                0x00081b54                EMAC_Handler
                0x00081b54                PIOC_Handler
                0x00081b54                BusFault_Handler
                0x00081b54                RSTC_Handler
                0x00081b54                TC0_Handler
                0x00081b54                TC5_Handler
                0x00081b54                SPI0_Handler
 .text.SVC_Handler
                0x00081b56        0x4 C:\Users\Phuong\AppData\Local\Temp\VMBuilds\Sketch2\arduino_due_x_dbg\Release/core.a(cortex_handlers.c.o)
                0x00081b56                SVC_Handler
 .text.PendSV_Handler
                0x00081b5a        0x4 C:\Users\Phuong\AppData\Local\Temp\VMBuilds\Sketch2\arduino_due_x_dbg\Release/core.a(cortex_handlers.c.o)
                0x00081b5a                PendSV_Handler
 .text.SysTick_Handler
                0x00081b5e       0x16 C:\Users\Phuong\AppData\Local\Temp\VMBuilds\Sketch2\arduino_due_x_dbg\Release/core.a(cortex_handlers.c.o)
                0x00081b5e                SysTick_Handler
 .text.__empty  0x00081b74        0x2 C:\Users\Phuong\AppData\Local\Temp\VMBuilds\Sketch2\arduino_due_x_dbg\Release/core.a(hooks.c.o)
                0x00081b74                yield
 .text.__false  0x00081b76        0x4 C:\Users\Phuong\AppData\Local\Temp\VMBuilds\Sketch2\arduino_due_x_dbg\Release/core.a(hooks.c.o)
                0x00081b76                sysTickHook
 .text.__halt   0x00081b7a        0x2 C:\Users\Phuong\AppData\Local\Temp\VMBuilds\Sketch2\arduino_due_x_dbg\Release/core.a(hooks.c.o)
                0x00081b7a                svcHook
                0x00081b7a                pendSVHook
 .text._sbrk    0x00081b7c       0x1c C:\Users\Phuong\AppData\Local\Temp\VMBuilds\Sketch2\arduino_due_x_dbg\Release/core.a(syscalls_sam3.c.o)
                0x00081b7c                _sbrk
 .text.link     0x00081b98        0x6 C:\Users\Phuong\AppData\Local\Temp\VMBuilds\Sketch2\arduino_due_x_dbg\Release/core.a(syscalls_sam3.c.o)
                0x00081b98                link
 .text._close   0x00081b9e        0x6 C:\Users\Phuong\AppData\Local\Temp\VMBuilds\Sketch2\arduino_due_x_dbg\Release/core.a(syscalls_sam3.c.o)
                0x00081b9e                _close
 .text._fstat   0x00081ba4        0xa C:\Users\Phuong\AppData\Local\Temp\VMBuilds\Sketch2\arduino_due_x_dbg\Release/core.a(syscalls_sam3.c.o)
                0x00081ba4                _fstat
 .text._isatty  0x00081bae        0x4 C:\Users\Phuong\AppData\Local\Temp\VMBuilds\Sketch2\arduino_due_x_dbg\Release/core.a(syscalls_sam3.c.o)
                0x00081bae                _isatty
 .text._lseek   0x00081bb2        0x4 C:\Users\Phuong\AppData\Local\Temp\VMBuilds\Sketch2\arduino_due_x_dbg\Release/core.a(syscalls_sam3.c.o)
                0x00081bb2                _lseek
 .text._read    0x00081bb6        0x4 C:\Users\Phuong\AppData\Local\Temp\VMBuilds\Sketch2\arduino_due_x_dbg\Release/core.a(syscalls_sam3.c.o)
                0x00081bb6                _read
 *fill*         0x00081bba        0x2 
 .text._write   0x00081bbc       0x24 C:\Users\Phuong\AppData\Local\Temp\VMBuilds\Sketch2\arduino_due_x_dbg\Release/core.a(syscalls_sam3.c.o)
                0x00081bbc                _write
 .text._exit    0x00081be0       0x10 C:\Users\Phuong\AppData\Local\Temp\VMBuilds\Sketch2\arduino_due_x_dbg\Release/core.a(syscalls_sam3.c.o)
                0x00081be0                _exit
 .text._kill    0x00081bf0        0x2 C:\Users\Phuong\AppData\Local\Temp\VMBuilds\Sketch2\arduino_due_x_dbg\Release/core.a(syscalls_sam3.c.o)
                0x00081bf0                _kill
 .text._getpid  0x00081bf2        0x6 C:\Users\Phuong\AppData\Local\Temp\VMBuilds\Sketch2\arduino_due_x_dbg\Release/core.a(syscalls_sam3.c.o)
                0x00081bf2                _getpid
 .text.millis   0x00081bf8        0x4 C:\Users\Phuong\AppData\Local\Temp\VMBuilds\Sketch2\arduino_due_x_dbg\Release/core.a(wiring.c.o)
                0x00081bf8                millis
 .text.delay    0x00081bfc       0x1c C:\Users\Phuong\AppData\Local\Temp\VMBuilds\Sketch2\arduino_due_x_dbg\Release/core.a(wiring.c.o)
                0x00081bfc                delay
 .text.analogOutputInit
                0x00081c18        0x2 C:\Users\Phuong\AppData\Local\Temp\VMBuilds\Sketch2\arduino_due_x_dbg\Release/core.a(wiring_analog.c.o)
                0x00081c18                analogOutputInit
 *fill*         0x00081c1a        0x2 
 .text.pinMode  0x00081c1c      0x108 C:\Users\Phuong\AppData\Local\Temp\VMBuilds\Sketch2\arduino_due_x_dbg\Release/core.a(wiring_digital.c.o)
                0x00081c1c                pinMode
 .text.digitalWrite
                0x00081d24       0x70 C:\Users\Phuong\AppData\Local\Temp\VMBuilds\Sketch2\arduino_due_x_dbg\Release/core.a(wiring_digital.c.o)
                0x00081d24                digitalWrite
 .text._ZNK9IPAddress7printToER5Print
                0x00081d94       0x3c C:\Users\Phuong\AppData\Local\Temp\VMBuilds\Sketch2\arduino_due_x_dbg\Release/core.a(IPAddress.cpp.o)
                0x00081d94                IPAddress::printTo(Print&) const
 .text._ZN9IPAddressC2Ev
                0x00081dd0       0x10 C:\Users\Phuong\AppData\Local\Temp\VMBuilds\Sketch2\arduino_due_x_dbg\Release/core.a(IPAddress.cpp.o)
                0x00081dd0                IPAddress::IPAddress()
                0x00081dd0                IPAddress::IPAddress()
 .text._ZN9IPAddressC2Ehhhh
                0x00081de0       0x18 C:\Users\Phuong\AppData\Local\Temp\VMBuilds\Sketch2\arduino_due_x_dbg\Release/core.a(IPAddress.cpp.o)
                0x00081de0                IPAddress::IPAddress(unsigned char, unsigned char, unsigned char, unsigned char)
                0x00081de0                IPAddress::IPAddress(unsigned char, unsigned char, unsigned char, unsigned char)
 .text._ZN9IPAddressaSEPKh
                0x00081df8        0x6 C:\Users\Phuong\AppData\Local\Temp\VMBuilds\Sketch2\arduino_due_x_dbg\Release/core.a(IPAddress.cpp.o)
                0x00081df8                IPAddress::operator=(unsigned char const*)
 *fill*         0x00081dfe        0x2 
 .text.startup._GLOBAL__sub_I__ZN9IPAddressC2Ev
                0x00081e00       0x1c C:\Users\Phuong\AppData\Local\Temp\VMBuilds\Sketch2\arduino_due_x_dbg\Release/core.a(IPAddress.cpp.o)
 .text.initVariant
                0x00081e1c        0x2 C:\Users\Phuong\AppData\Local\Temp\VMBuilds\Sketch2\arduino_due_x_dbg\Release/core.a(main.cpp.o)
                0x00081e1c                initVariant
 *fill*         0x00081e1e        0x2 
 .text.startup.main
                0x00081e20       0x38 C:\Users\Phuong\AppData\Local\Temp\VMBuilds\Sketch2\arduino_due_x_dbg\Release/core.a(main.cpp.o)
                0x00081e20                main
 .text._ZN5Print5writeEPKhj
                0x00081e58       0x22 C:\Users\Phuong\AppData\Local\Temp\VMBuilds\Sketch2\arduino_due_x_dbg\Release/core.a(Print.cpp.o)
                0x00081e58                Print::write(unsigned char const*, unsigned int)
 .text._ZN5Print5printEmi.part.3
                0x00081e7a        0xc C:\Users\Phuong\AppData\Local\Temp\VMBuilds\Sketch2\arduino_due_x_dbg\Release/core.a(Print.cpp.o)
 .text._ZN5Print5writeEPKc
                0x00081e86       0x1e C:\Users\Phuong\AppData\Local\Temp\VMBuilds\Sketch2\arduino_due_x_dbg\Release/core.a(Print.cpp.o)
                0x00081e86                Print::write(char const*)
 .text._ZN5Print5printEc
                0x00081ea4        0xa C:\Users\Phuong\AppData\Local\Temp\VMBuilds\Sketch2\arduino_due_x_dbg\Release/core.a(Print.cpp.o)
                0x00081ea4                Print::print(char)
 .text._ZN5Print11printNumberEmh
                0x00081eae       0x3e C:\Users\Phuong\AppData\Local\Temp\VMBuilds\Sketch2\arduino_due_x_dbg\Release/core.a(Print.cpp.o)
                0x00081eae                Print::printNumber(unsigned long, unsigned char)
 .text._ZN5Print5printEmi
                0x00081eec        0xc C:\Users\Phuong\AppData\Local\Temp\VMBuilds\Sketch2\arduino_due_x_dbg\Release/core.a(Print.cpp.o)
                0x00081eec                Print::print(unsigned long, int)
 .text._ZN5Print5printEhi
                0x00081ef8        0x4 C:\Users\Phuong\AppData\Local\Temp\VMBuilds\Sketch2\arduino_due_x_dbg\Release/core.a(Print.cpp.o)
                0x00081ef8                Print::print(unsigned char, int)
 .text.initiateReset
                0x00081efc        0xc C:\Users\Phuong\AppData\Local\Temp\VMBuilds\Sketch2\arduino_due_x_dbg\Release/core.a(Reset.cpp.o)
                0x00081efc                initiateReset
 .text.cancelReset
                0x00081f08       0x10 C:\Users\Phuong\AppData\Local\Temp\VMBuilds\Sketch2\arduino_due_x_dbg\Release/core.a(Reset.cpp.o)
                0x00081f08                cancelReset
 .text.tickReset
                0x00081f18       0x20 C:\Users\Phuong\AppData\Local\Temp\VMBuilds\Sketch2\arduino_due_x_dbg\Release/core.a(Reset.cpp.o)
                0x00081f18                tickReset
 .text._ZN10RingBufferC2Ev
                0x00081f38       0x1a C:\Users\Phuong\AppData\Local\Temp\VMBuilds\Sketch2\arduino_due_x_dbg\Release/core.a(RingBuffer.cpp.o)
                0x00081f38                RingBuffer::RingBuffer()
                0x00081f38                RingBuffer::RingBuffer()
 .text._ZN10RingBuffer10store_charEh
                0x00081f52       0x1e C:\Users\Phuong\AppData\Local\Temp\VMBuilds\Sketch2\arduino_due_x_dbg\Release/core.a(RingBuffer.cpp.o)
                0x00081f52                RingBuffer::store_char(unsigned char)
 .text._ZN9UARTClasscvbEv
                0x00081f70        0x4 C:\Users\Phuong\AppData\Local\Temp\VMBuilds\Sketch2\arduino_due_x_dbg\Release/core.a(UARTClass.cpp.o)
                0x00081f70                UARTClass::operator bool()
 .text._ZN9UARTClass9availableEv
                0x00081f74       0x12 C:\Users\Phuong\AppData\Local\Temp\VMBuilds\Sketch2\arduino_due_x_dbg\Release/core.a(UARTClass.cpp.o)
                0x00081f74                UARTClass::available()
 .text._ZN9UARTClass4peekEv
                0x00081f86       0x1c C:\Users\Phuong\AppData\Local\Temp\VMBuilds\Sketch2\arduino_due_x_dbg\Release/core.a(UARTClass.cpp.o)
                0x00081f86                UARTClass::peek()
 .text._ZN9UARTClass4readEv
                0x00081fa2       0x2a C:\Users\Phuong\AppData\Local\Temp\VMBuilds\Sketch2\arduino_due_x_dbg\Release/core.a(UARTClass.cpp.o)
                0x00081fa2                UARTClass::read()
 .text._ZN9UARTClass5flushEv
                0x00081fcc       0x18 C:\Users\Phuong\AppData\Local\Temp\VMBuilds\Sketch2\arduino_due_x_dbg\Release/core.a(UARTClass.cpp.o)
                0x00081fcc                UARTClass::flush()
 .text._ZN9UARTClass5writeEh
                0x00081fe4       0x54 C:\Users\Phuong\AppData\Local\Temp\VMBuilds\Sketch2\arduino_due_x_dbg\Release/core.a(UARTClass.cpp.o)
                0x00081fe4                UARTClass::write(unsigned char)
 .text._ZN9UARTClass3endEv
                0x00082038       0x3c C:\Users\Phuong\AppData\Local\Temp\VMBuilds\Sketch2\arduino_due_x_dbg\Release/core.a(UARTClass.cpp.o)
                0x00082038                UARTClass::end()
 .text._ZN9UARTClassC2EP4Uart4IRQnmP10RingBufferS4_
                0x00082074       0x24 C:\Users\Phuong\AppData\Local\Temp\VMBuilds\Sketch2\arduino_due_x_dbg\Release/core.a(UARTClass.cpp.o)
                0x00082074                UARTClass::UARTClass(Uart*, IRQn, unsigned long, RingBuffer*, RingBuffer*)
                0x00082074                UARTClass::UARTClass(Uart*, IRQn, unsigned long, RingBuffer*, RingBuffer*)
 .text._ZN9UARTClass4initEmm
                0x00082098       0x70 C:\Users\Phuong\AppData\Local\Temp\VMBuilds\Sketch2\arduino_due_x_dbg\Release/core.a(UARTClass.cpp.o)
                0x00082098                UARTClass::init(unsigned long, unsigned long)
 .text._ZN9UARTClass5beginEm
                0x00082108        0x8 C:\Users\Phuong\AppData\Local\Temp\VMBuilds\Sketch2\arduino_due_x_dbg\Release/core.a(UARTClass.cpp.o)
                0x00082108                UARTClass::begin(unsigned long)
 .text._ZN9UARTClass10IrqHandlerEv
                0x00082110       0x5a C:\Users\Phuong\AppData\Local\Temp\VMBuilds\Sketch2\arduino_due_x_dbg\Release/core.a(UARTClass.cpp.o)
                0x00082110                UARTClass::IrqHandler()
 .text._ZN10USARTClass5beginEm
                0x0008216a        0x8 C:\Users\Phuong\AppData\Local\Temp\VMBuilds\Sketch2\arduino_due_x_dbg\Release/core.a(USARTClass.cpp.o)
                0x0008216a                USARTClass::begin(unsigned long)
 *fill*         0x00082172        0x2 
 .text._ZN10USARTClassC2EP5Usart4IRQnmP10RingBufferS4_
                0x00082174       0x24 C:\Users\Phuong\AppData\Local\Temp\VMBuilds\Sketch2\arduino_due_x_dbg\Release/core.a(USARTClass.cpp.o)
                0x00082174                USARTClass::USARTClass(Usart*, IRQn, unsigned long, RingBuffer*, RingBuffer*)
                0x00082174                USARTClass::USARTClass(Usart*, IRQn, unsigned long, RingBuffer*, RingBuffer*)
 .text._watchdogDefaultSetup
                0x00082198        0xc C:\Users\Phuong\AppData\Local\Temp\VMBuilds\Sketch2\arduino_due_x_dbg\Release/core.a(watchdog.cpp.o)
                0x00082198                _watchdogDefaultSetup
                0x00082198                watchdogSetup()
 .text._Z8makeWordhh
                0x000821a4        0x6 C:\Users\Phuong\AppData\Local\Temp\VMBuilds\Sketch2\arduino_due_x_dbg\Release/core.a(WMath.cpp.o)
                0x000821a4                makeWord(unsigned char, unsigned char)
 *fill*         0x000821aa        0x2 
 .text.unlikely._ZL11USB_SendZlpv
                0x000821ac       0x20 C:\Users\Phuong\AppData\Local\Temp\VMBuilds\Sketch2\arduino_due_x_dbg\Release/core.a(USBCore.cpp.o)
 .text._Z14USBD_Availablem
                0x000821cc       0x2c C:\Users\Phuong\AppData\Local\Temp\VMBuilds\Sketch2\arduino_due_x_dbg\Release/core.a(USBCore.cpp.o)
                0x000821cc                USBD_Available(unsigned long)
 .text._Z9USBD_RecvmPvm
                0x000821f8       0x7c C:\Users\Phuong\AppData\Local\Temp\VMBuilds\Sketch2\arduino_due_x_dbg\Release/core.a(USBCore.cpp.o)
                0x000821f8                USBD_Recv(unsigned long, void*, unsigned long)
 .text._Z9USBD_Recvm
                0x00082274       0x22 C:\Users\Phuong\AppData\Local\Temp\VMBuilds\Sketch2\arduino_due_x_dbg\Release/core.a(USBCore.cpp.o)
                0x00082274                USBD_Recv(unsigned long)
 *fill*         0x00082296        0x2 
 .text._Z9USBD_SendmPKvm
                0x00082298       0x4c C:\Users\Phuong\AppData\Local\Temp\VMBuilds\Sketch2\arduino_due_x_dbg\Release/core.a(USBCore.cpp.o)
                0x00082298                USBD_Send(unsigned long, void const*, unsigned long)
 .text._Z16USBD_SendControlhPKvm
                0x000822e4       0x40 C:\Users\Phuong\AppData\Local\Temp\VMBuilds\Sketch2\arduino_due_x_dbg\Release/core.a(USBCore.cpp.o)
                0x000822e4                USBD_SendControl(unsigned char, void const*, unsigned long)
 .text.unlikely._ZL24USB_SendStringDescriptorPKhi
                0x00082324       0x64 C:\Users\Phuong\AppData\Local\Temp\VMBuilds\Sketch2\arduino_due_x_dbg\Release/core.a(USBCore.cpp.o)
 .text._Z16USBD_RecvControlPvm
                0x00082388       0x1c C:\Users\Phuong\AppData\Local\Temp\VMBuilds\Sketch2\arduino_due_x_dbg\Release/core.a(USBCore.cpp.o)
                0x00082388                USBD_RecvControl(void*, unsigned long)
 .text._Z26USBD_ClassInterfaceRequestR8USBSetup
                0x000823a4       0x1e C:\Users\Phuong\AppData\Local\Temp\VMBuilds\Sketch2\arduino_due_x_dbg\Release/core.a(USBCore.cpp.o)
                0x000823a4                USBD_ClassInterfaceRequest(USBSetup&)
 .text._Z19USBD_SendInterfacesv
                0x000823c2       0x22 C:\Users\Phuong\AppData\Local\Temp\VMBuilds\Sketch2\arduino_due_x_dbg\Release/core.a(USBCore.cpp.o)
                0x000823c2                USBD_SendInterfaces()
 .text._Z24USBD_SendOtherInterfacesv
                0x000823e4       0x22 C:\Users\Phuong\AppData\Local\Temp\VMBuilds\Sketch2\arduino_due_x_dbg\Release/core.a(USBCore.cpp.o)
                0x000823e4                USBD_SendOtherInterfaces()
 .text._Z10USBD_Flushm
                0x00082406       0x16 C:\Users\Phuong\AppData\Local\Temp\VMBuilds\Sketch2\arduino_due_x_dbg\Release/core.a(USBCore.cpp.o)
                0x00082406                USBD_Flush(unsigned long)
 .text._ZN10USBDevice_C2Ev
                0x0008241c       0x24 C:\Users\Phuong\AppData\Local\Temp\VMBuilds\Sketch2\arduino_due_x_dbg\Release/core.a(USBCore.cpp.o)
                0x0008241c                USBDevice_::USBDevice_()
                0x0008241c                USBDevice_::USBDevice_()
 .text._ZN10USBDevice_6attachEv
                0x00082440       0x20 C:\Users\Phuong\AppData\Local\Temp\VMBuilds\Sketch2\arduino_due_x_dbg\Release/core.a(USBCore.cpp.o)
                0x00082440                USBDevice_::attach()
 .text.startup._GLOBAL__sub_I_EndPoints
                0x00082460        0xc C:\Users\Phuong\AppData\Local\Temp\VMBuilds\Sketch2\arduino_due_x_dbg\Release/core.a(USBCore.cpp.o)
 .text._ZL7USB_ISRv
                0x0008246c      0x454 C:\Users\Phuong\AppData\Local\Temp\VMBuilds\Sketch2\arduino_due_x_dbg\Release/core.a(USBCore.cpp.o)
 .text._ZN7Serial_9availableEv
                0x000828c0       0x18 C:\Users\Phuong\AppData\Local\Temp\VMBuilds\Sketch2\arduino_due_x_dbg\Release/core.a(CDC.cpp.o)
                0x000828c0                Serial_::available()
 .text._ZN7Serial_17availableForWriteEv
                0x000828d8        0x6 C:\Users\Phuong\AppData\Local\Temp\VMBuilds\Sketch2\arduino_due_x_dbg\Release/core.a(CDC.cpp.o)
                0x000828d8                Serial_::availableForWrite()
 *fill*         0x000828de        0x2 
 .text._ZN7Serial_4peekEv
                0x000828e0       0x20 C:\Users\Phuong\AppData\Local\Temp\VMBuilds\Sketch2\arduino_due_x_dbg\Release/core.a(CDC.cpp.o)
                0x000828e0                Serial_::peek()
 .text._ZN7Serial_5writeEh
                0x00082900       0x16 C:\Users\Phuong\AppData\Local\Temp\VMBuilds\Sketch2\arduino_due_x_dbg\Release/core.a(CDC.cpp.o)
                0x00082900                Serial_::write(unsigned char)
 *fill*         0x00082916        0x2 
 .text._ZN7Serial_4readEv
                0x00082918       0x44 C:\Users\Phuong\AppData\Local\Temp\VMBuilds\Sketch2\arduino_due_x_dbg\Release/core.a(CDC.cpp.o)
                0x00082918                Serial_::read()
 .text._ZN7Serial_5flushEv
                0x0008295c        0x6 C:\Users\Phuong\AppData\Local\Temp\VMBuilds\Sketch2\arduino_due_x_dbg\Release/core.a(CDC.cpp.o)
                0x0008295c                Serial_::flush()
 *fill*         0x00082962        0x2 
 .text._ZN7Serial_6acceptEv
                0x00082964       0x70 C:\Users\Phuong\AppData\Local\Temp\VMBuilds\Sketch2\arduino_due_x_dbg\Release/core.a(CDC.cpp.o)
                0x00082964                Serial_::accept()
 .text._ZN7Serial_5writeEPKhj
                0x000829d4       0x2c C:\Users\Phuong\AppData\Local\Temp\VMBuilds\Sketch2\arduino_due_x_dbg\Release/core.a(CDC.cpp.o)
                0x000829d4                Serial_::write(unsigned char const*, unsigned int)
 .text._Z16CDC_GetInterfacePh
                0x00082a00       0x14 C:\Users\Phuong\AppData\Local\Temp\VMBuilds\Sketch2\arduino_due_x_dbg\Release/core.a(CDC.cpp.o)
                0x00082a00                CDC_GetInterface(unsigned char*)
 .text._Z21CDC_GetOtherInterfacePh
                0x00082a14       0x14 C:\Users\Phuong\AppData\Local\Temp\VMBuilds\Sketch2\arduino_due_x_dbg\Release/core.a(CDC.cpp.o)
                0x00082a14                CDC_GetOtherInterface(unsigned char*)
 .text._Z9CDC_SetupR8USBSetup
                0x00082a28       0x78 C:\Users\Phuong\AppData\Local\Temp\VMBuilds\Sketch2\arduino_due_x_dbg\Release/core.a(CDC.cpp.o)
                0x00082a28                CDC_Setup(USBSetup&)
 .text.startup._GLOBAL__sub_I_cdc_rx_buffer
                0x00082aa0       0x1c C:\Users\Phuong\AppData\Local\Temp\VMBuilds\Sketch2\arduino_due_x_dbg\Release/core.a(CDC.cpp.o)
 .text._ZN13PluggableUSB_12getInterfaceEPh
                0x00082abc       0x28 C:\Users\Phuong\AppData\Local\Temp\VMBuilds\Sketch2\arduino_due_x_dbg\Release/core.a(PluggableUSB.cpp.o)
                0x00082abc                PluggableUSB_::getInterface(unsigned char*)
 .text._ZN13PluggableUSB_13getDescriptorER8USBSetup
                0x00082ae4       0x1c C:\Users\Phuong\AppData\Local\Temp\VMBuilds\Sketch2\arduino_due_x_dbg\Release/core.a(PluggableUSB.cpp.o)
                0x00082ae4                PluggableUSB_::getDescriptor(USBSetup&)
 .text._ZN13PluggableUSB_12getShortNameEPc
                0x00082b00       0x1c C:\Users\Phuong\AppData\Local\Temp\VMBuilds\Sketch2\arduino_due_x_dbg\Release/core.a(PluggableUSB.cpp.o)
                0x00082b00                PluggableUSB_::getShortName(char*)
 .text._ZN13PluggableUSB_5setupER8USBSetup
                0x00082b1c       0x20 C:\Users\Phuong\AppData\Local\Temp\VMBuilds\Sketch2\arduino_due_x_dbg\Release/core.a(PluggableUSB.cpp.o)
                0x00082b1c                PluggableUSB_::setup(USBSetup&)
 .text._Z12PluggableUSBv
                0x00082b3c       0x28 C:\Users\Phuong\AppData\Local\Temp\VMBuilds\Sketch2\arduino_due_x_dbg\Release/core.a(PluggableUSB.cpp.o)
                0x00082b3c                PluggableUSB()
 .text.TimeTick_Increment
                0x00082b64       0x10 C:\Users\Phuong\AppData\Local\arduino15\packages\arduino\hardware\sam\1.6.11\variants\arduino_due_x/libsam_sam3x8e_gcc_rel.a(timetick.o)
                0x00082b64                TimeTick_Increment
 .text.GetTickCount
                0x00082b74        0xc C:\Users\Phuong\AppData\Local\arduino15\packages\arduino\hardware\sam\1.6.11\variants\arduino_due_x/libsam_sam3x8e_gcc_rel.a(timetick.o)
                0x00082b74                GetTickCount
 .text.WDT_Disable
                0x00082b80        0x8 C:\Users\Phuong\AppData\Local\arduino15\packages\arduino\hardware\sam\1.6.11\variants\arduino_due_x/libsam_sam3x8e_gcc_rel.a(wdt.o)
                0x00082b80                WDT_Disable
 .text.UDD_SetStack
                0x00082b88        0xc C:\Users\Phuong\AppData\Local\arduino15\packages\arduino\hardware\sam\1.6.11\variants\arduino_due_x/libsam_sam3x8e_gcc_rel.a(uotghs_device.o)
                0x00082b88                UDD_SetStack
 .text.UDD_Init
                0x00082b94       0xd0 C:\Users\Phuong\AppData\Local\arduino15\packages\arduino\hardware\sam\1.6.11\variants\arduino_due_x/libsam_sam3x8e_gcc_rel.a(uotghs_device.o)
                0x00082b94                UDD_Init
 .text.UDD_Attach
                0x00082c64       0x50 C:\Users\Phuong\AppData\Local\arduino15\packages\arduino\hardware\sam\1.6.11\variants\arduino_due_x/libsam_sam3x8e_gcc_rel.a(uotghs_device.o)
                0x00082c64                UDD_Attach
 .text.UDD_InitEP
                0x00082cb4       0x2c C:\Users\Phuong\AppData\Local\arduino15\packages\arduino\hardware\sam\1.6.11\variants\arduino_due_x/libsam_sam3x8e_gcc_rel.a(uotghs_device.o)
                0x00082cb4                UDD_InitEP
 .text.UDD_InitEndpoints
                0x00082ce0       0x3c C:\Users\Phuong\AppData\Local\arduino15\packages\arduino\hardware\sam\1.6.11\variants\arduino_due_x/libsam_sam3x8e_gcc_rel.a(uotghs_device.o)
                0x00082ce0                UDD_InitEndpoints
 .text.UDD_WaitIN
                0x00082d1c       0x10 C:\Users\Phuong\AppData\Local\arduino15\packages\arduino\hardware\sam\1.6.11\variants\arduino_due_x/libsam_sam3x8e_gcc_rel.a(uotghs_device.o)
                0x00082d1c                UDD_WaitIN
 .text.UDD_WaitOUT
                0x00082d2c       0x10 C:\Users\Phuong\AppData\Local\arduino15\packages\arduino\hardware\sam\1.6.11\variants\arduino_due_x/libsam_sam3x8e_gcc_rel.a(uotghs_device.o)
                0x00082d2c                UDD_WaitOUT
 .text.UDD_ClearIN
                0x00082d3c       0x18 C:\Users\Phuong\AppData\Local\arduino15\packages\arduino\hardware\sam\1.6.11\variants\arduino_due_x/libsam_sam3x8e_gcc_rel.a(uotghs_device.o)
                0x00082d3c                UDD_ClearIN
 .text.UDD_ClearOUT
                0x00082d54       0x18 C:\Users\Phuong\AppData\Local\arduino15\packages\arduino\hardware\sam\1.6.11\variants\arduino_due_x/libsam_sam3x8e_gcc_rel.a(uotghs_device.o)
                0x00082d54                UDD_ClearOUT
 .text.UDD_ReceivedSetupInt
                0x00082d6c       0x10 C:\Users\Phuong\AppData\Local\arduino15\packages\arduino\hardware\sam\1.6.11\variants\arduino_due_x/libsam_sam3x8e_gcc_rel.a(uotghs_device.o)
                0x00082d6c                UDD_ReceivedSetupInt
 .text.UDD_ClearSetupInt
                0x00082d7c       0x10 C:\Users\Phuong\AppData\Local\arduino15\packages\arduino\hardware\sam\1.6.11\variants\arduino_due_x/libsam_sam3x8e_gcc_rel.a(uotghs_device.o)
                0x00082d7c                UDD_ClearSetupInt
 .text.UDD_Send
                0x00082d8c       0x88 C:\Users\Phuong\AppData\Local\arduino15\packages\arduino\hardware\sam\1.6.11\variants\arduino_due_x/libsam_sam3x8e_gcc_rel.a(uotghs_device.o)
                0x00082d8c                UDD_Send
 .text.UDD_Send8
                0x00082e14       0x24 C:\Users\Phuong\AppData\Local\arduino15\packages\arduino\hardware\sam\1.6.11\variants\arduino_due_x/libsam_sam3x8e_gcc_rel.a(uotghs_device.o)
                0x00082e14                UDD_Send8
 .text.UDD_Recv8
                0x00082e38       0x28 C:\Users\Phuong\AppData\Local\arduino15\packages\arduino\hardware\sam\1.6.11\variants\arduino_due_x/libsam_sam3x8e_gcc_rel.a(uotghs_device.o)
                0x00082e38                UDD_Recv8
 .text.UDD_Recv
                0x00082e60       0x34 C:\Users\Phuong\AppData\Local\arduino15\packages\arduino\hardware\sam\1.6.11\variants\arduino_due_x/libsam_sam3x8e_gcc_rel.a(uotghs_device.o)
                0x00082e60                UDD_Recv
 .text.UDD_Stall
                0x00082e94       0x14 C:\Users\Phuong\AppData\Local\arduino15\packages\arduino\hardware\sam\1.6.11\variants\arduino_due_x/libsam_sam3x8e_gcc_rel.a(uotghs_device.o)
                0x00082e94                UDD_Stall
 .text.UDD_FifoByteCount
                0x00082ea8       0x14 C:\Users\Phuong\AppData\Local\arduino15\packages\arduino\hardware\sam\1.6.11\variants\arduino_due_x/libsam_sam3x8e_gcc_rel.a(uotghs_device.o)
                0x00082ea8                UDD_FifoByteCount
 .text.UDD_ReleaseRX
                0x00082ebc       0x28 C:\Users\Phuong\AppData\Local\arduino15\packages\arduino\hardware\sam\1.6.11\variants\arduino_due_x/libsam_sam3x8e_gcc_rel.a(uotghs_device.o)
                0x00082ebc                UDD_ReleaseRX
 .text.UDD_ReleaseTX
                0x00082ee4       0x28 C:\Users\Phuong\AppData\Local\arduino15\packages\arduino\hardware\sam\1.6.11\variants\arduino_due_x/libsam_sam3x8e_gcc_rel.a(uotghs_device.o)
                0x00082ee4                UDD_ReleaseTX
 .text.UDD_SetAddress
                0x00082f0c       0x20 C:\Users\Phuong\AppData\Local\arduino15\packages\arduino\hardware\sam\1.6.11\variants\arduino_due_x/libsam_sam3x8e_gcc_rel.a(uotghs_device.o)
                0x00082f0c                UDD_SetAddress
 .text.__libc_init_array
                0x00082f2c       0x50 c:/users/phuong/appdata/local/arduino15/packages/arduino/tools/arm-none-eabi-gcc/4.8.3-2014q1/bin/../lib/gcc/arm-none-eabi/4.8.3/../../../../arm-none-eabi/lib/armv7-m\libg.a(lib_a-init.o)
                0x00082f2c                __libc_init_array
 .text.iprintf  0x00082f7c       0x28 c:/users/phuong/appdata/local/arduino15/packages/arduino/tools/arm-none-eabi-gcc/4.8.3-2014q1/bin/../lib/gcc/arm-none-eabi/4.8.3/../../../../arm-none-eabi/lib/armv7-m\libg.a(lib_a-iprintf.o)
                0x00082f7c                iprintf
 .text.memset   0x00082fa4       0x94 c:/users/phuong/appdata/local/arduino15/packages/arduino/tools/arm-none-eabi-gcc/4.8.3-2014q1/bin/../lib/gcc/arm-none-eabi/4.8.3/../../../../arm-none-eabi/lib/armv7-m\libg.a(lib_a-memset.o)
                0x00082fa4                memset
 .text.strlen   0x00083038       0x60 c:/users/phuong/appdata/local/arduino15/packages/arduino/tools/arm-none-eabi-gcc/4.8.3-2014q1/bin/../lib/gcc/arm-none-eabi/4.8.3/../../../../arm-none-eabi/lib/armv7-m\libg.a(lib_a-strlen.o)
                0x00083038                strlen
 .text.kill     0x00083098       0x10 c:/users/phuong/appdata/local/arduino15/packages/arduino/tools/arm-none-eabi-gcc/4.8.3-2014q1/bin/../lib/gcc/arm-none-eabi/4.8.3/../../../../arm-none-eabi/lib/armv7-m\libg.a(lib_a-syskill.o)
                0x00083098                kill
 .text.__sprint_r.part.0
                0x000830a8       0x78 c:/users/phuong/appdata/local/arduino15/packages/arduino/tools/arm-none-eabi-gcc/4.8.3-2014q1/bin/../lib/gcc/arm-none-eabi/4.8.3/../../../../arm-none-eabi/lib/armv7-m\libg.a(lib_a-vfiprintf.o)
 .text._vfiprintf_r
                0x00083120      0xc54 c:/users/phuong/appdata/local/arduino15/packages/arduino/tools/arm-none-eabi-gcc/4.8.3-2014q1/bin/../lib/gcc/arm-none-eabi/4.8.3/../../../../arm-none-eabi/lib/armv7-m\libg.a(lib_a-vfiprintf.o)
                0x00083120                _vfiprintf_r
 .text.__sbprintf
                0x00083d74       0x7c c:/users/phuong/appdata/local/arduino15/packages/arduino/tools/arm-none-eabi-gcc/4.8.3-2014q1/bin/../lib/gcc/arm-none-eabi/4.8.3/../../../../arm-none-eabi/lib/armv7-m\libg.a(lib_a-vfiprintf.o)
 .text.__swsetup_r
                0x00083df0       0xc4 c:/users/phuong/appdata/local/arduino15/packages/arduino/tools/arm-none-eabi-gcc/4.8.3-2014q1/bin/../lib/gcc/arm-none-eabi/4.8.3/../../../../arm-none-eabi/lib/armv7-m\libg.a(lib_a-wsetup.o)
                0x00083df0                __swsetup_r
 .text.startup.register_fini
                0x00083eb4       0x14 c:/users/phuong/appdata/local/arduino15/packages/arduino/tools/arm-none-eabi-gcc/4.8.3-2014q1/bin/../lib/gcc/arm-none-eabi/4.8.3/../../../../arm-none-eabi/lib/armv7-m\libg.a(lib_a-__call_atexit.o)
 .text.atexit   0x00083ec8        0xc c:/users/phuong/appdata/local/arduino15/packages/arduino/tools/arm-none-eabi-gcc/4.8.3-2014q1/bin/../lib/gcc/arm-none-eabi/4.8.3/../../../../arm-none-eabi/lib/armv7-m\libg.a(lib_a-atexit.o)
                0x00083ec8                atexit
 .text.__sflush_r
                0x00083ed4      0x148 c:/users/phuong/appdata/local/arduino15/packages/arduino/tools/arm-none-eabi-gcc/4.8.3-2014q1/bin/../lib/gcc/arm-none-eabi/4.8.3/../../../../arm-none-eabi/lib/armv7-m\libg.a(lib_a-fflush.o)
                0x00083ed4                __sflush_r
 .text._fflush_r
                0x0008401c       0x2c c:/users/phuong/appdata/local/arduino15/packages/arduino/tools/arm-none-eabi-gcc/4.8.3-2014q1/bin/../lib/gcc/arm-none-eabi/4.8.3/../../../../arm-none-eabi/lib/armv7-m\libg.a(lib_a-fflush.o)
                0x0008401c                _fflush_r
 .text._cleanup_r
                0x00084048        0xc c:/users/phuong/appdata/local/arduino15/packages/arduino/tools/arm-none-eabi-gcc/4.8.3-2014q1/bin/../lib/gcc/arm-none-eabi/4.8.3/../../../../arm-none-eabi/lib/armv7-m\libg.a(lib_a-findfp.o)
                0x00084048                _cleanup_r
 .text.__sinit  0x00084054       0xf4 c:/users/phuong/appdata/local/arduino15/packages/arduino/tools/arm-none-eabi-gcc/4.8.3-2014q1/bin/../lib/gcc/arm-none-eabi/4.8.3/../../../../arm-none-eabi/lib/armv7-m\libg.a(lib_a-findfp.o)
                0x00084054                __sinit
 .text.__sfp_lock_acquire
                0x00084148        0x4 c:/users/phuong/appdata/local/arduino15/packages/arduino/tools/arm-none-eabi-gcc/4.8.3-2014q1/bin/../lib/gcc/arm-none-eabi/4.8.3/../../../../arm-none-eabi/lib/armv7-m\libg.a(lib_a-findfp.o)
                0x00084148                __sfp_lock_acquire
 .text.__sfp_lock_release
                0x0008414c        0x4 c:/users/phuong/appdata/local/arduino15/packages/arduino/tools/arm-none-eabi-gcc/4.8.3-2014q1/bin/../lib/gcc/arm-none-eabi/4.8.3/../../../../arm-none-eabi/lib/armv7-m\libg.a(lib_a-findfp.o)
                0x0008414c                __sfp_lock_release
 .text.__libc_fini_array
                0x00084150       0x30 c:/users/phuong/appdata/local/arduino15/packages/arduino/tools/arm-none-eabi-gcc/4.8.3-2014q1/bin/../lib/gcc/arm-none-eabi/4.8.3/../../../../arm-none-eabi/lib/armv7-m\libg.a(lib_a-fini.o)
                0x00084150                __libc_fini_array
 .text._fputwc_r
                0x00084180       0xc0 c:/users/phuong/appdata/local/arduino15/packages/arduino/tools/arm-none-eabi-gcc/4.8.3-2014q1/bin/../lib/gcc/arm-none-eabi/4.8.3/../../../../arm-none-eabi/lib/armv7-m\libg.a(lib_a-fputwc.o)
                0x00084180                _fputwc_r
 .text._malloc_trim_r
                0x00084240       0x9c c:/users/phuong/appdata/local/arduino15/packages/arduino/tools/arm-none-eabi-gcc/4.8.3-2014q1/bin/../lib/gcc/arm-none-eabi/4.8.3/../../../../arm-none-eabi/lib/armv7-m\libg.a(lib_a-freer.o)
                0x00084240                _malloc_trim_r
 .text._free_r  0x000842dc      0x198 c:/users/phuong/appdata/local/arduino15/packages/arduino/tools/arm-none-eabi-gcc/4.8.3-2014q1/bin/../lib/gcc/arm-none-eabi/4.8.3/../../../../arm-none-eabi/lib/armv7-m\libg.a(lib_a-freer.o)
                0x000842dc                _free_r
 .text.__sfvwrite_r
                0x00084474      0x314 c:/users/phuong/appdata/local/arduino15/packages/arduino/tools/arm-none-eabi-gcc/4.8.3-2014q1/bin/../lib/gcc/arm-none-eabi/4.8.3/../../../../arm-none-eabi/lib/armv7-m\libg.a(lib_a-fvwrite.o)
                0x00084474                __sfvwrite_r
 .text._fwalk   0x00084788       0x48 c:/users/phuong/appdata/local/arduino15/packages/arduino/tools/arm-none-eabi-gcc/4.8.3-2014q1/bin/../lib/gcc/arm-none-eabi/4.8.3/../../../../arm-none-eabi/lib/armv7-m\libg.a(lib_a-fwalk.o)
                0x00084788                _fwalk
 .text.__locale_charset
                0x000847d0        0x8 c:/users/phuong/appdata/local/arduino15/packages/arduino/tools/arm-none-eabi-gcc/4.8.3-2014q1/bin/../lib/gcc/arm-none-eabi/4.8.3/../../../../arm-none-eabi/lib/armv7-m\libg.a(lib_a-locale.o)
                0x000847d0                __locale_charset
 .text.__locale_mb_cur_max
                0x000847d8        0xc c:/users/phuong/appdata/local/arduino15/packages/arduino/tools/arm-none-eabi-gcc/4.8.3-2014q1/bin/../lib/gcc/arm-none-eabi/4.8.3/../../../../arm-none-eabi/lib/armv7-m\libg.a(lib_a-locale.o)
                0x000847d8                __locale_mb_cur_max
 .text.__smakebuf_r
                0x000847e4       0xe0 c:/users/phuong/appdata/local/arduino15/packages/arduino/tools/arm-none-eabi-gcc/4.8.3-2014q1/bin/../lib/gcc/arm-none-eabi/4.8.3/../../../../arm-none-eabi/lib/armv7-m\libg.a(lib_a-makebuf.o)
                0x000847e4                __smakebuf_r
 .text._malloc_r
                0x000848c4      0x538 c:/users/phuong/appdata/local/arduino15/packages/arduino/tools/arm-none-eabi-gcc/4.8.3-2014q1/bin/../lib/gcc/arm-none-eabi/4.8.3/../../../../arm-none-eabi/lib/armv7-m\libg.a(lib_a-mallocr.o)
                0x000848c4                _malloc_r
 .text.memchr   0x00084dfc       0x94 c:/users/phuong/appdata/local/arduino15/packages/arduino/tools/arm-none-eabi-gcc/4.8.3-2014q1/bin/../lib/gcc/arm-none-eabi/4.8.3/../../../../arm-none-eabi/lib/armv7-m\libg.a(lib_a-memchr-stub.o)
                0x00084dfc                memchr
 .text          0x00084e90       0xec c:/users/phuong/appdata/local/arduino15/packages/arduino/tools/arm-none-eabi-gcc/4.8.3-2014q1/bin/../lib/gcc/arm-none-eabi/4.8.3/../../../../arm-none-eabi/lib/armv7-m\libg.a(lib_a-memcpy.o)
                0x00084e90                memcpy
 .text.memmove  0x00084f7c       0xcc c:/users/phuong/appdata/local/arduino15/packages/arduino/tools/arm-none-eabi-gcc/4.8.3-2014q1/bin/../lib/gcc/arm-none-eabi/4.8.3/../../../../arm-none-eabi/lib/armv7-m\libg.a(lib_a-memmove.o)
                0x00084f7c                memmove
 .text.__malloc_lock
                0x00085048        0x4 c:/users/phuong/appdata/local/arduino15/packages/arduino/tools/arm-none-eabi-gcc/4.8.3-2014q1/bin/../lib/gcc/arm-none-eabi/4.8.3/../../../../arm-none-eabi/lib/armv7-m\libg.a(lib_a-mlock.o)
                0x00085048                __malloc_lock
 .text.__malloc_unlock
                0x0008504c        0x4 c:/users/phuong/appdata/local/arduino15/packages/arduino/tools/arm-none-eabi-gcc/4.8.3-2014q1/bin/../lib/gcc/arm-none-eabi/4.8.3/../../../../arm-none-eabi/lib/armv7-m\libg.a(lib_a-mlock.o)
                0x0008504c                __malloc_unlock
 .text._realloc_r
                0x00085050      0x3c0 c:/users/phuong/appdata/local/arduino15/packages/arduino/tools/arm-none-eabi-gcc/4.8.3-2014q1/bin/../lib/gcc/arm-none-eabi/4.8.3/../../../../arm-none-eabi/lib/armv7-m\libg.a(lib_a-reallocr.o)
                0x00085050                _realloc_r
 .text._sbrk_r  0x00085410       0x24 c:/users/phuong/appdata/local/arduino15/packages/arduino/tools/arm-none-eabi-gcc/4.8.3-2014q1/bin/../lib/gcc/arm-none-eabi/4.8.3/../../../../arm-none-eabi/lib/armv7-m\libg.a(lib_a-sbrkr.o)
                0x00085410                _sbrk_r
 .text._kill_r  0x00085434       0x28 c:/users/phuong/appdata/local/arduino15/packages/arduino/tools/arm-none-eabi-gcc/4.8.3-2014q1/bin/../lib/gcc/arm-none-eabi/4.8.3/../../../../arm-none-eabi/lib/armv7-m\libg.a(lib_a-signalr.o)
                0x00085434                _kill_r
 .text.__sread  0x0008545c       0x24 c:/users/phuong/appdata/local/arduino15/packages/arduino/tools/arm-none-eabi-gcc/4.8.3-2014q1/bin/../lib/gcc/arm-none-eabi/4.8.3/../../../../arm-none-eabi/lib/armv7-m\libg.a(lib_a-stdio.o)
                0x0008545c                __sread
 .text.__swrite
                0x00085480       0x38 c:/users/phuong/appdata/local/arduino15/packages/arduino/tools/arm-none-eabi-gcc/4.8.3-2014q1/bin/../lib/gcc/arm-none-eabi/4.8.3/../../../../arm-none-eabi/lib/armv7-m\libg.a(lib_a-stdio.o)
                0x00085480                __swrite
 .text.__sseek  0x000854b8       0x20 c:/users/phuong/appdata/local/arduino15/packages/arduino/tools/arm-none-eabi-gcc/4.8.3-2014q1/bin/../lib/gcc/arm-none-eabi/4.8.3/../../../../arm-none-eabi/lib/armv7-m\libg.a(lib_a-stdio.o)
                0x000854b8                __sseek
 .text.__sclose
                0x000854d8        0x8 c:/users/phuong/appdata/local/arduino15/packages/arduino/tools/arm-none-eabi-gcc/4.8.3-2014q1/bin/../lib/gcc/arm-none-eabi/4.8.3/../../../../arm-none-eabi/lib/armv7-m\libg.a(lib_a-stdio.o)
                0x000854d8                __sclose
 .text.__swbuf_r
                0x000854e0       0xa8 c:/users/phuong/appdata/local/arduino15/packages/arduino/tools/arm-none-eabi-gcc/4.8.3-2014q1/bin/../lib/gcc/arm-none-eabi/4.8.3/../../../../arm-none-eabi/lib/armv7-m\libg.a(lib_a-wbuf.o)
                0x000854e0                __swbuf_r
 .text._wcrtomb_r
                0x00085588       0x50 c:/users/phuong/appdata/local/arduino15/packages/arduino/tools/arm-none-eabi-gcc/4.8.3-2014q1/bin/../lib/gcc/arm-none-eabi/4.8.3/../../../../arm-none-eabi/lib/armv7-m\libg.a(lib_a-wcrtomb.o)
                0x00085588                _wcrtomb_r
 .text.__ascii_wctomb
                0x000855d8       0x1c c:/users/phuong/appdata/local/arduino15/packages/arduino/tools/arm-none-eabi-gcc/4.8.3-2014q1/bin/../lib/gcc/arm-none-eabi/4.8.3/../../../../arm-none-eabi/lib/armv7-m\libg.a(lib_a-wctomb_r.o)
                0x000855d8                __ascii_wctomb
 .text._write_r
                0x000855f4       0x28 c:/users/phuong/appdata/local/arduino15/packages/arduino/tools/arm-none-eabi-gcc/4.8.3-2014q1/bin/../lib/gcc/arm-none-eabi/4.8.3/../../../../arm-none-eabi/lib/armv7-m\libg.a(lib_a-writer.o)
                0x000855f4                _write_r
 .text.__register_exitproc
                0x0008561c       0xa8 c:/users/phuong/appdata/local/arduino15/packages/arduino/tools/arm-none-eabi-gcc/4.8.3-2014q1/bin/../lib/gcc/arm-none-eabi/4.8.3/../../../../arm-none-eabi/lib/armv7-m\libg.a(lib_a-__atexit.o)
                0x0008561c                __register_exitproc
 .text._close_r
                0x000856c4       0x24 c:/users/phuong/appdata/local/arduino15/packages/arduino/tools/arm-none-eabi-gcc/4.8.3-2014q1/bin/../lib/gcc/arm-none-eabi/4.8.3/../../../../arm-none-eabi/lib/armv7-m\libg.a(lib_a-closer.o)
                0x000856c4                _close_r
 .text._fclose_r
                0x000856e8       0x80 c:/users/phuong/appdata/local/arduino15/packages/arduino/tools/arm-none-eabi-gcc/4.8.3-2014q1/bin/../lib/gcc/arm-none-eabi/4.8.3/../../../../arm-none-eabi/lib/armv7-m\libg.a(lib_a-fclose.o)
                0x000856e8                _fclose_r
 .text.fclose   0x00085768       0x10 c:/users/phuong/appdata/local/arduino15/packages/arduino/tools/arm-none-eabi-gcc/4.8.3-2014q1/bin/../lib/gcc/arm-none-eabi/4.8.3/../../../../arm-none-eabi/lib/armv7-m\libg.a(lib_a-fclose.o)
                0x00085768                fclose
 .text._fstat_r
                0x00085778       0x28 c:/users/phuong/appdata/local/arduino15/packages/arduino/tools/arm-none-eabi-gcc/4.8.3-2014q1/bin/../lib/gcc/arm-none-eabi/4.8.3/../../../../arm-none-eabi/lib/armv7-m\libg.a(lib_a-fstatr.o)
                0x00085778                _fstat_r
 .text._isatty_r
                0x000857a0       0x24 c:/users/phuong/appdata/local/arduino15/packages/arduino/tools/arm-none-eabi-gcc/4.8.3-2014q1/bin/../lib/gcc/arm-none-eabi/4.8.3/../../../../arm-none-eabi/lib/armv7-m\libg.a(lib_a-isattyr.o)
                0x000857a0                _isatty_r
 .text._lseek_r
                0x000857c4       0x28 c:/users/phuong/appdata/local/arduino15/packages/arduino/tools/arm-none-eabi-gcc/4.8.3-2014q1/bin/../lib/gcc/arm-none-eabi/4.8.3/../../../../arm-none-eabi/lib/armv7-m\libg.a(lib_a-lseekr.o)
                0x000857c4                _lseek_r
 .text._read_r  0x000857ec       0x28 c:/users/phuong/appdata/local/arduino15/packages/arduino/tools/arm-none-eabi-gcc/4.8.3-2014q1/bin/../lib/gcc/arm-none-eabi/4.8.3/../../../../arm-none-eabi/lib/armv7-m\libg.a(lib_a-readr.o)
                0x000857ec                _read_r
 .text          0x00085814       0x2c c:/users/phuong/appdata/local/arduino15/packages/arduino/tools/arm-none-eabi-gcc/4.8.3-2014q1/bin/../lib/gcc/arm-none-eabi/4.8.3/armv7-m\libgcc.a(_aeabi_uldivmod.o)
                0x00085814                __aeabi_uldivmod
 .text          0x00085840       0x60 c:/users/phuong/appdata/local/arduino15/packages/arduino/tools/arm-none-eabi-gcc/4.8.3-2014q1/bin/../lib/gcc/arm-none-eabi/4.8.3/armv7-m\libgcc.a(bpabi.o)
                0x00085840                __gnu_ldivmod_helper
                0x00085870                __gnu_uldivmod_helper
 .text          0x000858a0        0x4 c:/users/phuong/appdata/local/arduino15/packages/arduino/tools/arm-none-eabi-gcc/4.8.3-2014q1/bin/../lib/gcc/arm-none-eabi/4.8.3/armv7-m\libgcc.a(_dvmd_tls.o)
                0x000858a0                __aeabi_idiv0
                0x000858a0                __aeabi_ldiv0
 .text          0x000858a4      0x2a0 c:/users/phuong/appdata/local/arduino15/packages/arduino/tools/arm-none-eabi-gcc/4.8.3-2014q1/bin/../lib/gcc/arm-none-eabi/4.8.3/armv7-m\libgcc.a(_divdi3.o)
                0x000858a4                __divdi3
 .text          0x00085b44      0x290 c:/users/phuong/appdata/local/arduino15/packages/arduino/tools/arm-none-eabi-gcc/4.8.3-2014q1/bin/../lib/gcc/arm-none-eabi/4.8.3/armv7-m\libgcc.a(_udivdi3.o)
                0x00085b44                __udivdi3
 *(.glue_7t)
 .glue_7t       0x00000000        0x0 linker stubs
 *(.glue_7)
 .glue_7        0x00000000        0x0 linker stubs
 *(.rodata .rodata* .gnu.linkonce.r.*)
 .rodata.str1.1
                0x00085dd4       0x4f C:\Users\Phuong\AppData\Local\Temp\VMBuilds\Sketch2\arduino_due_x_dbg\Release\Sketch2.cpp.o
 .rodata        0x00085e23        0x6 C:\Users\Phuong\AppData\Local\Temp\VMBuilds\Sketch2\arduino_due_x_dbg\Release\Ethernet\EthernetUdp.cpp.o
 *fill*         0x00085e29        0x7 
 .rodata._ZTV11EthernetUDP
                0x00085e30       0x50 C:\Users\Phuong\AppData\Local\Temp\VMBuilds\Sketch2\arduino_due_x_dbg\Release\Ethernet\EthernetUdp.cpp.o
                0x00085e30                vtable for EthernetUDP
 .rodata.g_APinDescription
                0x00085e80      0xa2c C:\Users\Phuong\AppData\Local\Temp\VMBuilds\Sketch2\arduino_due_x_dbg\Release\variant\variant.cpp.o
                0x00085e80                g_APinDescription
 .rodata        0x000868ac       0x40 C:\Users\Phuong\AppData\Local\arduino15\packages\arduino\hardware\sam\1.6.11\variants\arduino_due_x/libsam_sam3x8e_gcc_rel.a(adc.o)
 .rodata.str1.1
                0x000868ec       0x19 C:\Users\Phuong\AppData\Local\Temp\VMBuilds\Sketch2\arduino_due_x_dbg\Release/core.a(syscalls_sam3.c.o)
 *fill*         0x00086905        0x3 
 .rodata._ZTV9IPAddress
                0x00086908       0x10 C:\Users\Phuong\AppData\Local\Temp\VMBuilds\Sketch2\arduino_due_x_dbg\Release/core.a(IPAddress.cpp.o)
                0x00086908                vtable for IPAddress
 .rodata._ZTV9UARTClass
                0x00086918       0x30 C:\Users\Phuong\AppData\Local\Temp\VMBuilds\Sketch2\arduino_due_x_dbg\Release/core.a(UARTClass.cpp.o)
                0x00086918                vtable for UARTClass
 .rodata._ZTV10USARTClass
                0x00086948       0x30 C:\Users\Phuong\AppData\Local\Temp\VMBuilds\Sketch2\arduino_due_x_dbg\Release/core.a(USARTClass.cpp.o)
                0x00086948                vtable for USARTClass
 .rodata.STRING_PRODUCT
                0x00086978        0xc C:\Users\Phuong\AppData\Local\Temp\VMBuilds\Sketch2\arduino_due_x_dbg\Release/core.a(USBCore.cpp.o)
                0x00086978                STRING_PRODUCT
 .rodata.USB_DeviceDescriptor
                0x00086984       0x12 C:\Users\Phuong\AppData\Local\Temp\VMBuilds\Sketch2\arduino_due_x_dbg\Release/core.a(USBCore.cpp.o)
                0x00086984                USB_DeviceDescriptor
 .rodata.STRING_LANGUAGE
                0x00086996        0x4 C:\Users\Phuong\AppData\Local\Temp\VMBuilds\Sketch2\arduino_due_x_dbg\Release/core.a(USBCore.cpp.o)
                0x00086996                STRING_LANGUAGE
 .rodata._ZL18test_packet_buffer
                0x0008699a       0x35 C:\Users\Phuong\AppData\Local\Temp\VMBuilds\Sketch2\arduino_due_x_dbg\Release/core.a(USBCore.cpp.o)
 .rodata.STRING_MANUFACTURER
                0x000869cf        0xc C:\Users\Phuong\AppData\Local\Temp\VMBuilds\Sketch2\arduino_due_x_dbg\Release/core.a(USBCore.cpp.o)
                0x000869cf                STRING_MANUFACTURER
 .rodata.USB_DeviceDescriptorA
                0x000869db       0x12 C:\Users\Phuong\AppData\Local\Temp\VMBuilds\Sketch2\arduino_due_x_dbg\Release/core.a(USBCore.cpp.o)
                0x000869db                USB_DeviceDescriptorA
 .rodata._ZL19USB_DeviceQualifier
                0x000869ed        0x9 C:\Users\Phuong\AppData\Local\Temp\VMBuilds\Sketch2\arduino_due_x_dbg\Release/core.a(USBCore.cpp.o)
 *fill*         0x000869f6        0x2 
 .rodata._ZTV7Serial_
                0x000869f8       0x28 C:\Users\Phuong\AppData\Local\Temp\VMBuilds\Sketch2\arduino_due_x_dbg\Release/core.a(CDC.cpp.o)
                0x000869f8                vtable for Serial_
 .rodata._ZL18_cdcOtherInterface
                0x00086a20       0x42 C:\Users\Phuong\AppData\Local\Temp\VMBuilds\Sketch2\arduino_due_x_dbg\Release/core.a(CDC.cpp.o)
 .rodata._ZL13_cdcInterface
                0x00086a62       0x42 C:\Users\Phuong\AppData\Local\Temp\VMBuilds\Sketch2\arduino_due_x_dbg\Release/core.a(CDC.cpp.o)
 .rodata.str1.4
                0x00086aa4        0x2 c:/users/phuong/appdata/local/arduino15/packages/arduino/tools/arm-none-eabi-gcc/4.8.3-2014q1/bin/../lib/gcc/arm-none-eabi/4.8.3/../../../../arm-none-eabi/lib/armv7-m\libg.a(lib_a-impure.o)
                                  0x4 (size before relaxing)
 *fill*         0x00086aa6        0x2 
 .rodata._global_impure_ptr
                0x00086aa8        0x4 c:/users/phuong/appdata/local/arduino15/packages/arduino/tools/arm-none-eabi-gcc/4.8.3-2014q1/bin/../lib/gcc/arm-none-eabi/4.8.3/../../../../arm-none-eabi/lib/armv7-m\libg.a(lib_a-impure.o)
                0x00086aa8                _global_impure_ptr
 .rodata.blanks.6717
                0x00086aac       0x10 c:/users/phuong/appdata/local/arduino15/packages/arduino/tools/arm-none-eabi-gcc/4.8.3-2014q1/bin/../lib/gcc/arm-none-eabi/4.8.3/../../../../arm-none-eabi/lib/armv7-m\libg.a(lib_a-vfiprintf.o)
 .rodata.str1.4
                0x00086abc       0x30 c:/users/phuong/appdata/local/arduino15/packages/arduino/tools/arm-none-eabi-gcc/4.8.3-2014q1/bin/../lib/gcc/arm-none-eabi/4.8.3/../../../../arm-none-eabi/lib/armv7-m\libg.a(lib_a-vfiprintf.o)
 .rodata.zeroes.6718
                0x00086aec       0x10 c:/users/phuong/appdata/local/arduino15/packages/arduino/tools/arm-none-eabi-gcc/4.8.3-2014q1/bin/../lib/gcc/arm-none-eabi/4.8.3/../../../../arm-none-eabi/lib/armv7-m\libg.a(lib_a-vfiprintf.o)
 *(.ARM.extab* .gnu.linkonce.armextab.*)
                0x00086afc                . = ALIGN (0x4)
 *(.init)
 .init          0x00086afc        0x4 c:/users/phuong/appdata/local/arduino15/packages/arduino/tools/arm-none-eabi-gcc/4.8.3-2014q1/bin/../lib/gcc/arm-none-eabi/4.8.3/armv7-m/crti.o
                0x00086afc                _init
 .init          0x00086b00        0x8 c:/users/phuong/appdata/local/arduino15/packages/arduino/tools/arm-none-eabi-gcc/4.8.3-2014q1/bin/../lib/gcc/arm-none-eabi/4.8.3/armv7-m/crtn.o
                0x00086b08                . = ALIGN (0x4)
                0x00086b08                __preinit_array_start = .
 *(.preinit_array)
                0x00086b08                __preinit_array_end = .
                0x00086b08                . = ALIGN (0x4)
                0x00086b08                __init_array_start = .
 *(SORT(.init_array.*))
 .init_array.00000
                0x00086b08        0x4 c:/users/phuong/appdata/local/arduino15/packages/arduino/tools/arm-none-eabi-gcc/4.8.3-2014q1/bin/../lib/gcc/arm-none-eabi/4.8.3/../../../../arm-none-eabi/lib/armv7-m\libg.a(lib_a-__call_atexit.o)
 *(.init_array)
 .init_array    0x00086b0c        0x4 c:/users/phuong/appdata/local/arduino15/packages/arduino/tools/arm-none-eabi-gcc/4.8.3-2014q1/bin/../lib/gcc/arm-none-eabi/4.8.3/armv7-m/crtbegin.o
 .init_array    0x00086b10        0x4 C:\Users\Phuong\AppData\Local\Temp\VMBuilds\Sketch2\arduino_due_x_dbg\Release\Sketch2.cpp.o
 .init_array    0x00086b14        0x4 C:\Users\Phuong\AppData\Local\Temp\VMBuilds\Sketch2\arduino_due_x_dbg\Release\SPI\SPI.cpp.o
 .init_array    0x00086b18        0x4 C:\Users\Phuong\AppData\Local\Temp\VMBuilds\Sketch2\arduino_due_x_dbg\Release\Ethernet\Dhcp.cpp.o
 .init_array    0x00086b1c        0x4 C:\Users\Phuong\AppData\Local\Temp\VMBuilds\Sketch2\arduino_due_x_dbg\Release\Ethernet\Dns.cpp.o
 .init_array    0x00086b20        0x4 C:\Users\Phuong\AppData\Local\Temp\VMBuilds\Sketch2\arduino_due_x_dbg\Release\Ethernet\Ethernet.cpp.o
 .init_array    0x00086b24        0x4 C:\Users\Phuong\AppData\Local\Temp\VMBuilds\Sketch2\arduino_due_x_dbg\Release\Ethernet\EthernetClient.cpp.o
 .init_array    0x00086b28        0x4 C:\Users\Phuong\AppData\Local\Temp\VMBuilds\Sketch2\arduino_due_x_dbg\Release\Ethernet\EthernetServer.cpp.o
 .init_array    0x00086b2c        0x4 C:\Users\Phuong\AppData\Local\Temp\VMBuilds\Sketch2\arduino_due_x_dbg\Release\Ethernet\EthernetUdp.cpp.o
 .init_array    0x00086b30        0x4 C:\Users\Phuong\AppData\Local\Temp\VMBuilds\Sketch2\arduino_due_x_dbg\Release\variant\variant.cpp.o
 .init_array    0x00086b34        0x4 C:\Users\Phuong\AppData\Local\Temp\VMBuilds\Sketch2\arduino_due_x_dbg\Release/core.a(IPAddress.cpp.o)
 .init_array    0x00086b38        0x4 C:\Users\Phuong\AppData\Local\Temp\VMBuilds\Sketch2\arduino_due_x_dbg\Release/core.a(USBCore.cpp.o)
 .init_array    0x00086b3c        0x4 C:\Users\Phuong\AppData\Local\Temp\VMBuilds\Sketch2\arduino_due_x_dbg\Release/core.a(CDC.cpp.o)
                0x00086b40                __init_array_end = .
                0x00086b40                . = ALIGN (0x4)
 *crtbegin.o(.ctors)
 *(EXCLUDE_FILE(*crtend.o) .ctors)
 *(SORT(.ctors.*))
 *crtend.o(.ctors)
                0x00086b40                . = ALIGN (0x4)
 *(.fini)
 .fini          0x00086b40        0x4 c:/users/phuong/appdata/local/arduino15/packages/arduino/tools/arm-none-eabi-gcc/4.8.3-2014q1/bin/../lib/gcc/arm-none-eabi/4.8.3/armv7-m/crti.o
                0x00086b40                _fini
 .fini          0x00086b44        0x8 c:/users/phuong/appdata/local/arduino15/packages/arduino/tools/arm-none-eabi-gcc/4.8.3-2014q1/bin/../lib/gcc/arm-none-eabi/4.8.3/armv7-m/crtn.o
                0x00086b4c                . = ALIGN (0x4)
                0x00086b4c                __fini_array_start = .
 *(.fini_array)
 .fini_array    0x00086b4c        0x4 c:/users/phuong/appdata/local/arduino15/packages/arduino/tools/arm-none-eabi-gcc/4.8.3-2014q1/bin/../lib/gcc/arm-none-eabi/4.8.3/armv7-m/crtbegin.o
 *(SORT(.fini_array.*))
                0x00086b50                __fini_array_end = .
 *crtbegin.o(.dtors)
 *(EXCLUDE_FILE(*crtend.o) .dtors)
 *(SORT(.dtors.*))
 *crtend.o(.dtors)
                0x00086b50                . = ALIGN (0x4)
                0x00086b50                _efixed = .
                0x00086b50                PROVIDE (__exidx_start, .)

.vfp11_veneer   0x00086b50        0x0
 .vfp11_veneer  0x00000000        0x0 linker stubs

.v4_bx          0x00086b50        0x0
 .v4_bx         0x00000000        0x0 linker stubs

.iplt           0x00086b50        0x0
 .iplt          0x00000000        0x0 c:/users/phuong/appdata/local/arduino15/packages/arduino/tools/arm-none-eabi-gcc/4.8.3-2014q1/bin/../lib/gcc/arm-none-eabi/4.8.3/armv7-m/crtbegin.o

.ARM.exidx      0x00086b50        0x8
 *(.ARM.exidx* .gnu.linkonce.armexidx.*)
 .ARM.exidx     0x00086b50        0x8 c:/users/phuong/appdata/local/arduino15/packages/arduino/tools/arm-none-eabi-gcc/4.8.3-2014q1/bin/../lib/gcc/arm-none-eabi/4.8.3/armv7-m\libgcc.a(_divdi3.o)
 .ARM.exidx     0x00086b58        0x0 c:/users/phuong/appdata/local/arduino15/packages/arduino/tools/arm-none-eabi-gcc/4.8.3-2014q1/bin/../lib/gcc/arm-none-eabi/4.8.3/armv7-m\libgcc.a(_udivdi3.o)
                                  0x8 (size before relaxing)
                0x00086b58                PROVIDE (__exidx_end, .)

.eh_frame       0x00086b58        0x0
 .eh_frame      0x00086b58        0x0 c:/users/phuong/appdata/local/arduino15/packages/arduino/tools/arm-none-eabi-gcc/4.8.3-2014q1/bin/../lib/gcc/arm-none-eabi/4.8.3/armv7-m/crtbegin.o

.rel.dyn        0x00086b58        0x0
 .rel.iplt      0x00000000        0x0 c:/users/phuong/appdata/local/arduino15/packages/arduino/tools/arm-none-eabi-gcc/4.8.3-2014q1/bin/../lib/gcc/arm-none-eabi/4.8.3/armv7-m/crtbegin.o

.jcr            0x00086b58        0x0
 .jcr           0x00086b58        0x0 c:/users/phuong/appdata/local/arduino15/packages/arduino/tools/arm-none-eabi-gcc/4.8.3-2014q1/bin/../lib/gcc/arm-none-eabi/4.8.3/armv7-m/crtbegin.o

.igot.plt       0x00086b58        0x0
 .igot.plt      0x00000000        0x0 c:/users/phuong/appdata/local/arduino15/packages/arduino/tools/arm-none-eabi-gcc/4.8.3-2014q1/bin/../lib/gcc/arm-none-eabi/4.8.3/armv7-m/crtbegin.o
                0x00086b58                . = ALIGN (0x4)
                0x00086b58                _etext = .

.relocate       0x20070000      0x8e4 load address 0x00086b58
                0x20070000                . = ALIGN (0x4)
                0x20070000                _srelocate = .
 *(.ramfunc .ramfunc.*)
 .ramfunc       0x20070000       0x2c C:\Users\Phuong\AppData\Local\Temp\VMBuilds\Sketch2\arduino_due_x_dbg\Release/core.a(Reset.cpp.o)
                0x20070000                banzai
 *(.data .data.*)
 .data.mac      0x2007002c        0x6 C:\Users\Phuong\AppData\Local\Temp\VMBuilds\Sketch2\arduino_due_x_dbg\Release\Sketch2.cpp.o
                0x2007002c                mac
 *fill*         0x20070032        0x2 
 .data.localPort
                0x20070034        0x4 C:\Users\Phuong\AppData\Local\Temp\VMBuilds\Sketch2\arduino_due_x_dbg\Release\Sketch2.cpp.o
                0x20070034                localPort
 .data.data     0x20070038        0x4 C:\Users\Phuong\AppData\Local\Temp\VMBuilds\Sketch2\arduino_due_x_dbg\Release\Sketch2.cpp.o
                0x20070038                data
 .data.ipAdress
                0x2007003c        0x4 C:\Users\Phuong\AppData\Local\Temp\VMBuilds\Sketch2\arduino_due_x_dbg\Release\Sketch2.cpp.o
                0x2007003c                ipAdress
 .data.SystemCoreClock
                0x20070040        0x4 C:\Users\Phuong\AppData\Local\arduino15\packages\arduino\hardware\sam\1.6.11\variants\arduino_due_x/libsam_sam3x8e_gcc_rel.a(system_sam3xa.o)
                0x20070040                SystemCoreClock
 .data._ZL5ticks
                0x20070044        0x4 C:\Users\Phuong\AppData\Local\Temp\VMBuilds\Sketch2\arduino_due_x_dbg\Release/core.a(Reset.cpp.o)
 .data.EndPoints
                0x20070048       0x28 C:\Users\Phuong\AppData\Local\Temp\VMBuilds\Sketch2\arduino_due_x_dbg\Release/core.a(USBCore.cpp.o)
                0x20070048                EndPoints
 .data._ZL10breakValue
                0x20070070        0x4 C:\Users\Phuong\AppData\Local\Temp\VMBuilds\Sketch2\arduino_due_x_dbg\Release/core.a(CDC.cpp.o)
 .data._ZL12_usbLineInfo
                0x20070074        0x8 C:\Users\Phuong\AppData\Local\Temp\VMBuilds\Sketch2\arduino_due_x_dbg\Release/core.a(CDC.cpp.o)
 .data.g_interrupt_enabled
                0x2007007c        0x4 C:\Users\Phuong\AppData\Local\arduino15\packages\arduino\hardware\sam\1.6.11\variants\arduino_due_x/libsam_sam3x8e_gcc_rel.a(interrupt_sam_nvic.o)
                0x2007007c                g_interrupt_enabled
 .data.impure_data
                0x20070080      0x428 c:/users/phuong/appdata/local/arduino15/packages/arduino/tools/arm-none-eabi-gcc/4.8.3-2014q1/bin/../lib/gcc/arm-none-eabi/4.8.3/../../../../arm-none-eabi/lib/armv7-m\libg.a(lib_a-impure.o)
 .data._impure_ptr
                0x200704a8        0x4 c:/users/phuong/appdata/local/arduino15/packages/arduino/tools/arm-none-eabi-gcc/4.8.3-2014q1/bin/../lib/gcc/arm-none-eabi/4.8.3/../../../../arm-none-eabi/lib/armv7-m\libg.a(lib_a-impure.o)
                0x200704a8                _impure_ptr
 .data.lc_ctype_charset
                0x200704ac       0x20 c:/users/phuong/appdata/local/arduino15/packages/arduino/tools/arm-none-eabi-gcc/4.8.3-2014q1/bin/../lib/gcc/arm-none-eabi/4.8.3/../../../../arm-none-eabi/lib/armv7-m\libg.a(lib_a-locale.o)
 .data.__mb_cur_max
                0x200704cc        0x4 c:/users/phuong/appdata/local/arduino15/packages/arduino/tools/arm-none-eabi-gcc/4.8.3-2014q1/bin/../lib/gcc/arm-none-eabi/4.8.3/../../../../arm-none-eabi/lib/armv7-m\libg.a(lib_a-locale.o)
                0x200704cc                __mb_cur_max
 .data.__malloc_av_
                0x200704d0      0x408 c:/users/phuong/appdata/local/arduino15/packages/arduino/tools/arm-none-eabi-gcc/4.8.3-2014q1/bin/../lib/gcc/arm-none-eabi/4.8.3/../../../../arm-none-eabi/lib/armv7-m\libg.a(lib_a-mallocr.o)
                0x200704d0                __malloc_av_
 .data.__malloc_trim_threshold
                0x200708d8        0x4 c:/users/phuong/appdata/local/arduino15/packages/arduino/tools/arm-none-eabi-gcc/4.8.3-2014q1/bin/../lib/gcc/arm-none-eabi/4.8.3/../../../../arm-none-eabi/lib/armv7-m\libg.a(lib_a-mallocr.o)
                0x200708d8                __malloc_trim_threshold
 .data.__malloc_sbrk_base
                0x200708dc        0x4 c:/users/phuong/appdata/local/arduino15/packages/arduino/tools/arm-none-eabi-gcc/4.8.3-2014q1/bin/../lib/gcc/arm-none-eabi/4.8.3/../../../../arm-none-eabi/lib/armv7-m\libg.a(lib_a-mallocr.o)
                0x200708dc                __malloc_sbrk_base
 .data.__wctomb